Component: ARM Compiler 5.06 update 4 (build 422) Tool: armlink [4d35d2]

==============================================================================

Section Cross References

    startup_stm32h750xx.o(STACK) refers (Special) to heapauxi.o(.text) for __use_two_region_memory
    startup_stm32h750xx.o(HEAP) refers (Special) to heapauxi.o(.text) for __use_two_region_memory
    startup_stm32h750xx.o(RESET) refers (Special) to heapauxi.o(.text) for __use_two_region_memory
    startup_stm32h750xx.o(RESET) refers to startup_stm32h750xx.o(STACK) for __initial_sp
    startup_stm32h750xx.o(RESET) refers to startup_stm32h750xx.o(.text) for Reset_Handler
    startup_stm32h750xx.o(RESET) refers to stm32h7xx_it_1.o(i.NMI_Handler) for NMI_Handler
    startup_stm32h750xx.o(RESET) refers to stm32h7xx_it_1.o(i.HardFault_Handler) for HardFault_Handler
    startup_stm32h750xx.o(RESET) refers to stm32h7xx_it_1.o(i.MemManage_Handler) for MemManage_Handler
    startup_stm32h750xx.o(RESET) refers to stm32h7xx_it_1.o(i.BusFault_Handler) for BusFault_Handler
    startup_stm32h750xx.o(RESET) refers to stm32h7xx_it_1.o(i.UsageFault_Handler) for UsageFault_Handler
    startup_stm32h750xx.o(RESET) refers to stm32h7xx_it_1.o(i.SVC_Handler) for SVC_Handler
    startup_stm32h750xx.o(RESET) refers to stm32h7xx_it_1.o(i.DebugMon_Handler) for DebugMon_Handler
    startup_stm32h750xx.o(RESET) refers to stm32h7xx_it_1.o(i.PendSV_Handler) for PendSV_Handler
    startup_stm32h750xx.o(RESET) refers to stm32h7xx_it_1.o(i.SysTick_Handler) for SysTick_Handler
    startup_stm32h750xx.o(.text) refers (Special) to heapauxi.o(.text) for __use_two_region_memory
    startup_stm32h750xx.o(.text) refers to system_stm32h7xx_1.o(i.SystemInit) for SystemInit
    startup_stm32h750xx.o(.text) refers to __main.o(!!!main) for __main
    startup_stm32h750xx.o(.text) refers to startup_stm32h750xx.o(HEAP) for Heap_Mem
    startup_stm32h750xx.o(.text) refers to startup_stm32h750xx.o(STACK) for Stack_Mem
    stm32h7xx_hal_dma.o(i.DMA_CalcBaseAndBitshift) refers to stm32h7xx_hal_dma.o(.constdata) for .constdata
    stm32h7xx_hal_dma.o(i.HAL_DMA_Abort) refers to stm32h7xx_hal.o(i.HAL_GetTick) for HAL_GetTick
    stm32h7xx_hal_dma.o(i.HAL_DMA_DeInit) refers to stm32h7xx_hal_dma.o(i.DMA_CalcBaseAndBitshift) for DMA_CalcBaseAndBitshift
    stm32h7xx_hal_dma.o(i.HAL_DMA_DeInit) refers to stm32h7xx_hal_dma.o(i.DMA_CalcDMAMUXChannelBaseAndMask) for DMA_CalcDMAMUXChannelBaseAndMask
    stm32h7xx_hal_dma.o(i.HAL_DMA_DeInit) refers to stm32h7xx_hal_dma.o(i.DMA_CalcDMAMUXRequestGenBaseAndMask) for DMA_CalcDMAMUXRequestGenBaseAndMask
    stm32h7xx_hal_dma.o(i.HAL_DMA_IRQHandler) refers to system_stm32h7xx_1.o(.data) for SystemCoreClock
    stm32h7xx_hal_dma.o(i.HAL_DMA_Init) refers to stm32h7xx_hal.o(i.HAL_GetTick) for HAL_GetTick
    stm32h7xx_hal_dma.o(i.HAL_DMA_Init) refers to stm32h7xx_hal_dma.o(i.DMA_CheckFifoParam) for DMA_CheckFifoParam
    stm32h7xx_hal_dma.o(i.HAL_DMA_Init) refers to stm32h7xx_hal_dma.o(i.DMA_CalcBaseAndBitshift) for DMA_CalcBaseAndBitshift
    stm32h7xx_hal_dma.o(i.HAL_DMA_Init) refers to stm32h7xx_hal_dma.o(i.DMA_CalcDMAMUXChannelBaseAndMask) for DMA_CalcDMAMUXChannelBaseAndMask
    stm32h7xx_hal_dma.o(i.HAL_DMA_Init) refers to stm32h7xx_hal_dma.o(i.DMA_CalcDMAMUXRequestGenBaseAndMask) for DMA_CalcDMAMUXRequestGenBaseAndMask
    stm32h7xx_hal_dma.o(i.HAL_DMA_PollForTransfer) refers to stm32h7xx_hal.o(i.HAL_GetTick) for HAL_GetTick
    stm32h7xx_hal_dma.o(i.HAL_DMA_PollForTransfer) refers to stm32h7xx_hal_dma.o(i.HAL_DMA_Abort) for HAL_DMA_Abort
    stm32h7xx_hal_dma.o(i.HAL_DMA_Start) refers to stm32h7xx_hal_dma.o(i.DMA_SetConfig) for DMA_SetConfig
    stm32h7xx_hal_dma.o(i.HAL_DMA_Start_IT) refers to stm32h7xx_hal_dma.o(i.DMA_SetConfig) for DMA_SetConfig
    stm32h7xx_hal_dma_ex.o(i.HAL_DMAEx_MultiBufferStart) refers to stm32h7xx_hal_dma_ex.o(i.DMA_MultiBufferSetConfig) for DMA_MultiBufferSetConfig
    stm32h7xx_hal_dma_ex.o(i.HAL_DMAEx_MultiBufferStart_IT) refers to stm32h7xx_hal_dma_ex.o(i.DMA_MultiBufferSetConfig) for DMA_MultiBufferSetConfig
    stm32h7xx_hal_dma2d.o(i.HAL_DMA2D_Abort) refers to stm32h7xx_hal.o(i.HAL_GetTick) for HAL_GetTick
    stm32h7xx_hal_dma2d.o(i.HAL_DMA2D_BlendingStart) refers to stm32h7xx_hal_dma2d.o(i.DMA2D_SetConfig) for DMA2D_SetConfig
    stm32h7xx_hal_dma2d.o(i.HAL_DMA2D_BlendingStart_IT) refers to stm32h7xx_hal_dma2d.o(i.DMA2D_SetConfig) for DMA2D_SetConfig
    stm32h7xx_hal_dma2d.o(i.HAL_DMA2D_CLUTLoading_Abort) refers to stm32h7xx_hal.o(i.HAL_GetTick) for HAL_GetTick
    stm32h7xx_hal_dma2d.o(i.HAL_DMA2D_CLUTLoading_Suspend) refers to stm32h7xx_hal.o(i.HAL_GetTick) for HAL_GetTick
    stm32h7xx_hal_dma2d.o(i.HAL_DMA2D_DeInit) refers to stm32h7xx_hal_dma2d.o(i.HAL_DMA2D_Abort) for HAL_DMA2D_Abort
    stm32h7xx_hal_dma2d.o(i.HAL_DMA2D_DeInit) refers to stm32h7xx_hal_dma2d.o(i.HAL_DMA2D_CLUTLoading_Abort) for HAL_DMA2D_CLUTLoading_Abort
[...]
    Removing stm32h7xx_hal_rtc_ex.o(i.HAL_RTCEx_SetCalibrationOutPut), (86 bytes).
    Removing stm32h7xx_hal_rtc_ex.o(i.HAL_RTCEx_SetInternalTimeStamp), (66 bytes).
    Removing stm32h7xx_hal_rtc_ex.o(i.HAL_RTCEx_SetRefClock), (86 bytes).
    Removing stm32h7xx_hal_rtc_ex.o(i.HAL_RTCEx_SetSmoothCalib), (154 bytes).
    Removing stm32h7xx_hal_rtc_ex.o(i.HAL_RTCEx_SetSynchroShift), (166 bytes).
    Removing stm32h7xx_hal_rtc_ex.o(i.HAL_RTCEx_SetTamper), (208 bytes).
    Removing stm32h7xx_hal_rtc_ex.o(i.HAL_RTCEx_SetTamper_IT), (236 bytes).
    Removing stm32h7xx_hal_rtc_ex.o(i.HAL_RTCEx_SetTimeStamp), (82 bytes).
    Removing stm32h7xx_hal_rtc_ex.o(i.HAL_RTCEx_SetTimeStamp_IT), (116 bytes).
    Removing stm32h7xx_hal_rtc_ex.o(i.HAL_RTCEx_SetWakeUpTimer), (172 bytes).
    Removing stm32h7xx_hal_rtc_ex.o(i.HAL_RTCEx_SetWakeUpTimer_IT), (208 bytes).
    Removing stm32h7xx_hal_rtc_ex.o(i.HAL_RTCEx_Tamper1EventCallback), (2 bytes).
    Removing stm32h7xx_hal_rtc_ex.o(i.HAL_RTCEx_Tamper2EventCallback), (2 bytes).
    Removing stm32h7xx_hal_rtc_ex.o(i.HAL_RTCEx_Tamper3EventCallback), (2 bytes).
    Removing stm32h7xx_hal_rtc_ex.o(i.HAL_RTCEx_TamperTimeStampIRQHandler), (176 bytes).
    Removing stm32h7xx_hal_rtc_ex.o(i.HAL_RTCEx_TimeStampEventCallback), (2 bytes).
    Removing stm32h7xx_hal_rtc_ex.o(i.HAL_RTCEx_WakeUpTimerEventCallback), (2 bytes).
    Removing stm32h7xx_hal_rtc_ex.o(i.HAL_RTCEx_WakeUpTimerIRQHandler), (50 bytes).
    Removing stm32h7xx_hal_tim.o(.rev16_text), (4 bytes).
    Removing stm32h7xx_hal_tim.o(.revsh_text), (4 bytes).
    Removing stm32h7xx_hal_tim.o(.rrx_text), (6 bytes).
    Removing stm32h7xx_hal_tim.o(i.HAL_TIM_Base_DeInit), (100 bytes).
    Removing stm32h7xx_hal_tim.o(i.HAL_TIM_Base_GetState), (6 bytes).
    Removing stm32h7xx_hal_tim.o(i.HAL_TIM_Base_MspDeInit), (2 bytes).
    Removing stm32h7xx_hal_tim.o(i.HAL_TIM_Base_MspInit), (2 bytes).
    Removing stm32h7xx_hal_tim.o(i.HAL_TIM_Base_Start_DMA), (204 bytes).
    Removing stm32h7xx_hal_tim.o(i.HAL_TIM_Base_Start_IT), (140 bytes).
    Removing stm32h7xx_hal_tim.o(i.HAL_TIM_Base_Stop), (38 bytes).
    Removing stm32h7xx_hal_tim.o(i.HAL_TIM_Base_Stop_DMA), (58 bytes).
    Removing stm32h7xx_hal_tim.o(i.HAL_TIM_Base_Stop_IT), (48 bytes).
    Removing stm32h7xx_hal_tim.o(i.HAL_TIM_ConfigOCrefClear), (276 bytes).
    Removing stm32h7xx_hal_tim.o(i.HAL_TIM_ConfigTI1Input), (16 bytes).
    Removing stm32h7xx_hal_tim.o(i.HAL_TIM_DMABurstState), (6 bytes).
    Removing stm32h7xx_hal_tim.o(i.HAL_TIM_DMABurst_MultiReadStart), (332 bytes).
    Removing stm32h7xx_hal_tim.o(i.HAL_TIM_DMABurst_MultiWriteStart), (332 bytes).
    Removing stm32h7xx_hal_tim.o(i.HAL_TIM_DMABurst_ReadStart), (18 bytes).
    Removing stm32h7xx_hal_tim.o(i.HAL_TIM_DMABurst_ReadStop), (106 bytes).
    Removing stm32h7xx_hal_tim.o(i.HAL_TIM_DMABurst_WriteStart), (18 bytes).
    Removing stm32h7xx_hal_tim.o(i.HAL_TIM_DMABurst_WriteStop), (106 bytes).
    Removing stm32h7xx_hal_tim.o(i.HAL_TIM_Encoder_DeInit), (76 bytes).
    Removing stm32h7xx_hal_tim.o(i.HAL_TIM_Encoder_GetState), (6 bytes).
    Removing stm32h7xx_hal_tim.o(i.HAL_TIM_Encoder_Init), (176 bytes).
    Removing stm32h7xx_hal_tim.o(i.HAL_TIM_Encoder_MspDeInit), (2 bytes).
    Removing stm32h7xx_hal_tim.o(i.HAL_TIM_Encoder_MspInit), (2 bytes).
    Removing stm32h7xx_hal_tim.o(i.HAL_TIM_Encoder_Start), (146 bytes).
    Removing stm32h7xx_hal_tim.o(i.HAL_TIM_Encoder_Start_DMA), (412 bytes).
    Removing stm32h7xx_hal_tim.o(i.HAL_TIM_Encoder_Start_IT), (188 bytes).
    Removing stm32h7xx_hal_tim.o(i.HAL_TIM_Encoder_Stop), (110 bytes).
    Removing stm32h7xx_hal_tim.o(i.HAL_TIM_Encoder_Stop_DMA), (178 bytes).
    Removing stm32h7xx_hal_tim.o(i.HAL_TIM_Encoder_Stop_IT), (152 bytes).
    Removing stm32h7xx_hal_tim.o(i.HAL_TIM_ErrorCallback), (2 bytes).
    Removing stm32h7xx_hal_tim.o(i.HAL_TIM_GenerateEvent), (38 bytes).
    Removing stm32h7xx_hal_tim.o(i.HAL_TIM_GetActiveChannel), (4 bytes).
    Removing stm32h7xx_hal_tim.o(i.HAL_TIM_GetChannelState), (54 bytes).
    Removing stm32h7xx_hal_tim.o(i.HAL_TIM_IC_CaptureCallback), (2 bytes).
    Removing stm32h7xx_hal_tim.o(i.HAL_TIM_IC_CaptureHalfCpltCallback), (2 bytes).
    Removing stm32h7xx_hal_tim.o(i.HAL_TIM_IC_ConfigChannel), (288 bytes).
    Removing stm32h7xx_hal_tim.o(i.HAL_TIM_IC_DeInit), (100 bytes).
    Removing stm32h7xx_hal_tim.o(i.HAL_TIM_IC_GetState), (6 bytes).
    Removing stm32h7xx_hal_tim.o(i.HAL_TIM_IC_Init), (98 bytes).
    Removing stm32h7xx_hal_tim.o(i.HAL_TIM_IC_MspDeInit), (2 bytes).
    Removing stm32h7xx_hal_tim.o(i.HAL_TIM_IC_MspInit), (2 bytes).
    Removing stm32h7xx_hal_tim.o(i.HAL_TIM_IC_Start), (292 bytes).
    Removing stm32h7xx_hal_tim.o(i.HAL_TIM_IC_Start_DMA), (528 bytes).
    Removing stm32h7xx_hal_tim.o(i.HAL_TIM_IC_Start_IT), (352 bytes).
    Removing stm32h7xx_hal_tim.o(i.HAL_TIM_IC_Stop), (116 bytes).
    Removing stm32h7xx_hal_tim.o(i.HAL_TIM_IC_Stop_DMA), (194 bytes).
    Removing stm32h7xx_hal_tim.o(i.HAL_TIM_IC_Stop_IT), (180 bytes).
    Removing stm32h7xx_hal_tim.o(i.HAL_TIM_IRQHandler), (388 bytes).
    Removing stm32h7xx_hal_tim.o(i.HAL_TIM_OC_DeInit), (100 bytes).
    Removing stm32h7xx_hal_tim.o(i.HAL_TIM_OC_DelayElapsedCallback), (2 bytes).
    Removing stm32h7xx_hal_tim.o(i.HAL_TIM_OC_GetState), (6 bytes).
    Removing stm32h7xx_hal_tim.o(i.HAL_TIM_OC_MspDeInit), (2 bytes).
    Removing stm32h7xx_hal_tim.o(i.HAL_TIM_OC_MspInit), (2 bytes).
    Removing stm32h7xx_hal_tim.o(i.HAL_TIM_OC_Start_DMA), (568 bytes).
    Removing stm32h7xx_hal_tim.o(i.HAL_TIM_OC_Start_IT), (340 bytes).
    Removing stm32h7xx_hal_tim.o(i.HAL_TIM_OC_Stop), (172 bytes).
    Removing stm32h7xx_hal_tim.o(i.HAL_TIM_OC_Stop_DMA), (256 bytes).
    Removing stm32h7xx_hal_tim.o(i.HAL_TIM_OC_Stop_IT), (236 bytes).
    Removing stm32h7xx_hal_tim.o(i.HAL_TIM_OnePulse_ConfigChannel), (248 bytes).
    Removing stm32h7xx_hal_tim.o(i.HAL_TIM_OnePulse_DeInit), (76 bytes).
    Removing stm32h7xx_hal_tim.o(i.HAL_TIM_OnePulse_GetState), (6 bytes).
    Removing stm32h7xx_hal_tim.o(i.HAL_TIM_OnePulse_Init), (94 bytes).
    Removing stm32h7xx_hal_tim.o(i.HAL_TIM_OnePulse_MspDeInit), (2 bytes).
    Removing stm32h7xx_hal_tim.o(i.HAL_TIM_OnePulse_MspInit), (2 bytes).
    Removing stm32h7xx_hal_tim.o(i.HAL_TIM_OnePulse_Start), (144 bytes).
    Removing stm32h7xx_hal_tim.o(i.HAL_TIM_OnePulse_Start_IT), (164 bytes).
    Removing stm32h7xx_hal_tim.o(i.HAL_TIM_OnePulse_Stop), (148 bytes).
    Removing stm32h7xx_hal_tim.o(i.HAL_TIM_OnePulse_Stop_IT), (168 bytes).
    Removing stm32h7xx_hal_tim.o(i.HAL_TIM_PWM_DeInit), (100 bytes).
    Removing stm32h7xx_hal_tim.o(i.HAL_TIM_PWM_GetState), (6 bytes).
    Removing stm32h7xx_hal_tim.o(i.HAL_TIM_PWM_MspDeInit), (2 bytes).
    Removing stm32h7xx_hal_tim.o(i.HAL_TIM_PWM_MspInit), (2 bytes).
    Removing stm32h7xx_hal_tim.o(i.HAL_TIM_PWM_PulseFinishedCallback), (2 bytes).
    Removing stm32h7xx_hal_tim.o(i.HAL_TIM_PWM_PulseFinishedHalfCpltCallback), (2 bytes).
    Removing stm32h7xx_hal_tim.o(i.HAL_TIM_PWM_Start_DMA), (568 bytes).
    Removing stm32h7xx_hal_tim.o(i.HAL_TIM_PWM_Start_IT), (340 bytes).
    Removing stm32h7xx_hal_tim.o(i.HAL_TIM_PWM_Stop), (172 bytes).
    Removing stm32h7xx_hal_tim.o(i.HAL_TIM_PWM_Stop_DMA), (256 bytes).
    Removing stm32h7xx_hal_tim.o(i.HAL_TIM_PWM_Stop_IT), (236 bytes).
    Removing stm32h7xx_hal_tim.o(i.HAL_TIM_PeriodElapsedCallback), (2 bytes).
    Removing stm32h7xx_hal_tim.o(i.HAL_TIM_PeriodElapsedHalfCpltCallback), (2 bytes).
    Removing stm32h7xx_hal_tim.o(i.HAL_TIM_ReadCapturedValue), (42 bytes).
    Removing stm32h7xx_hal_tim.o(i.HAL_TIM_SlaveConfigSynchro), (82 bytes).
    Removing stm32h7xx_hal_tim.o(i.HAL_TIM_SlaveConfigSynchro_IT), (82 bytes).
    Removing stm32h7xx_hal_tim.o(i.HAL_TIM_TriggerCallback), (2 bytes).
    Removing stm32h7xx_hal_tim.o(i.HAL_TIM_TriggerHalfCpltCallback), (2 bytes).
    Removing stm32h7xx_hal_tim.o(i.TIM_DMACaptureCplt), (110 bytes).
    Removing stm32h7xx_hal_tim.o(i.TIM_DMACaptureHalfCplt), (56 bytes).
    Removing stm32h7xx_hal_tim.o(i.TIM_DMADelayPulseCplt), (94 bytes).
    Removing stm32h7xx_hal_tim.o(i.TIM_DMADelayPulseHalfCplt), (56 bytes).
    Removing stm32h7xx_hal_tim.o(i.TIM_DMAError), (84 bytes).
    Removing stm32h7xx_hal_tim.o(i.TIM_DMAPeriodElapsedCplt), (22 bytes).
    Removing stm32h7xx_hal_tim.o(i.TIM_DMAPeriodElapsedHalfCplt), (10 bytes).
    Removing stm32h7xx_hal_tim.o(i.TIM_DMATriggerCplt), (22 bytes).
    Removing stm32h7xx_hal_tim.o(i.TIM_DMATriggerHalfCplt), (10 bytes).
    Removing stm32h7xx_hal_tim.o(i.TIM_SlaveTimer_SetConfig), (216 bytes).
    Removing stm32h7xx_hal_tim.o(i.TIM_TI1_SetConfig), (128 bytes).
    Removing stm32h7xx_hal_tim.o(i.TIM_TI2_SetConfig), (54 bytes).
    Removing stm32h7xx_hal_tim_ex.o(.rev16_text), (4 bytes).
    Removing stm32h7xx_hal_tim_ex.o(.revsh_text), (4 bytes).
    Removing stm32h7xx_hal_tim_ex.o(.rrx_text), (6 bytes).
    Removing stm32h7xx_hal_tim_ex.o(i.HAL_TIMEx_Break2Callback), (2 bytes).
    Removing stm32h7xx_hal_tim_ex.o(i.HAL_TIMEx_BreakCallback), (2 bytes).
    Removing stm32h7xx_hal_tim_ex.o(i.HAL_TIMEx_CommutCallback), (2 bytes).
    Removing stm32h7xx_hal_tim_ex.o(i.HAL_TIMEx_CommutHalfCpltCallback), (2 bytes).
    Removing stm32h7xx_hal_tim_ex.o(i.HAL_TIMEx_ConfigBreakDeadTime), (140 bytes).
    Removing stm32h7xx_hal_tim_ex.o(i.HAL_TIMEx_ConfigBreakInput), (208 bytes).
    Removing stm32h7xx_hal_tim_ex.o(i.HAL_TIMEx_ConfigCommutEvent), (128 bytes).
    Removing stm32h7xx_hal_tim_ex.o(i.HAL_TIMEx_ConfigCommutEvent_DMA), (160 bytes).
    Removing stm32h7xx_hal_tim_ex.o(i.HAL_TIMEx_ConfigCommutEvent_IT), (128 bytes).
    Removing stm32h7xx_hal_tim_ex.o(i.HAL_TIMEx_GetChannelNState), (34 bytes).
    Removing stm32h7xx_hal_tim_ex.o(i.HAL_TIMEx_GroupChannel5), (58 bytes).
    Removing stm32h7xx_hal_tim_ex.o(i.HAL_TIMEx_HallSensor_DeInit), (76 bytes).
    Removing stm32h7xx_hal_tim_ex.o(i.HAL_TIMEx_HallSensor_GetState), (6 bytes).
    Removing stm32h7xx_hal_tim_ex.o(i.HAL_TIMEx_HallSensor_Init), (216 bytes).
    Removing stm32h7xx_hal_tim_ex.o(i.HAL_TIMEx_HallSensor_MspDeInit), (2 bytes).
    Removing stm32h7xx_hal_tim_ex.o(i.HAL_TIMEx_HallSensor_MspInit), (2 bytes).
    Removing stm32h7xx_hal_tim_ex.o(i.HAL_TIMEx_HallSensor_Start), (180 bytes).
    Removing stm32h7xx_hal_tim_ex.o(i.HAL_TIMEx_HallSensor_Start_DMA), (232 bytes).
    Removing stm32h7xx_hal_tim_ex.o(i.HAL_TIMEx_HallSensor_Start_IT), (188 bytes).
    Removing stm32h7xx_hal_tim_ex.o(i.HAL_TIMEx_HallSensor_Stop), (64 bytes).
    Removing stm32h7xx_hal_tim_ex.o(i.HAL_TIMEx_HallSensor_Stop_DMA), (72 bytes).
    Removing stm32h7xx_hal_tim_ex.o(i.HAL_TIMEx_HallSensor_Stop_IT), (74 bytes).
    Removing stm32h7xx_hal_tim_ex.o(i.HAL_TIMEx_MasterConfigSynchronization), (164 bytes).
    Removing stm32h7xx_hal_tim_ex.o(i.HAL_TIMEx_OCN_Start), (208 bytes).
    Removing stm32h7xx_hal_tim_ex.o(i.HAL_TIMEx_OCN_Start_DMA), (424 bytes).
    Removing stm32h7xx_hal_tim_ex.o(i.HAL_TIMEx_OCN_Start_IT), (264 bytes).
    Removing stm32h7xx_hal_tim_ex.o(i.HAL_TIMEx_OCN_Stop), (104 bytes).
    Removing stm32h7xx_hal_tim_ex.o(i.HAL_TIMEx_OCN_Stop_DMA), (168 bytes).
    Removing stm32h7xx_hal_tim_ex.o(i.HAL_TIMEx_OCN_Stop_IT), (170 bytes).
    Removing stm32h7xx_hal_tim_ex.o(i.HAL_TIMEx_OnePulseN_Start), (100 bytes).
    Removing stm32h7xx_hal_tim_ex.o(i.HAL_TIMEx_OnePulseN_Start_IT), (120 bytes).
    Removing stm32h7xx_hal_tim_ex.o(i.HAL_TIMEx_OnePulseN_Stop), (104 bytes).
    Removing stm32h7xx_hal_tim_ex.o(i.HAL_TIMEx_OnePulseN_Stop_IT), (126 bytes).
    Removing stm32h7xx_hal_tim_ex.o(i.HAL_TIMEx_PWMN_Start), (208 bytes).
    Removing stm32h7xx_hal_tim_ex.o(i.HAL_TIMEx_PWMN_Start_DMA), (424 bytes).
    Removing stm32h7xx_hal_tim_ex.o(i.HAL_TIMEx_PWMN_Start_IT), (264 bytes).
    Removing stm32h7xx_hal_tim_ex.o(i.HAL_TIMEx_PWMN_Stop), (104 bytes).
    Removing stm32h7xx_hal_tim_ex.o(i.HAL_TIMEx_PWMN_Stop_DMA), (168 bytes).
    Removing stm32h7xx_hal_tim_ex.o(i.HAL_TIMEx_PWMN_Stop_IT), (170 bytes).
    Removing stm32h7xx_hal_tim_ex.o(i.HAL_TIMEx_RemapConfig), (40 bytes).
    Removing stm32h7xx_hal_tim_ex.o(i.HAL_TIMEx_TISelection), (92 bytes).
    Removing stm32h7xx_hal_tim_ex.o(i.TIMEx_DMACommutationCplt), (16 bytes).
    Removing stm32h7xx_hal_tim_ex.o(i.TIMEx_DMACommutationHalfCplt), (16 bytes).
    Removing stm32h7xx_hal_tim_ex.o(i.TIM_CCxNChannelCmd), (26 bytes).
    Removing stm32h7xx_hal_tim_ex.o(i.TIM_DMADelayPulseNCplt), (94 bytes).
    Removing stm32h7xx_hal_tim_ex.o(i.TIM_DMAErrorCCxN), (62 bytes).
    Removing stm32h7xx_hal_pwr.o(.rev16_text), (4 bytes).
    Removing stm32h7xx_hal_pwr.o(.revsh_text), (4 bytes).
    Removing stm32h7xx_hal_pwr.o(.rrx_text), (6 bytes).
    Removing stm32h7xx_hal_pwr.o(i.HAL_PWR_ConfigPVD), (132 bytes).
    Removing stm32h7xx_hal_pwr.o(i.HAL_PWR_DeInit), (2 bytes).
    Removing stm32h7xx_hal_pwr.o(i.HAL_PWR_DisableBkUpAccess), (16 bytes).
    Removing stm32h7xx_hal_pwr.o(i.HAL_PWR_DisablePVD), (16 bytes).
    Removing stm32h7xx_hal_pwr.o(i.HAL_PWR_DisableSEVOnPend), (16 bytes).
    Removing stm32h7xx_hal_pwr.o(i.HAL_PWR_DisableSleepOnExit), (16 bytes).
    Removing stm32h7xx_hal_pwr.o(i.HAL_PWR_DisableWakeUpPin), (20 bytes).
    Removing stm32h7xx_hal_pwr.o(i.HAL_PWR_EnableBkUpAccess), (16 bytes).
    Removing stm32h7xx_hal_pwr.o(i.HAL_PWR_EnablePVD), (16 bytes).
    Removing stm32h7xx_hal_pwr.o(i.HAL_PWR_EnableSEVOnPend), (16 bytes).
    Removing stm32h7xx_hal_pwr.o(i.HAL_PWR_EnableSleepOnExit), (16 bytes).
    Removing stm32h7xx_hal_pwr.o(i.HAL_PWR_EnableWakeUpPin), (24 bytes).
    Removing stm32h7xx_hal_pwr.o(i.HAL_PWR_EnterSLEEPMode), (28 bytes).
    Removing stm32h7xx_hal_pwr.o(i.HAL_PWR_EnterSTANDBYMode), (48 bytes).
    Removing stm32h7xx_hal_pwr.o(i.HAL_PWR_EnterSTOPMode), (80 bytes).
    Removing stm32h7xx_hal_pwr.o(i.HAL_PWR_PVDCallback), (2 bytes).
    Removing stm32h7xx_hal_pwr.o(i.HAL_PWR_PVD_IRQHandler), (34 bytes).
    Removing stm32h7xx_hal_pwr_ex.o(.rev16_text), (4 bytes).
    Removing stm32h7xx_hal_pwr_ex.o(.revsh_text), (4 bytes).
    Removing stm32h7xx_hal_pwr_ex.o(.rrx_text), (6 bytes).
    Removing stm32h7xx_hal_pwr_ex.o(i.HAL_PWREx_AVDCallback), (2 bytes).
    Removing stm32h7xx_hal_pwr_ex.o(i.HAL_PWREx_ClearPendingEvent), (4 bytes).
    Removing stm32h7xx_hal_pwr_ex.o(i.HAL_PWREx_ClearWakeupFlag), (28 bytes).
    Removing stm32h7xx_hal_pwr_ex.o(i.HAL_PWREx_ConfigAVD), (128 bytes).
    Removing stm32h7xx_hal_pwr_ex.o(i.HAL_PWREx_ConfigD3Domain), (20 bytes).
    Removing stm32h7xx_hal_pwr_ex.o(i.HAL_PWREx_ConfigSupply), (80 bytes).
    Removing stm32h7xx_hal_pwr_ex.o(i.HAL_PWREx_ControlStopModeVoltageScaling), (20 bytes).
    Removing stm32h7xx_hal_pwr_ex.o(i.HAL_PWREx_ControlVoltageScaling), (204 bytes).
    Removing stm32h7xx_hal_pwr_ex.o(i.HAL_PWREx_DisableAVD), (16 bytes).
    Removing stm32h7xx_hal_pwr_ex.o(i.HAL_PWREx_DisableBatteryCharging), (16 bytes).
    Removing stm32h7xx_hal_pwr_ex.o(i.HAL_PWREx_DisableBkUpReg), (56 bytes).
    Removing stm32h7xx_hal_pwr_ex.o(i.HAL_PWREx_DisableFlashPowerDown), (16 bytes).
    Removing stm32h7xx_hal_pwr_ex.o(i.HAL_PWREx_DisableMonitoring), (16 bytes).
    Removing stm32h7xx_hal_pwr_ex.o(i.HAL_PWREx_DisableUSBReg), (56 bytes).
    Removing stm32h7xx_hal_pwr_ex.o(i.HAL_PWREx_DisableUSBVoltageDetector), (16 bytes).
    Removing stm32h7xx_hal_pwr_ex.o(i.HAL_PWREx_DisableWakeUpPin), (16 bytes).
    Removing stm32h7xx_hal_pwr_ex.o(i.HAL_PWREx_EnableAVD), (16 bytes).
    Removing stm32h7xx_hal_pwr_ex.o(i.HAL_PWREx_EnableBatteryCharging), (28 bytes).
    Removing stm32h7xx_hal_pwr_ex.o(i.HAL_PWREx_EnableBkUpReg), (56 bytes).
    Removing stm32h7xx_hal_pwr_ex.o(i.HAL_PWREx_EnableFlashPowerDown), (16 bytes).
    Removing stm32h7xx_hal_pwr_ex.o(i.HAL_PWREx_EnableMonitoring), (16 bytes).
    Removing stm32h7xx_hal_pwr_ex.o(i.HAL_PWREx_EnableUSBReg), (56 bytes).
    Removing stm32h7xx_hal_pwr_ex.o(i.HAL_PWREx_EnableUSBVoltageDetector), (16 bytes).
    Removing stm32h7xx_hal_pwr_ex.o(i.HAL_PWREx_EnableWakeUpPin), (124 bytes).
    Removing stm32h7xx_hal_pwr_ex.o(i.HAL_PWREx_EnterSTANDBYMode), (56 bytes).
    Removing stm32h7xx_hal_pwr_ex.o(i.HAL_PWREx_EnterSTOPMode), (88 bytes).
    Removing stm32h7xx_hal_pwr_ex.o(i.HAL_PWREx_GetStopModeVoltageRange), (16 bytes).
    Removing stm32h7xx_hal_pwr_ex.o(i.HAL_PWREx_GetSupplyConfig), (16 bytes).
    Removing stm32h7xx_hal_pwr_ex.o(i.HAL_PWREx_GetTemperatureLevel), (32 bytes).
    Removing stm32h7xx_hal_pwr_ex.o(i.HAL_PWREx_GetVBATLevel), (32 bytes).
    Removing stm32h7xx_hal_pwr_ex.o(i.HAL_PWREx_GetVoltageRange), (16 bytes).
    Removing stm32h7xx_hal_pwr_ex.o(i.HAL_PWREx_GetWakeupFlag), (12 bytes).
    Removing stm32h7xx_hal_pwr_ex.o(i.HAL_PWREx_PVD_AVD_IRQHandler), (80 bytes).
    Removing stm32h7xx_hal_pwr_ex.o(i.HAL_PWREx_WAKEUP_PIN_IRQHandler), (124 bytes).
    Removing stm32h7xx_hal_pwr_ex.o(i.HAL_PWREx_WKUP1_Callback), (2 bytes).
    Removing stm32h7xx_hal_pwr_ex.o(i.HAL_PWREx_WKUP2_Callback), (2 bytes).
    Removing stm32h7xx_hal_pwr_ex.o(i.HAL_PWREx_WKUP3_Callback), (2 bytes).
    Removing stm32h7xx_hal_pwr_ex.o(i.HAL_PWREx_WKUP4_Callback), (2 bytes).
    Removing stm32h7xx_hal_pwr_ex.o(i.HAL_PWREx_WKUP5_Callback), (2 bytes).
    Removing stm32h7xx_hal_pwr_ex.o(i.HAL_PWREx_WKUP6_Callback), (2 bytes).
    Removing motor.o(.rev16_text), (4 bytes).
    Removing motor.o(.revsh_text), (4 bytes).
    Removing motor.o(.rrx_text), (6 bytes).
    Removing delay.o(.rev16_text), (4 bytes).
    Removing delay.o(.revsh_text), (4 bytes).
    Removing delay.o(.rrx_text), (6 bytes).
    Removing delay.o(i.delay_init), (20 bytes).
    Removing delay.o(i.delay_ms), (26 bytes).
    Removing delay.o(i.delay_us), (52 bytes).
    Removing delay.o(.data), (4 bytes).
    Removing sys.o(.rev16_text), (4 bytes).
    Removing sys.o(.revsh_text), (4 bytes).
    Removing sys.o(.rrx_text), (6 bytes).
    Removing sys.o(.emb_text), (16 bytes).
    Removing sys.o(i.Cache_Enable), (148 bytes).
    Removing sys.o(i.Get_DCahceSta), (16 bytes).
    Removing sys.o(i.Get_ICahceSta), (16 bytes).
    Removing sys.o(i.QSPI_Enable_Memmapmode), (376 bytes).
    Removing pwm.o(.rev16_text), (4 bytes).
    Removing pwm.o(.revsh_text), (4 bytes).
    Removing pwm.o(.rrx_text), (6 bytes).
    Removing main_1.o(.rev16_text), (4 bytes).
    Removing main_1.o(.revsh_text), (4 bytes).
    Removing main_1.o(.rrx_text), (6 bytes).
    Removing stm32h7xx_hal_msp_1.o(.rev16_text), (4 bytes).
    Removing stm32h7xx_hal_msp_1.o(.revsh_text), (4 bytes).
    Removing stm32h7xx_hal_msp_1.o(.rrx_text), (6 bytes).
    Removing stm32h7xx_hal_msp_1.o(i.HAL_MspDeInit), (2 bytes).
    Removing stm32h7xx_it_1.o(.rev16_text), (4 bytes).
    Removing stm32h7xx_it_1.o(.revsh_text), (4 bytes).
    Removing stm32h7xx_it_1.o(.rrx_text), (6 bytes).
    Removing system_stm32h7xx_1.o(.rev16_text), (4 bytes).
    Removing system_stm32h7xx_1.o(.revsh_text), (4 bytes).
    Removing system_stm32h7xx_1.o(.rrx_text), (6 bytes).
    Removing system_stm32h7xx_1.o(i.SystemCoreClockUpdate), (320 bytes).

511 unused section(s) (total 49178 bytes) removed from the image.

==============================================================================

Image Symbol Table

    Local Symbols

    Symbol Name                              Value     Ov Type        Size  Object(Section)

    ../clib/angel/boardlib.s                 0x00000000   Number         0  boardshut.o ABSOLUTE
    ../clib/angel/boardlib.s                 0x00000000   Number         0  boardinit1.o ABSOLUTE
    ../clib/angel/boardlib.s                 0x00000000   Number         0  boardinit2.o ABSOLUTE
    ../clib/angel/boardlib.s                 0x00000000   Number         0  boardinit3.o ABSOLUTE
    ../clib/angel/handlers.s                 0x00000000   Number         0  __scatter_zi.o ABSOLUTE
    ../clib/angel/handlers.s                 0x00000000   Number         0  __scatter_copy.o ABSOLUTE
    ../clib/angel/kernel.s                   0x00000000   Number         0  __rtentry2.o ABSOLUTE
    ../clib/angel/kernel.s                   0x00000000   Number         0  __rtentry.o ABSOLUTE
    ../clib/angel/kernel.s                   0x00000000   Number         0  __rtentry4.o ABSOLUTE
    ../clib/angel/kernel.s                   0x00000000   Number         0  rtexit.o ABSOLUTE
    ../clib/angel/kernel.s                   0x00000000   Number         0  rtexit2.o ABSOLUTE
    ../clib/angel/rt.s                       0x00000000   Number         0  rt_raise.o ABSOLUTE
    ../clib/angel/scatter.s                  0x00000000   Number         0  __scatter.o ABSOLUTE
    ../clib/angel/startup.s                  0x00000000   Number         0  __main.o ABSOLUTE
    ../clib/angel/sys.s                      0x00000000   Number         0  indicate_semi.o ABSOLUTE
    ../clib/angel/sys.s                      0x00000000   Number         0  sys_stackheap_outer.o ABSOLUTE
    ../clib/angel/sys.s                      0x00000000   Number         0  libspace.o ABSOLUTE
    ../clib/angel/sys.s                      0x00000000   Number         0  use_no_semi.o ABSOLUTE
    ../clib/angel/sysapp.c                   0x00000000   Number         0  sys_exit.o ABSOLUTE
    ../clib/angel/sysapp.c                   0x00000000   Number         0  sys_wrch.o ABSOLUTE
    ../clib/angel/sysapp.c                   0x00000000   Number         0  sys_command.o ABSOLUTE
    ../clib/armsys.c                         0x00000000   Number         0  argv_veneer.o ABSOLUTE
    ../clib/armsys.c                         0x00000000   Number         0  _get_argv_nomalloc.o ABSOLUTE
    ../clib/armsys.c                         0x00000000   Number         0  no_argv.o ABSOLUTE
    ../clib/armsys.c                         0x00000000   Number         0  argv_veneer.o ABSOLUTE
    ../clib/heapalloc.c                      0x00000000   Number         0  hrguard.o ABSOLUTE
    ../clib/heapaux.c                        0x00000000   Number         0  heapauxi.o ABSOLUTE
    ../clib/libinit.s                        0x00000000   Number         0  libshutdown2.o ABSOLUTE
    ../clib/libinit.s                        0x00000000   Number         0  libinit.o ABSOLUTE
    ../clib/libinit.s                        0x00000000   Number         0  libinit2.o ABSOLUTE
    ../clib/libinit.s                        0x00000000   Number         0  libshutdown.o ABSOLUTE
    ../clib/memcpset.s                       0x00000000   Number         0  rt_memcpy_w.o ABSOLUTE
    ../clib/signal.c                         0x00000000   Number         0  defsig_abrt_inner.o ABSOLUTE
    ../clib/signal.c                         0x00000000   Number         0  defsig_other.o ABSOLUTE
    ../clib/signal.c                         0x00000000   Number         0  defsig_segv_inner.o ABSOLUTE
    ../clib/signal.c                         0x00000000   Number         0  defsig_cppl_inner.o ABSOLUTE
    ../clib/signal.c                         0x00000000   Number         0  defsig_pvfn_inner.o ABSOLUTE
    ../clib/signal.c                         0x00000000   Number         0  defsig_rtred_inner.o ABSOLUTE
    ../clib/signal.c                         0x00000000   Number         0  defsig_rtmem_formal.o ABSOLUTE
    ../clib/signal.c                         0x00000000   Number         0  defsig_rtmem_inner.o ABSOLUTE
    ../clib/signal.c                         0x00000000   Number         0  defsig_exit.o ABSOLUTE
    ../clib/signal.c                         0x00000000   Number         0  defsig_stak_inner.o ABSOLUTE
    ../clib/signal.c                         0x00000000   Number         0  defsig_fpe_inner.o ABSOLUTE
    ../clib/signal.c                         0x00000000   Number         0  defsig_rtmem_outer.o ABSOLUTE
    ../clib/signal.c                         0x00000000   Number         0  __raise.o ABSOLUTE
    ../clib/signal.c                         0x00000000   Number         0  defsig_general.o ABSOLUTE
    ../clib/signal.s                         0x00000000   Number         0  defsig.o ABSOLUTE
    ../clib/stdlib.c                         0x00000000   Number         0  exit.o ABSOLUTE
    ../fplib/fpinit.s                        0x00000000   Number         0  fpinit.o ABSOLUTE
    ..\CORE\startup_stm32h750xx.s            0x00000000   Number         0  startup_stm32h750xx.o ABSOLUTE
    ..\HALLIB\STM32H7xx_HAL_Driver\Src\stm32h7xx_hal.c 0x00000000   Number         0  stm32h7xx_hal.o ABSOLUTE
    ..\HALLIB\STM32H7xx_HAL_Driver\Src\stm32h7xx_hal_cortex.c 0x00000000   Number         0  stm32h7xx_hal_cortex.o ABSOLUTE
    ..\HALLIB\STM32H7xx_HAL_Driver\Src\stm32h7xx_hal_dma.c 0x00000000   Number         0  stm32h7xx_hal_dma.o ABSOLUTE
    ..\HALLIB\STM32H7xx_HAL_Driver\Src\stm32h7xx_hal_dma2d.c 0x00000000   Number         0  stm32h7xx_hal_dma2d.o ABSOLUTE
    ..\HALLIB\STM32H7xx_HAL_Driver\Src\stm32h7xx_hal_dma_ex.c 0x00000000   Number         0  stm32h7xx_hal_dma_ex.o ABSOLUTE
    ..\HALLIB\STM32H7xx_HAL_Driver\Src\stm32h7xx_hal_exti.c 0x00000000   Number         0  stm32h7xx_hal_exti.o ABSOLUTE
    ..\HALLIB\STM32H7xx_HAL_Driver\Src\stm32h7xx_hal_gpio.c 0x00000000   Number         0  stm32h7xx_hal_gpio.o ABSOLUTE
    ..\HALLIB\STM32H7xx_HAL_Driver\Src\stm32h7xx_hal_pwr.c 0x00000000   Number         0  stm32h7xx_hal_pwr.o ABSOLUTE
    ..\HALLIB\STM32H7xx_HAL_Driver\Src\stm32h7xx_hal_pwr_ex.c 0x00000000   Number         0  stm32h7xx_hal_pwr_ex.o ABSOLUTE
    ..\HALLIB\STM32H7xx_HAL_Driver\Src\stm32h7xx_hal_rcc.c 0x00000000   Number         0  stm32h7xx_hal_rcc.o ABSOLUTE
    ..\HALLIB\STM32H7xx_HAL_Driver\Src\stm32h7xx_hal_rcc_ex.c 0x00000000   Number         0  stm32h7xx_hal_rcc_ex.o ABSOLUTE
    ..\HALLIB\STM32H7xx_HAL_Driver\Src\stm32h7xx_hal_rtc.c 0x00000000   Number         0  stm32h7xx_hal_rtc.o ABSOLUTE
    ..\HALLIB\STM32H7xx_HAL_Driver\Src\stm32h7xx_hal_rtc_ex.c 0x00000000   Number         0  stm32h7xx_hal_rtc_ex.o ABSOLUTE
    ..\HALLIB\STM32H7xx_HAL_Driver\Src\stm32h7xx_hal_tim.c 0x00000000   Number         0  stm32h7xx_hal_tim.o ABSOLUTE
    ..\HALLIB\STM32H7xx_HAL_Driver\Src\stm32h7xx_hal_tim_ex.c 0x00000000   Number         0  stm32h7xx_hal_tim_ex.o ABSOLUTE
    ..\HARDWARE\Motor\motor.c                0x00000000   Number         0  motor.o ABSOLUTE
    ..\SYSTEM\delay\delay.c                  0x00000000   Number         0  delay.o ABSOLUTE
    ..\SYSTEM\pwm\pwm.c                      0x00000000   Number         0  pwm.o ABSOLUTE
    ..\SYSTEM\sys\sys.c                      0x00000000   Number         0  sys.o ABSOLUTE
    ..\\HALLIB\\STM32H7xx_HAL_Driver\\Src\\stm32h7xx_hal.c 0x00000000   Number         0  stm32h7xx_hal.o ABSOLUTE
    ..\\HALLIB\\STM32H7xx_HAL_Driver\\Src\\stm32h7xx_hal_cortex.c 0x00000000   Number         0  stm32h7xx_hal_cortex.o ABSOLUTE
    ..\\HALLIB\\STM32H7xx_HAL_Driver\\Src\\stm32h7xx_hal_dma.c 0x00000000   Number         0  stm32h7xx_hal_dma.o ABSOLUTE
    ..\\HALLIB\\STM32H7xx_HAL_Driver\\Src\\stm32h7xx_hal_dma2d.c 0x00000000   Number         0  stm32h7xx_hal_dma2d.o ABSOLUTE
    ..\\HALLIB\\STM32H7xx_HAL_Driver\\Src\\stm32h7xx_hal_dma_ex.c 0x00000000   Number         0  stm32h7xx_hal_dma_ex.o ABSOLUTE
    ..\\HALLIB\\STM32H7xx_HAL_Driver\\Src\\stm32h7xx_hal_exti.c 0x00000000   Number         0  stm32h7xx_hal_exti.o ABSOLUTE
    ..\\HALLIB\\STM32H7xx_HAL_Driver\\Src\\stm32h7xx_hal_gpio.c 0x00000000   Number         0  stm32h7xx_hal_gpio.o ABSOLUTE
    ..\\HALLIB\\STM32H7xx_HAL_Driver\\Src\\stm32h7xx_hal_pwr.c 0x00000000   Number         0  stm32h7xx_hal_pwr.o ABSOLUTE
    ..\\HALLIB\\STM32H7xx_HAL_Driver\\Src\\stm32h7xx_hal_pwr_ex.c 0x00000000   Number         0  stm32h7xx_hal_pwr_ex.o ABSOLUTE
    ..\\HALLIB\\STM32H7xx_HAL_Driver\\Src\\stm32h7xx_hal_rcc.c 0x00000000   Number         0  stm32h7xx_hal_rcc.o ABSOLUTE
    ..\\HALLIB\\STM32H7xx_HAL_Driver\\Src\\stm32h7xx_hal_rcc_ex.c 0x00000000   Number         0  stm32h7xx_hal_rcc_ex.o ABSOLUTE
    ..\\HALLIB\\STM32H7xx_HAL_Driver\\Src\\stm32h7xx_hal_rtc.c 0x00000000   Number         0  stm32h7xx_hal_rtc.o ABSOLUTE
    ..\\HALLIB\\STM32H7xx_HAL_Driver\\Src\\stm32h7xx_hal_rtc_ex.c 0x00000000   Number         0  stm32h7xx_hal_rtc_ex.o ABSOLUTE
    ..\\HALLIB\\STM32H7xx_HAL_Driver\\Src\\stm32h7xx_hal_tim.c 0x00000000   Number         0  stm32h7xx_hal_tim.o ABSOLUTE
    ..\\HALLIB\\STM32H7xx_HAL_Driver\\Src\\stm32h7xx_hal_tim_ex.c 0x00000000   Number         0  stm32h7xx_hal_tim_ex.o ABSOLUTE
    ..\\HARDWARE\\Motor\\motor.c             0x00000000   Number         0  motor.o ABSOLUTE
    ..\\SYSTEM\\delay\\delay.c               0x00000000   Number         0  delay.o ABSOLUTE
    ..\\SYSTEM\\pwm\\pwm.c                   0x00000000   Number         0  pwm.o ABSOLUTE
    ..\\SYSTEM\\sys\\sys.c                   0x00000000   Number         0  sys.o ABSOLUTE
    dc.s                                     0x00000000   Number         0  dc.o ABSOLUTE
    main.c                                   0x00000000   Number         0  main_1.o ABSOLUTE
    main.c                                   0x00000000   Number         0  main_1.o ABSOLUTE
    stm32h7xx_hal_msp.c                      0x00000000   Number         0  stm32h7xx_hal_msp_1.o ABSOLUTE
    stm32h7xx_hal_msp.c                      0x00000000   Number         0  stm32h7xx_hal_msp_1.o ABSOLUTE
    stm32h7xx_it.c                           0x00000000   Number         0  stm32h7xx_it_1.o ABSOLUTE
    stm32h7xx_it.c                           0x00000000   Number         0  stm32h7xx_it_1.o ABSOLUTE
    system_stm32h7xx.c                       0x00000000   Number         0  system_stm32h7xx_1.o ABSOLUTE
    system_stm32h7xx.c                       0x00000000   Number         0  system_stm32h7xx_1.o ABSOLUTE
    RESET                                    0x08000000   Section      664  startup_stm32h750xx.o(RESET)
    !!!main                                  0x08000298   Section        8  __main.o(!!!main)
    !!!scatter                               0x080002a0   Section       52  __scatter.o(!!!scatter)
    !!handler_copy                           0x080002d4   Section       26  __scatter_copy.o(!!handler_copy)
    !!handler_zi                             0x080002f0   Section       28  __scatter_zi.o(!!handler_zi)
    .ARM.Collect$$libinit$$00000000          0x0800030c   Section        2  libinit.o(.ARM.Collect$$libinit$$00000000)
    .ARM.Collect$$libinit$$00000001          0x0800030e   Section        4  libinit2.o(.ARM.Collect$$libinit$$00000001)
    .ARM.Collect$$libinit$$00000004          0x08000312   Section        0  libinit2.o(.ARM.Collect$$libinit$$00000004)
    .ARM.Collect$$libinit$$0000000A          0x08000312   Section        0  libinit2.o(.ARM.Collect$$libinit$$0000000A)
    .ARM.Collect$$libinit$$0000000C          0x08000312   Section        0  libinit2.o(.ARM.Collect$$libinit$$0000000C)
    .ARM.Collect$$libinit$$0000000E          0x08000312   Section        0  libinit2.o(.ARM.Collect$$libinit$$0000000E)
    .ARM.Collect$$libinit$$00000011          0x08000312   Section        0  libinit2.o(.ARM.Collect$$libinit$$00000011)
    .ARM.Collect$$libinit$$00000013          0x08000312   Section        0  libinit2.o(.ARM.Collect$$libinit$$00000013)
    .ARM.Collect$$libinit$$00000015          0x08000312   Section        0  libinit2.o(.ARM.Collect$$libinit$$00000015)
    .ARM.Collect$$libinit$$00000017          0x08000312   Section        0  libinit2.o(.ARM.Collect$$libinit$$00000017)
    .ARM.Collect$$libinit$$00000019          0x08000312   Section        0  libinit2.o(.ARM.Collect$$libinit$$00000019)
    .ARM.Collect$$libinit$$0000001B          0x08000312   Section        0  libinit2.o(.ARM.Collect$$libinit$$0000001B)
    .ARM.Collect$$libinit$$0000001D          0x08000312   Section        0  libinit2.o(.ARM.Collect$$libinit$$0000001D)
    .ARM.Collect$$libinit$$0000001F          0x08000312   Section        0  libinit2.o(.ARM.Collect$$libinit$$0000001F)
    .ARM.Collect$$libinit$$00000021          0x08000312   Section        0  libinit2.o(.ARM.Collect$$libinit$$00000021)
    .ARM.Collect$$libinit$$00000023          0x08000312   Section        0  libinit2.o(.ARM.Collect$$libinit$$00000023)
    .ARM.Collect$$libinit$$00000025          0x08000312   Section        0  libinit2.o(.ARM.Collect$$libinit$$00000025)
    .ARM.Collect$$libinit$$0000002C          0x08000312   Section        0  libinit2.o(.ARM.Collect$$libinit$$0000002C)
    .ARM.Collect$$libinit$$0000002E          0x08000312   Section        0  libinit2.o(.ARM.Collect$$libinit$$0000002E)
    .ARM.Collect$$libinit$$00000030          0x08000312   Section        0  libinit2.o(.ARM.Collect$$libinit$$00000030)
    .ARM.Collect$$libinit$$00000032          0x08000312   Section        0  libinit2.o(.ARM.Collect$$libinit$$00000032)
    .ARM.Collect$$libinit$$00000033          0x08000312   Section        2  libinit2.o(.ARM.Collect$$libinit$$00000033)
    .ARM.Collect$$libshutdown$$00000000      0x08000314   Section        2  libshutdown.o(.ARM.Collect$$libshutdown$$00000000)
    .ARM.Collect$$libshutdown$$00000002      0x08000316   Section        0  libshutdown2.o(.ARM.Collect$$libshutdown$$00000002)
    .ARM.Collect$$libshutdown$$00000004      0x08000316   Section        0  libshutdown2.o(.ARM.Collect$$libshutdown$$00000004)
    .ARM.Collect$$libshutdown$$00000007      0x08000316   Section        0  libshutdown2.o(.ARM.Collect$$libshutdown$$00000007)
    .ARM.Collect$$libshutdown$$0000000A      0x08000316   Section        0  libshutdown2.o(.ARM.Collect$$libshutdown$$0000000A)
    .ARM.Collect$$libshutdown$$0000000C      0x08000316   Section        0  libshutdown2.o(.ARM.Collect$$libshutdown$$0000000C)
    .ARM.Collect$$libshutdown$$0000000F      0x08000316   Section        0  libshutdown2.o(.ARM.Collect$$libshutdown$$0000000F)
    .ARM.Collect$$libshutdown$$00000010      0x08000316   Section        2  libshutdown2.o(.ARM.Collect$$libshutdown$$00000010)
    .ARM.Collect$$rtentry$$00000000          0x08000318   Section        0  __rtentry.o(.ARM.Collect$$rtentry$$00000000)
    .ARM.Collect$$rtentry$$00000002          0x08000318   Section        0  __rtentry2.o(.ARM.Collect$$rtentry$$00000002)
    .ARM.Collect$$rtentry$$00000004          0x08000318   Section        6  __rtentry4.o(.ARM.Collect$$rtentry$$00000004)
    .ARM.Collect$$rtentry$$00000009          0x0800031e   Section        0  __rtentry2.o(.ARM.Collect$$rtentry$$00000009)
    .ARM.Collect$$rtentry$$0000000A          0x0800031e   Section        4  __rtentry2.o(.ARM.Collect$$rtentry$$0000000A)
    .ARM.Collect$$rtentry$$0000000C          0x08000322   Section        0  __rtentry2.o(.ARM.Collect$$rtentry$$0000000C)
    .ARM.Collect$$rtentry$$0000000D          0x08000322   Section        8  __rtentry2.o(.ARM.Collect$$rtentry$$0000000D)
    .ARM.Collect$$rtexit$$00000000           0x0800032a   Section        2  rtexit.o(.ARM.Collect$$rtexit$$00000000)
    .ARM.Collect$$rtexit$$00000002           0x0800032c   Section        0  rtexit2.o(.ARM.Collect$$rtexit$$00000002)
    .ARM.Collect$$rtexit$$00000003           0x0800032c   Section        4  rtexit2.o(.ARM.Collect$$rtexit$$00000003)
    .ARM.Collect$$rtexit$$00000004           0x08000330   Section        6  rtexit2.o(.ARM.Collect$$rtexit$$00000004)
    .text                                    0x08000338   Section       64  startup_stm32h750xx.o(.text)
    $v0                                      0x08000338   Number         0  startup_stm32h750xx.o(.text)
    .text                                    0x08000378   Section      100  rt_memcpy_w.o(.text)
    .text                                    0x080003dc   Section        0  heapauxi.o(.text)
    .text                                    0x080003e2   Section       74  sys_stackheap_outer.o(.text)
    .text                                    0x0800042c   Section        0  exit.o(.text)
    .text                                    0x08000440   Section        8  libspace.o(.text)
    .text                                    0x08000448   Section        0  sys_exit.o(.text)
    .text                                    0x08000454   Section        2  use_no_semi.o(.text)
    .text                                    0x08000456   Section        0  indicate_semi.o(.text)
    i.BusFault_Handler                       0x08000456   Section        0  stm32h7xx_it_1.o(i.BusFault_Handler)
    i.DebugMon_Handler                       0x08000458   Section        0  stm32h7xx_it_1.o(i.DebugMon_Handler)
    i.HAL_EnableCompensationCell             0x0800045c   Section        0  stm32h7xx_hal.o(i.HAL_EnableCompensationCell)
    i.HAL_GPIO_Init                          0x0800046c   Section        0  stm32h7xx_hal_gpio.o(i.HAL_GPIO_Init)
    i.HAL_GetREVID                           0x08000648   Section        0  stm32h7xx_hal.o(i.HAL_GetREVID)
    i.HAL_GetTick                            0x08000654   Section        0  stm32h7xx_hal.o(i.HAL_GetTick)
    i.HAL_IncTick                            0x08000660   Section        0  stm32h7xx_hal.o(i.HAL_IncTick)
    i.HAL_Init                               0x08000670   Section        0  stm32h7xx_hal.o(i.HAL_Init)
    i.HAL_InitTick                           0x080006cc   Section        0  stm32h7xx_hal.o(i.HAL_InitTick)
    i.HAL_MspInit                            0x0800070c   Section        0  stm32h7xx_hal_msp_1.o(i.HAL_MspInit)
    i.HAL_NVIC_SetPriority                   0x08000710   Section        0  stm32h7xx_hal_cortex.o(i.HAL_NVIC_SetPriority)
    i.HAL_NVIC_SetPriorityGrouping           0x08000750   Section        0  stm32h7xx_hal_cortex.o(i.HAL_NVIC_SetPriorityGrouping)
    i.HAL_RCC_ClockConfig                    0x08000774   Section        0  stm32h7xx_hal_rcc.o(i.HAL_RCC_ClockConfig)
    i.HAL_RCC_GetSysClockFreq                0x080009e4   Section        0  stm32h7xx_hal_rcc.o(i.HAL_RCC_GetSysClockFreq)
    i.HAL_RCC_OscConfig                      0x08000b14   Section        0  stm32h7xx_hal_rcc.o(i.HAL_RCC_OscConfig)
    i.HAL_SYSTICK_Config                     0x08001082   Section        0  stm32h7xx_hal_cortex.o(i.HAL_SYSTICK_Config)
    i.HAL_TIM_Base_Init                      0x080010aa   Section        0  stm32h7xx_hal_tim.o(i.HAL_TIM_Base_Init)
    i.HAL_TIM_Base_MspInit                   0x0800110c   Section        0  pwm.o(i.HAL_TIM_Base_MspInit)
    i.HAL_TIM_Base_Start                     0x0800115c   Section        0  stm32h7xx_hal_tim.o(i.HAL_TIM_Base_Start)
    i.HAL_TIM_ConfigClockSource              0x080011dc   Section        0  stm32h7xx_hal_tim.o(i.HAL_TIM_ConfigClockSource)
    i.HAL_TIM_OC_ConfigChannel               0x080012d8   Section        0  stm32h7xx_hal_tim.o(i.HAL_TIM_OC_ConfigChannel)
    i.HAL_TIM_OC_Init                        0x08001346   Section        0  stm32h7xx_hal_tim.o(i.HAL_TIM_OC_Init)
    i.HAL_TIM_OC_MspInit                     0x080013a8   Section        0  pwm.o(i.HAL_TIM_OC_MspInit)
    i.HAL_TIM_OC_Start                       0x080013ac   Section        0  stm32h7xx_hal_tim.o(i.HAL_TIM_OC_Start)
    i.HAL_TIM_PWM_ConfigChannel              0x080014c8   Section        0  stm32h7xx_hal_tim.o(i.HAL_TIM_PWM_ConfigChannel)
    i.HAL_TIM_PWM_Init                       0x080015ec   Section        0  stm32h7xx_hal_tim.o(i.HAL_TIM_PWM_Init)
    i.HAL_TIM_PWM_MspInit                    0x0800164e   Section        0  pwm.o(i.HAL_TIM_PWM_MspInit)
    i.HAL_TIM_PWM_Start                      0x08001650   Section        0  stm32h7xx_hal_tim.o(i.HAL_TIM_PWM_Start)
    i.HardFault_Handler                      0x0800176c   Section        0  stm32h7xx_it_1.o(i.HardFault_Handler)
    i.MemManage_Handler                      0x0800176e   Section        0  stm32h7xx_it_1.o(i.MemManage_Handler)
    i.NMI_Handler                            0x08001770   Section        0  stm32h7xx_it_1.o(i.NMI_Handler)
    i.OC_Init                                0x08001774   Section        0  pwm.o(i.OC_Init)
    i.PWM_Init                               0x080017e8   Section        0  pwm.o(i.PWM_Init)
    i.PendSV_Handler                         0x0800185c   Section        0  stm32h7xx_it_1.o(i.PendSV_Handler)
    i.SVC_Handler                            0x0800185e   Section        0  stm32h7xx_it_1.o(i.SVC_Handler)
    i.Stm32_Clock_Init                       0x08001860   Section        0  sys.o(i.Stm32_Clock_Init)
    i.SysTick_Handler                        0x0800191c   Section        0  stm32h7xx_it_1.o(i.SysTick_Handler)
    i.SystemInit                             0x08001920   Section        0  system_stm32h7xx_1.o(i.SystemInit)
    i.TIM2_Init                              0x080019b8   Section        0  pwm.o(i.TIM2_Init)
    i.TIM_Base_SetConfig                     0x08001a00   Section        0  stm32h7xx_hal_tim.o(i.TIM_Base_SetConfig)
    i.TIM_CCxChannelCmd                      0x08001ac0   Section        0  stm32h7xx_hal_tim.o(i.TIM_CCxChannelCmd)
    i.TIM_ETR_SetConfig                      0x08001ada   Section        0  stm32h7xx_hal_tim.o(i.TIM_ETR_SetConfig)
    i.TIM_ITRx_SetConfig                     0x08001af0   Section        0  stm32h7xx_hal_tim.o(i.TIM_ITRx_SetConfig)
    TIM_ITRx_SetConfig                       0x08001af1   Thumb Code    16  stm32h7xx_hal_tim.o(i.TIM_ITRx_SetConfig)
    i.TIM_OC1_SetConfig                      0x08001b04   Section        0  stm32h7xx_hal_tim.o(i.TIM_OC1_SetConfig)
    TIM_OC1_SetConfig                        0x08001b05   Thumb Code   132  stm32h7xx_hal_tim.o(i.TIM_OC1_SetConfig)
    i.TIM_OC2_SetConfig                      0x08001ba0   Section        0  stm32h7xx_hal_tim.o(i.TIM_OC2_SetConfig)
    i.TIM_OC3_SetConfig                      0x08001c30   Section        0  stm32h7xx_hal_tim.o(i.TIM_OC3_SetConfig)
    TIM_OC3_SetConfig                        0x08001c31   Thumb Code   118  stm32h7xx_hal_tim.o(i.TIM_OC3_SetConfig)
    i.TIM_OC4_SetConfig                      0x08001cc0   Section        0  stm32h7xx_hal_tim.o(i.TIM_OC4_SetConfig)
    TIM_OC4_SetConfig                        0x08001cc1   Thumb Code    92  stm32h7xx_hal_tim.o(i.TIM_OC4_SetConfig)
    i.TIM_OC5_SetConfig                      0x08001d34   Section        0  stm32h7xx_hal_tim.o(i.TIM_OC5_SetConfig)
    TIM_OC5_SetConfig                        0x08001d35   Thumb Code    86  stm32h7xx_hal_tim.o(i.TIM_OC5_SetConfig)
    i.TIM_OC6_SetConfig                      0x08001da4   Section        0  stm32h7xx_hal_tim.o(i.TIM_OC6_SetConfig)
    TIM_OC6_SetConfig                        0x08001da5   Thumb Code    88  stm32h7xx_hal_tim.o(i.TIM_OC6_SetConfig)
    i.TIM_TI1_ConfigInputStage               0x08001e14   Section        0  stm32h7xx_hal_tim.o(i.TIM_TI1_ConfigInputStage)
    TIM_TI1_ConfigInputStage                 0x08001e15   Thumb Code    34  stm32h7xx_hal_tim.o(i.TIM_TI1_ConfigInputStage)
    i.TIM_TI2_ConfigInputStage               0x08001e36   Section        0  stm32h7xx_hal_tim.o(i.TIM_TI2_ConfigInputStage)
    TIM_TI2_ConfigInputStage                 0x08001e37   Thumb Code    36  stm32h7xx_hal_tim.o(i.TIM_TI2_ConfigInputStage)
    i.UsageFault_Handler                     0x08001e5a   Section        0  stm32h7xx_it_1.o(i.UsageFault_Handler)
    i.__NVIC_SetPriority                     0x08001e5c   Section        0  stm32h7xx_hal_cortex.o(i.__NVIC_SetPriority)
    __NVIC_SetPriority                       0x08001e5d   Thumb Code    32  stm32h7xx_hal_cortex.o(i.__NVIC_SetPriority)
    i.main                                   0x08001e7c   Section        0  main_1.o(i.main)
    i.motor_left_ctl                         0x08001e9e   Section        0  motor.o(i.motor_left_ctl)
    i.motor_right_ctl                        0x08001eb6   Section        0  motor.o(i.motor_right_ctl)
    i.pwm                                    0x08001ece   Section        0  pwm.o(i.pwm)
    x$fpl$fpinit                             0x08001ee0   Section       10  fpinit.o(x$fpl$fpinit)
    $v0                                      0x08001ee0   Number         0  fpinit.o(x$fpl$fpinit)
    .constdata                               0x08001eea   Section       16  system_stm32h7xx_1.o(.constdata)
    .data                                    0x24000000   Section       12  stm32h7xx_hal.o(.data)
    .data                                    0x2400000c   Section        8  system_stm32h7xx_1.o(.data)
    .bss                                     0x24000014   Section      104  pwm.o(.bss)
    .bss                                     0x2400007c   Section       96  libspace.o(.bss)
    HEAP                                     0x240000e0   Section      512  startup_stm32h750xx.o(HEAP)
    Heap_Mem                                 0x240000e0   Data         512  startup_stm32h750xx.o(HEAP)
    STACK                                    0x240002e0   Section     1024  startup_stm32h750xx.o(STACK)
    Stack_Mem                                0x240002e0   Data        1024  startup_stm32h750xx.o(STACK)
    __initial_sp                             0x240006e0   Data           0  startup_stm32h750xx.o(STACK)

    Global Symbols

    Symbol Name                              Value     Ov Type        Size  Object(Section)

    BuildAttributes$$THM_ISAv4$E$P$D$K$B$S$7EM$VFPv5_D16$PE$PLD8$A:L22UL41UL21$X:L11$S22US41US21$IEEE1$IW$USESV6$~STKCKD$USESV7$~SHL$OSPACE$ROPI$EBA8$UX$STANDARDLIB$REQ8$PRES8$EABIv2 0x00000000   Number         0  anon$$obj.o ABSOLUTE
    __ARM_use_no_argv                        0x00000000   Number         0  main_1.o ABSOLUTE
    __ARM_exceptions_init                     - Undefined Weak Reference
    __alloca_initialize                       - Undefined Weak Reference
    __arm_preinit_                            - Undefined Weak Reference
    __cpp_initialize__aeabi_                  - Undefined Weak Reference
    __cxa_finalize                            - Undefined Weak Reference
    __rt_locale                               - Undefined Weak Reference
    __sigvec_lookup                           - Undefined Weak Reference
    _atexit_init                              - Undefined Weak Reference
    _call_atexit_fns                          - Undefined Weak Reference
    _clock_init                               - Undefined Weak Reference
    _fp_trap_init                             - Undefined Weak Reference
    _fp_trap_shutdown                         - Undefined Weak Reference
    _get_lc_collate                           - Undefined Weak Reference
    _get_lc_ctype                             - Undefined Weak Reference
    _get_lc_monetary                          - Undefined Weak Reference
    _get_lc_numeric                           - Undefined Weak Reference
    _get_lc_time                              - Undefined Weak Reference
    _getenv_init                              - Undefined Weak Reference
    _handle_redirection                       - Undefined Weak Reference
    _init_alloc                               - Undefined Weak Reference
    _init_user_alloc                          - Undefined Weak Reference
    _initio                                   - Undefined Weak Reference
    _rand_init                                - Undefined Weak Reference
    _signal_finish                            - Undefined Weak Reference
    _signal_init                              - Undefined Weak Reference
    _terminate_alloc                          - Undefined Weak Reference
    _terminate_user_alloc                     - Undefined Weak Reference
    _terminateio                              - Undefined Weak Reference
    __Vectors_Size                           0x00000298   Number         0  startup_stm32h750xx.o ABSOLUTE
    __Vectors                                0x08000000   Data           4  startup_stm32h750xx.o(RESET)
    __Vectors_End                            0x08000298   Data           0  startup_stm32h750xx.o(RESET)
    __main                                   0x08000299   Thumb Code     8  __main.o(!!!main)
    __scatterload                            0x080002a1   Thumb Code     0  __scatter.o(!!!scatter)
    __scatterload_rt2                        0x080002a1   Thumb Code    44  __scatter.o(!!!scatter)
    __scatterload_rt2_thumb_only             0x080002a1   Thumb Code     0  __scatter.o(!!!scatter)
    __scatterload_null                       0x080002af   Thumb Code     0  __scatter.o(!!!scatter)
    __scatterload_copy                       0x080002d5   Thumb Code    26  __scatter_copy.o(!!handler_copy)
    __scatterload_zeroinit                   0x080002f1   Thumb Code    28  __scatter_zi.o(!!handler_zi)
    __rt_lib_init                            0x0800030d   Thumb Code     0  libinit.o(.ARM.Collect$$libinit$$00000000)
    __rt_lib_init_fp_1                       0x0800030f   Thumb Code     0  libinit2.o(.ARM.Collect$$libinit$$00000001)
    __rt_lib_init_alloca_1                   0x08000313   Thumb Code     0  libinit2.o(.ARM.Collect$$libinit$$0000002E)
    __rt_lib_init_argv_1                     0x08000313   Thumb Code     0  libinit2.o(.ARM.Collect$$libinit$$0000002C)
    __rt_lib_init_atexit_1                   0x08000313   Thumb Code     0  libinit2.o(.ARM.Collect$$libinit$$0000001B)
    __rt_lib_init_clock_1                    0x08000313   Thumb Code     0  libinit2.o(.ARM.Collect$$libinit$$00000021)
    __rt_lib_init_cpp_1                      0x08000313   Thumb Code     0  libinit2.o(.ARM.Collect$$libinit$$00000032)
    __rt_lib_init_exceptions_1               0x08000313   Thumb Code     0  libinit2.o(.ARM.Collect$$libinit$$00000030)
    __rt_lib_init_fp_trap_1                  0x08000313   Thumb Code     0  libinit2.o(.ARM.Collect$$libinit$$0000001F)
    __rt_lib_init_getenv_1                   0x08000313   Thumb Code     0  libinit2.o(.ARM.Collect$$libinit$$00000023)
    __rt_lib_init_heap_1                     0x08000313   Thumb Code     0  libinit2.o(.ARM.Collect$$libinit$$0000000A)
    __rt_lib_init_lc_collate_1               0x08000313   Thumb Code     0  libinit2.o(.ARM.Collect$$libinit$$00000011)
    __rt_lib_init_lc_ctype_1                 0x08000313   Thumb Code     0  libinit2.o(.ARM.Collect$$libinit$$00000013)
    __rt_lib_init_lc_monetary_1              0x08000313   Thumb Code     0  libinit2.o(.ARM.Collect$$libinit$$00000015)
    __rt_lib_init_lc_numeric_1               0x08000313   Thumb Code     0  libinit2.o(.ARM.Collect$$libinit$$00000017)
    __rt_lib_init_lc_time_1                  0x08000313   Thumb Code     0  libinit2.o(.ARM.Collect$$libinit$$00000019)
    __rt_lib_init_preinit_1                  0x08000313   Thumb Code     0  libinit2.o(.ARM.Collect$$libinit$$00000004)
    __rt_lib_init_rand_1                     0x08000313   Thumb Code     0  libinit2.o(.ARM.Collect$$libinit$$0000000E)
    __rt_lib_init_return                     0x08000313   Thumb Code     0  libinit2.o(.ARM.Collect$$libinit$$00000033)
    __rt_lib_init_signal_1                   0x08000313   Thumb Code     0  libinit2.o(.ARM.Collect$$libinit$$0000001D)
    __rt_lib_init_stdio_1                    0x08000313   Thumb Code     0  libinit2.o(.ARM.Collect$$libinit$$00000025)
    __rt_lib_init_user_alloc_1               0x08000313   Thumb Code     0  libinit2.o(.ARM.Collect$$libinit$$0000000C)
    __rt_lib_shutdown                        0x08000315   Thumb Code     0  libshutdown.o(.ARM.Collect$$libshutdown$$00000000)
    __rt_lib_shutdown_cpp_1                  0x08000317   Thumb Code     0  libshutdown2.o(.ARM.Collect$$libshutdown$$00000002)
    __rt_lib_shutdown_fp_trap_1              0x08000317   Thumb Code     0  libshutdown2.o(.ARM.Collect$$libshutdown$$00000007)
    __rt_lib_shutdown_heap_1                 0x08000317   Thumb Code     0  libshutdown2.o(.ARM.Collect$$libshutdown$$0000000F)
    __rt_lib_shutdown_return                 0x08000317   Thumb Code     0  libshutdown2.o(.ARM.Collect$$libshutdown$$00000010)
    __rt_lib_shutdown_signal_1               0x08000317   Thumb Code     0  libshutdown2.o(.ARM.Collect$$libshutdown$$0000000A)
    __rt_lib_shutdown_stdio_1                0x08000317   Thumb Code     0  libshutdown2.o(.ARM.Collect$$libshutdown$$00000004)
    __rt_lib_shutdown_user_alloc_1           0x08000317   Thumb Code     0  libshutdown2.o(.ARM.Collect$$libshutdown$$0000000C)
    __rt_entry                               0x08000319   Thumb Code     0  __rtentry.o(.ARM.Collect$$rtentry$$00000000)
    __rt_entry_presh_1                       0x08000319   Thumb Code     0  __rtentry2.o(.ARM.Collect$$rtentry$$00000002)
    __rt_entry_sh                            0x08000319   Thumb Code     0  __rtentry4.o(.ARM.Collect$$rtentry$$00000004)
    __rt_entry_li                            0x0800031f   Thumb Code     0  __rtentry2.o(.ARM.Collect$$rtentry$$0000000A)
    __rt_entry_postsh_1                      0x0800031f   Thumb Code     0  __rtentry2.o(.ARM.Collect$$rtentry$$00000009)
    __rt_entry_main                          0x08000323   Thumb Code     0  __rtentry2.o(.ARM.Collect$$rtentry$$0000000D)
    __rt_entry_postli_1                      0x08000323   Thumb Code     0  __rtentry2.o(.ARM.Collect$$rtentry$$0000000C)
    __rt_exit                                0x0800032b   Thumb Code     0  rtexit.o(.ARM.Collect$$rtexit$$00000000)
    __rt_exit_ls                             0x0800032d   Thumb Code     0  rtexit2.o(.ARM.Collect$$rtexit$$00000003)
    __rt_exit_prels_1                        0x0800032d   Thumb Code     0  rtexit2.o(.ARM.Collect$$rtexit$$00000002)
    __rt_exit_exit                           0x08000331   Thumb Code     0  rtexit2.o(.ARM.Collect$$rtexit$$00000004)
    Reset_Handler                            0x08000339   Thumb Code     8  startup_stm32h750xx.o(.text)
    ADC3_IRQHandler                          0x08000353   Thumb Code     0  startup_stm32h750xx.o(.text)
    ADC_IRQHandler                           0x08000353   Thumb Code     0  startup_stm32h750xx.o(.text)
    BDMA_Channel0_IRQHandler                 0x08000353   Thumb Code     0  startup_stm32h750xx.o(.text)
    BDMA_Channel1_IRQHandler                 0x08000353   Thumb Code     0  startup_stm32h750xx.o(.text)
    BDMA_Channel2_IRQHandler                 0x08000353   Thumb Code     0  startup_stm32h750xx.o(.text)
    BDMA_Channel3_IRQHandler                 0x08000353   Thumb Code     0  startup_stm32h750xx.o(.text)
    BDMA_Channel4_IRQHandler                 0x08000353   Thumb Code     0  startup_stm32h750xx.o(.text)
    BDMA_Channel5_IRQHandler                 0x08000353   Thumb Code     0  startup_stm32h750xx.o(.text)
    BDMA_Channel6_IRQHandler                 0x08000353   Thumb Code     0  startup_stm32h750xx.o(.text)
    BDMA_Channel7_IRQHandler                 0x08000353   Thumb Code     0  startup_stm32h750xx.o(.text)
    CEC_IRQHandler                           0x08000353   Thumb Code     0  startup_stm32h750xx.o(.text)
    COMP1_IRQHandler                         0x08000353   Thumb Code     0  startup_stm32h750xx.o(.text)
    CRS_IRQHandler                           0x08000353   Thumb Code     0  startup_stm32h750xx.o(.text)
    CRYP_IRQHandler                          0x08000353   Thumb Code     0  startup_stm32h750xx.o(.text)
    DCMI_IRQHandler                          0x08000353   Thumb Code     0  startup_stm32h750xx.o(.text)
    DFSDM1_FLT0_IRQHandler                   0x08000353   Thumb Code     0  startup_stm32h750xx.o(.text)
    DFSDM1_FLT1_IRQHandler                   0x08000353   Thumb Code     0  startup_stm32h750xx.o(.text)
    DFSDM1_FLT2_IRQHandler                   0x08000353   Thumb Code     0  startup_stm32h750xx.o(.text)
    DFSDM1_FLT3_IRQHandler                   0x08000353   Thumb Code     0  startup_stm32h750xx.o(.text)
    DMA1_Stream0_IRQHandler                  0x08000353   Thumb Code     0  startup_stm32h750xx.o(.text)
    DMA1_Stream1_IRQHandler                  0x08000353   Thumb Code     0  startup_stm32h750xx.o(.text)
    DMA1_Stream2_IRQHandler                  0x08000353   Thumb Code     0  startup_stm32h750xx.o(.text)
    DMA1_Stream3_IRQHandler                  0x08000353   Thumb Code     0  startup_stm32h750xx.o(.text)
    DMA1_Stream4_IRQHandler                  0x08000353   Thumb Code     0  startup_stm32h750xx.o(.text)
    DMA1_Stream5_IRQHandler                  0x08000353   Thumb Code     0  startup_stm32h750xx.o(.text)
    DMA1_Stream6_IRQHandler                  0x08000353   Thumb Code     0  startup_stm32h750xx.o(.text)
    DMA1_Stream7_IRQHandler                  0x08000353   Thumb Code     0  startup_stm32h750xx.o(.text)
    DMA2D_IRQHandler                         0x08000353   Thumb Code     0  startup_stm32h750xx.o(.text)
    DMA2_Stream0_IRQHandler                  0x08000353   Thumb Code     0  startup_stm32h750xx.o(.text)
    DMA2_Stream1_IRQHandler                  0x08000353   Thumb Code     0  startup_stm32h750xx.o(.text)
    DMA2_Stream2_IRQHandler                  0x08000353   Thumb Code     0  startup_stm32h750xx.o(.text)
    DMA2_Stream3_IRQHandler                  0x08000353   Thumb Code     0  startup_stm32h750xx.o(.text)
    DMA2_Stream4_IRQHandler                  0x08000353   Thumb Code     0  startup_stm32h750xx.o(.text)
    DMA2_Stream5_IRQHandler                  0x08000353   Thumb Code     0  startup_stm32h750xx.o(.text)
    DMA2_Stream6_IRQHandler                  0x08000353   Thumb Code     0  startup_stm32h750xx.o(.text)
    DMA2_Stream7_IRQHandler                  0x08000353   Thumb Code     0  startup_stm32h750xx.o(.text)
    DMAMUX1_OVR_IRQHandler                   0x08000353   Thumb Code     0  startup_stm32h750xx.o(.text)
    DMAMUX2_OVR_IRQHandler                   0x08000353   Thumb Code     0  startup_stm32h750xx.o(.text)
    ECC_IRQHandler                           0x08000353   Thumb Code     0  startup_stm32h750xx.o(.text)
    ETH_IRQHandler                           0x08000353   Thumb Code     0  startup_stm32h750xx.o(.text)
    ETH_WKUP_IRQHandler                      0x08000353   Thumb Code     0  startup_stm32h750xx.o(.text)
    EXTI0_IRQHandler                         0x08000353   Thumb Code     0  startup_stm32h750xx.o(.text)
    EXTI15_10_IRQHandler                     0x08000353   Thumb Code     0  startup_stm32h750xx.o(.text)
    EXTI1_IRQHandler                         0x08000353   Thumb Code     0  startup_stm32h750xx.o(.text)
    EXTI2_IRQHandler                         0x08000353   Thumb Code     0  startup_stm32h750xx.o(.text)
    EXTI3_IRQHandler                         0x08000353   Thumb Code     0  startup_stm32h750xx.o(.text)
    EXTI4_IRQHandler                         0x08000353   Thumb Code     0  startup_stm32h750xx.o(.text)
    EXTI9_5_IRQHandler                       0x08000353   Thumb Code     0  startup_stm32h750xx.o(.text)
    FDCAN1_IT0_IRQHandler                    0x08000353   Thumb Code     0  startup_stm32h750xx.o(.text)
    FDCAN1_IT1_IRQHandler                    0x08000353   Thumb Code     0  startup_stm32h750xx.o(.text)
    FDCAN2_IT0_IRQHandler                    0x08000353   Thumb Code     0  startup_stm32h750xx.o(.text)
    FDCAN2_IT1_IRQHandler                    0x08000353   Thumb Code     0  startup_stm32h750xx.o(.text)
    FDCAN_CAL_IRQHandler                     0x08000353   Thumb Code     0  startup_stm32h750xx.o(.text)
    FLASH_IRQHandler                         0x08000353   Thumb Code     0  startup_stm32h750xx.o(.text)
    FMC_IRQHandler                           0x08000353   Thumb Code     0  startup_stm32h750xx.o(.text)
    FPU_IRQHandler                           0x08000353   Thumb Code     0  startup_stm32h750xx.o(.text)
    HASH_RNG_IRQHandler                      0x08000353   Thumb Code     0  startup_stm32h750xx.o(.text)
    HRTIM1_FLT_IRQHandler                    0x08000353   Thumb Code     0  startup_stm32h750xx.o(.text)
    HRTIM1_Master_IRQHandler                 0x08000353   Thumb Code     0  startup_stm32h750xx.o(.text)
    HRTIM1_TIMA_IRQHandler                   0x08000353   Thumb Code     0  startup_stm32h750xx.o(.text)
    HRTIM1_TIMB_IRQHandler                   0x08000353   Thumb Code     0  startup_stm32h750xx.o(.text)
    HRTIM1_TIMC_IRQHandler                   0x08000353   Thumb Code     0  startup_stm32h750xx.o(.text)
    HRTIM1_TIMD_IRQHandler                   0x08000353   Thumb Code     0  startup_stm32h750xx.o(.text)
    HRTIM1_TIME_IRQHandler                   0x08000353   Thumb Code     0  startup_stm32h750xx.o(.text)
    HSEM1_IRQHandler                         0x08000353   Thumb Code     0  startup_stm32h750xx.o(.text)
    I2C1_ER_IRQHandler                       0x08000353   Thumb Code     0  startup_stm32h750xx.o(.text)
    I2C1_EV_IRQHandler                       0x08000353   Thumb Code     0  startup_stm32h750xx.o(.text)
    I2C2_ER_IRQHandler                       0x08000353   Thumb Code     0  startup_stm32h750xx.o(.text)
    I2C2_EV_IRQHandler                       0x08000353   Thumb Code     0  startup_stm32h750xx.o(.text)
    I2C3_ER_IRQHandler                       0x08000353   Thumb Code     0  startup_stm32h750xx.o(.text)
    I2C3_EV_IRQHandler                       0x08000353   Thumb Code     0  startup_stm32h750xx.o(.text)
    I2C4_ER_IRQHandler                       0x08000353   Thumb Code     0  startup_stm32h750xx.o(.text)
    I2C4_EV_IRQHandler                       0x08000353   Thumb Code     0  startup_stm32h750xx.o(.text)
    JPEG_IRQHandler                          0x08000353   Thumb Code     0  startup_stm32h750xx.o(.text)
    LPTIM1_IRQHandler                        0x08000353   Thumb Code     0  startup_stm32h750xx.o(.text)
    LPTIM2_IRQHandler                        0x08000353   Thumb Code     0  startup_stm32h750xx.o(.text)
    LPTIM3_IRQHandler                        0x08000353   Thumb Code     0  startup_stm32h750xx.o(.text)
    LPTIM4_IRQHandler                        0x08000353   Thumb Code     0  startup_stm32h750xx.o(.text)
    LPTIM5_IRQHandler                        0x08000353   Thumb Code     0  startup_stm32h750xx.o(.text)
    LPUART1_IRQHandler                       0x08000353   Thumb Code     0  startup_stm32h750xx.o(.text)
    LTDC_ER_IRQHandler                       0x08000353   Thumb Code     0  startup_stm32h750xx.o(.text)
    LTDC_IRQHandler                          0x08000353   Thumb Code     0  startup_stm32h750xx.o(.text)
    MDIOS_IRQHandler                         0x08000353   Thumb Code     0  startup_stm32h750xx.o(.text)
    MDIOS_WKUP_IRQHandler                    0x08000353   Thumb Code     0  startup_stm32h750xx.o(.text)
    MDMA_IRQHandler                          0x08000353   Thumb Code     0  startup_stm32h750xx.o(.text)
    OTG_FS_EP1_IN_IRQHandler                 0x08000353   Thumb Code     0  startup_stm32h750xx.o(.text)
    OTG_FS_EP1_OUT_IRQHandler                0x08000353   Thumb Code     0  startup_stm32h750xx.o(.text)
    OTG_FS_IRQHandler                        0x08000353   Thumb Code     0  startup_stm32h750xx.o(.text)
    OTG_FS_WKUP_IRQHandler                   0x08000353   Thumb Code     0  startup_stm32h750xx.o(.text)
    OTG_HS_EP1_IN_IRQHandler                 0x08000353   Thumb Code     0  startup_stm32h750xx.o(.text)
    OTG_HS_EP1_OUT_IRQHandler                0x08000353   Thumb Code     0  startup_stm32h750xx.o(.text)
    OTG_HS_IRQHandler                        0x08000353   Thumb Code     0  startup_stm32h750xx.o(.text)
    OTG_HS_WKUP_IRQHandler                   0x08000353   Thumb Code     0  startup_stm32h750xx.o(.text)
    PVD_AVD_IRQHandler                       0x08000353   Thumb Code     0  startup_stm32h750xx.o(.text)
    QUADSPI_IRQHandler                       0x08000353   Thumb Code     0  startup_stm32h750xx.o(.text)
    RCC_IRQHandler                           0x08000353   Thumb Code     0  startup_stm32h750xx.o(.text)
    RTC_Alarm_IRQHandler                     0x08000353   Thumb Code     0  startup_stm32h750xx.o(.text)
    RTC_WKUP_IRQHandler                      0x08000353   Thumb Code     0  startup_stm32h750xx.o(.text)
    SAI1_IRQHandler                          0x08000353   Thumb Code     0  startup_stm32h750xx.o(.text)
    SAI2_IRQHandler                          0x08000353   Thumb Code     0  startup_stm32h750xx.o(.text)
    SAI3_IRQHandler                          0x08000353   Thumb Code     0  startup_stm32h750xx.o(.text)
    SAI4_IRQHandler                          0x08000353   Thumb Code     0  startup_stm32h750xx.o(.text)
    SDMMC1_IRQHandler                        0x08000353   Thumb Code     0  startup_stm32h750xx.o(.text)
    SDMMC2_IRQHandler                        0x08000353   Thumb Code     0  startup_stm32h750xx.o(.text)
    SPDIF_RX_IRQHandler                      0x08000353   Thumb Code     0  startup_stm32h750xx.o(.text)
    SPI1_IRQHandler                          0x08000353   Thumb Code     0  startup_stm32h750xx.o(.text)
    SPI2_IRQHandler                          0x08000353   Thumb Code     0  startup_stm32h750xx.o(.text)
    SPI3_IRQHandler                          0x08000353   Thumb Code     0  startup_stm32h750xx.o(.text)
    SPI4_IRQHandler                          0x08000353   Thumb Code     0  startup_stm32h750xx.o(.text)
    SPI5_IRQHandler                          0x08000353   Thumb Code     0  startup_stm32h750xx.o(.text)
    SPI6_IRQHandler                          0x08000353   Thumb Code     0  startup_stm32h750xx.o(.text)
    SWPMI1_IRQHandler                        0x08000353   Thumb Code     0  startup_stm32h750xx.o(.text)
    TAMP_STAMP_IRQHandler                    0x08000353   Thumb Code     0  startup_stm32h750xx.o(.text)
    TIM15_IRQHandler                         0x08000353   Thumb Code     0  startup_stm32h750xx.o(.text)
    TIM16_IRQHandler                         0x08000353   Thumb Code     0  startup_stm32h750xx.o(.text)
    TIM17_IRQHandler                         0x08000353   Thumb Code     0  startup_stm32h750xx.o(.text)
    TIM1_BRK_IRQHandler                      0x08000353   Thumb Code     0  startup_stm32h750xx.o(.text)
    TIM1_CC_IRQHandler                       0x08000353   Thumb Code     0  startup_stm32h750xx.o(.text)
    TIM1_TRG_COM_IRQHandler                  0x08000353   Thumb Code     0  startup_stm32h750xx.o(.text)
    TIM1_UP_IRQHandler                       0x08000353   Thumb Code     0  startup_stm32h750xx.o(.text)
    TIM2_IRQHandler                          0x08000353   Thumb Code     0  startup_stm32h750xx.o(.text)
    TIM3_IRQHandler                          0x08000353   Thumb Code     0  startup_stm32h750xx.o(.text)
    TIM4_IRQHandler                          0x08000353   Thumb Code     0  startup_stm32h750xx.o(.text)
    TIM5_IRQHandler                          0x08000353   Thumb Code     0  startup_stm32h750xx.o(.text)
    TIM6_DAC_IRQHandler                      0x08000353   Thumb Code     0  startup_stm32h750xx.o(.text)
    TIM7_IRQHandler                          0x08000353   Thumb Code     0  startup_stm32h750xx.o(.text)
    TIM8_BRK_TIM12_IRQHandler                0x08000353   Thumb Code     0  startup_stm32h750xx.o(.text)
    TIM8_CC_IRQHandler                       0x08000353   Thumb Code     0  startup_stm32h750xx.o(.text)
    TIM8_TRG_COM_TIM14_IRQHandler            0x08000353   Thumb Code     0  startup_stm32h750xx.o(.text)
    TIM8_UP_TIM13_IRQHandler                 0x08000353   Thumb Code     0  startup_stm32h750xx.o(.text)
    UART4_IRQHandler                         0x08000353   Thumb Code     0  startup_stm32h750xx.o(.text)
    UART5_IRQHandler                         0x08000353   Thumb Code     0  startup_stm32h750xx.o(.text)
    UART7_IRQHandler                         0x08000353   Thumb Code     0  startup_stm32h750xx.o(.text)
    UART8_IRQHandler                         0x08000353   Thumb Code     0  startup_stm32h750xx.o(.text)
    USART1_IRQHandler                        0x08000353   Thumb Code     0  startup_stm32h750xx.o(.text)
    USART2_IRQHandler                        0x08000353   Thumb Code     0  startup_stm32h750xx.o(.text)
    USART3_IRQHandler                        0x08000353   Thumb Code     0  startup_stm32h750xx.o(.text)
    USART6_IRQHandler                        0x08000353   Thumb Code     0  startup_stm32h750xx.o(.text)
    WAKEUP_PIN_IRQHandler                    0x08000353   Thumb Code     0  startup_stm32h750xx.o(.text)
    WWDG_IRQHandler                          0x08000353   Thumb Code     0  startup_stm32h750xx.o(.text)
    __user_initial_stackheap                 0x08000355   Thumb Code     0  startup_stm32h750xx.o(.text)
    __aeabi_memcpy4                          0x08000379   Thumb Code     0  rt_memcpy_w.o(.text)
    __aeabi_memcpy8                          0x08000379   Thumb Code     0  rt_memcpy_w.o(.text)
    __rt_memcpy_w                            0x08000379   Thumb Code   100  rt_memcpy_w.o(.text)
    _memcpy_lastbytes_aligned                0x080003c1   Thumb Code     0  rt_memcpy_w.o(.text)
    __use_two_region_memory                  0x080003dd   Thumb Code     2  heapauxi.o(.text)
    __rt_heap_escrow$2region                 0x080003df   Thumb Code     2  heapauxi.o(.text)
    __rt_heap_expand$2region                 0x080003e1   Thumb Code     2  heapauxi.o(.text)
    __user_setup_stackheap                   0x080003e3   Thumb Code    74  sys_stackheap_outer.o(.text)
    exit                                     0x0800042d   Thumb Code    18  exit.o(.text)
    __user_libspace                          0x08000441   Thumb Code     8  libspace.o(.text)
    __user_perproc_libspace                  0x08000441   Thumb Code     0  libspace.o(.text)
    __user_perthread_libspace                0x08000441   Thumb Code     0  libspace.o(.text)
    _sys_exit                                0x08000449   Thumb Code     8  sys_exit.o(.text)
    __I$use$semihosting                      0x08000455   Thumb Code     0  use_no_semi.o(.text)
    __use_no_semihosting_swi                 0x08000455   Thumb Code     2  use_no_semi.o(.text)
    BusFault_Handler                         0x08000457   Thumb Code     2  stm32h7xx_it_1.o(i.BusFault_Handler)
    __semihosting_library_function           0x08000457   Thumb Code     0  indicate_semi.o(.text)
    DebugMon_Handler                         0x08000459   Thumb Code     2  stm32h7xx_it_1.o(i.DebugMon_Handler)
    HAL_EnableCompensationCell               0x0800045d   Thumb Code    12  stm32h7xx_hal.o(i.HAL_EnableCompensationCell)
    HAL_GPIO_Init                            0x0800046d   Thumb Code   426  stm32h7xx_hal_gpio.o(i.HAL_GPIO_Init)
    HAL_GetREVID                             0x08000649   Thumb Code     8  stm32h7xx_hal.o(i.HAL_GetREVID)
    HAL_GetTick                              0x08000655   Thumb Code     6  stm32h7xx_hal.o(i.HAL_GetTick)
    HAL_IncTick                              0x08000661   Thumb Code    12  stm32h7xx_hal.o(i.HAL_IncTick)
    HAL_Init                                 0x08000671   Thumb Code    74  stm32h7xx_hal.o(i.HAL_Init)
    HAL_InitTick                             0x080006cd   Thumb Code    56  stm32h7xx_hal.o(i.HAL_InitTick)
    HAL_MspInit                              0x0800070d   Thumb Code     2  stm32h7xx_hal_msp_1.o(i.HAL_MspInit)
    HAL_NVIC_SetPriority                     0x08000711   Thumb Code    60  stm32h7xx_hal_cortex.o(i.HAL_NVIC_SetPriority)
    HAL_NVIC_SetPriorityGrouping             0x08000751   Thumb Code    26  stm32h7xx_hal_cortex.o(i.HAL_NVIC_SetPriorityGrouping)
    HAL_RCC_ClockConfig                      0x08000775   Thumb Code   590  stm32h7xx_hal_rcc.o(i.HAL_RCC_ClockConfig)
    HAL_RCC_GetSysClockFreq                  0x080009e5   Thumb Code   270  stm32h7xx_hal_rcc.o(i.HAL_RCC_GetSysClockFreq)
    HAL_RCC_OscConfig                        0x08000b15   Thumb Code  1390  stm32h7xx_hal_rcc.o(i.HAL_RCC_OscConfig)
    HAL_SYSTICK_Config                       0x08001083   Thumb Code    40  stm32h7xx_hal_cortex.o(i.HAL_SYSTICK_Config)
    HAL_TIM_Base_Init                        0x080010ab   Thumb Code    98  stm32h7xx_hal_tim.o(i.HAL_TIM_Base_Init)
    HAL_TIM_Base_MspInit                     0x0800110d   Thumb Code    70  pwm.o(i.HAL_TIM_Base_MspInit)
    HAL_TIM_Base_Start                       0x0800115d   Thumb Code    96  stm32h7xx_hal_tim.o(i.HAL_TIM_Base_Start)
    HAL_TIM_ConfigClockSource                0x080011dd   Thumb Code   248  stm32h7xx_hal_tim.o(i.HAL_TIM_ConfigClockSource)
    HAL_TIM_OC_ConfigChannel                 0x080012d9   Thumb Code   110  stm32h7xx_hal_tim.o(i.HAL_TIM_OC_ConfigChannel)
    HAL_TIM_OC_Init                          0x08001347   Thumb Code    98  stm32h7xx_hal_tim.o(i.HAL_TIM_OC_Init)
    HAL_TIM_OC_MspInit                       0x080013a9   Thumb Code     2  pwm.o(i.HAL_TIM_OC_MspInit)
    HAL_TIM_OC_Start                         0x080013ad   Thumb Code   242  stm32h7xx_hal_tim.o(i.HAL_TIM_OC_Start)
    HAL_TIM_PWM_ConfigChannel                0x080014c9   Thumb Code   292  stm32h7xx_hal_tim.o(i.HAL_TIM_PWM_ConfigChannel)
    HAL_TIM_PWM_Init                         0x080015ed   Thumb Code    98  stm32h7xx_hal_tim.o(i.HAL_TIM_PWM_Init)
    HAL_TIM_PWM_MspInit                      0x0800164f   Thumb Code     2  pwm.o(i.HAL_TIM_PWM_MspInit)
    HAL_TIM_PWM_Start                        0x08001651   Thumb Code   242  stm32h7xx_hal_tim.o(i.HAL_TIM_PWM_Start)
    HardFault_Handler                        0x0800176d   Thumb Code     2  stm32h7xx_it_1.o(i.HardFault_Handler)
    MemManage_Handler                        0x0800176f   Thumb Code     2  stm32h7xx_it_1.o(i.MemManage_Handler)
    NMI_Handler                              0x08001771   Thumb Code     2  stm32h7xx_it_1.o(i.NMI_Handler)
    OC_Init                                  0x08001775   Thumb Code   112  pwm.o(i.OC_Init)
    PWM_Init                                 0x080017e9   Thumb Code   112  pwm.o(i.PWM_Init)
    PendSV_Handler                           0x0800185d   Thumb Code     2  stm32h7xx_it_1.o(i.PendSV_Handler)
    SVC_Handler                              0x0800185f   Thumb Code     2  stm32h7xx_it_1.o(i.SVC_Handler)
    Stm32_Clock_Init                         0x08001861   Thumb Code   174  sys.o(i.Stm32_Clock_Init)
    SysTick_Handler                          0x0800191d   Thumb Code     4  stm32h7xx_it_1.o(i.SysTick_Handler)
    SystemInit                               0x08001921   Thumb Code   132  system_stm32h7xx_1.o(i.SystemInit)
    TIM2_Init                                0x080019b9   Thumb Code    68  pwm.o(i.TIM2_Init)
    TIM_Base_SetConfig                       0x08001a01   Thumb Code   160  stm32h7xx_hal_tim.o(i.TIM_Base_SetConfig)
    TIM_CCxChannelCmd                        0x08001ac1   Thumb Code    26  stm32h7xx_hal_tim.o(i.TIM_CCxChannelCmd)
    TIM_ETR_SetConfig                        0x08001adb   Thumb Code    20  stm32h7xx_hal_tim.o(i.TIM_ETR_SetConfig)
    TIM_OC2_SetConfig                        0x08001ba1   Thumb Code   120  stm32h7xx_hal_tim.o(i.TIM_OC2_SetConfig)
    UsageFault_Handler                       0x08001e5b   Thumb Code     2  stm32h7xx_it_1.o(i.UsageFault_Handler)
    main                                     0x08001e7d   Thumb Code    34  main_1.o(i.main)
    motor_left_ctl                           0x08001e9f   Thumb Code    24  motor.o(i.motor_left_ctl)
    motor_right_ctl                          0x08001eb7   Thumb Code    24  motor.o(i.motor_right_ctl)
    pwm                                      0x08001ecf   Thumb Code    18  pwm.o(i.pwm)
    _fp_init                                 0x08001ee1   Thumb Code    10  fpinit.o(x$fpl$fpinit)
    __fplib_config_fpu_vfp                   0x08001ee9   Thumb Code     0  fpinit.o(x$fpl$fpinit)
    __fplib_config_pureend_doubles           0x08001ee9   Thumb Code     0  fpinit.o(x$fpl$fpinit)
    D1CorePrescTable                         0x08001eea   Data          16  system_stm32h7xx_1.o(.constdata)
    Region$$Table$$Base                      0x08001efc   Number         0  anon$$obj.o(Region$$Table)
    Region$$Table$$Limit                     0x08001f1c   Number         0  anon$$obj.o(Region$$Table)
    uwTickFreq                               0x24000000   Data           1  stm32h7xx_hal.o(.data)
    uwTickPrio                               0x24000004   Data           4  stm32h7xx_hal.o(.data)
    uwTick                                   0x24000008   Data           4  stm32h7xx_hal.o(.data)
    SystemCoreClock                          0x2400000c   Data           4  system_stm32h7xx_1.o(.data)
    SystemD2Clock                            0x24000010   Data           4  system_stm32h7xx_1.o(.data)
    TIM2_Handle                              0x24000014   Data          76  pwm.o(.bss)
    TIM2_OC_InitType                         0x24000060   Data          28  pwm.o(.bss)
    __libspace_start                         0x2400007c   Data          96  libspace.o(.bss)
    __temporary_stack_top$libspace           0x240000dc   Data           0  libspace.o(.bss)



==============================================================================

Memory Map of the image

  Image Entry point : 0x08000299

  Load Region LR_IROM1 (Base: 0x08000000, Size: 0x00001f30, Max: 0x00020000, ABSOLUTE)

    Execution Region ER_IROM1 (Base: 0x08000000, Size: 0x00001f1c, Max: 0x00020000, ABSOLUTE)

    Base Addr    Size         Type   Attr      Idx    E Section Name        Object

    0x08000000   0x00000298   Data   RO            3    RESET               startup_stm32h750xx.o
    0x08000298   0x00000008   Code   RO         3893  * !!!main             c_w.l(__main.o)
    0x080002a0   0x00000034   Code   RO         4050    !!!scatter          c_w.l(__scatter.o)
    0x080002d4   0x0000001a   Code   RO         4052    !!handler_copy      c_w.l(__scatter_copy.o)
    0x080002ee   0x00000002   PAD
    0x080002f0   0x0000001c   Code   RO         4054    !!handler_zi        c_w.l(__scatter_zi.o)
    0x0800030c   0x00000002   Code   RO         3920    .ARM.Collect$$libinit$$00000000  c_w.l(libinit.o)
    0x0800030e   0x00000004   Code   RO         3926    .ARM.Collect$$libinit$$00000001  c_w.l(libinit2.o)
    0x08000312   0x00000000   Code   RO         3929    .ARM.Collect$$libinit$$00000004  c_w.l(libinit2.o)
    0x08000312   0x00000000   Code   RO         3932    .ARM.Collect$$libinit$$0000000A  c_w.l(libinit2.o)
    0x08000312   0x00000000   Code   RO         3934    .ARM.Collect$$libinit$$0000000C  c_w.l(libinit2.o)
    0x08000312   0x00000000   Code   RO         3936    .ARM.Collect$$libinit$$0000000E  c_w.l(libinit2.o)
    0x08000312   0x00000000   Code   RO         3939    .ARM.Collect$$libinit$$00000011  c_w.l(libinit2.o)
    0x08000312   0x00000000   Code   RO         3941    .ARM.Collect$$libinit$$00000013  c_w.l(libinit2.o)
    0x08000312   0x00000000   Code   RO         3943    .ARM.Collect$$libinit$$00000015  c_w.l(libinit2.o)
    0x08000312   0x00000000   Code   RO         3945    .ARM.Collect$$libinit$$00000017  c_w.l(libinit2.o)
    0x08000312   0x00000000   Code   RO         3947    .ARM.Collect$$libinit$$00000019  c_w.l(libinit2.o)
    0x08000312   0x00000000   Code   RO         3949    .ARM.Collect$$libinit$$0000001B  c_w.l(libinit2.o)
    0x08000312   0x00000000   Code   RO         3951    .ARM.Collect$$libinit$$0000001D  c_w.l(libinit2.o)
    0x08000312   0x00000000   Code   RO         3953    .ARM.Collect$$libinit$$0000001F  c_w.l(libinit2.o)
    0x08000312   0x00000000   Code   RO         3955    .ARM.Collect$$libinit$$00000021  c_w.l(libinit2.o)
    0x08000312   0x00000000   Code   RO         3957    .ARM.Collect$$libinit$$00000023  c_w.l(libinit2.o)
    0x08000312   0x00000000   Code   RO         3959    .ARM.Collect$$libinit$$00000025  c_w.l(libinit2.o)
    0x08000312   0x00000000   Code   RO         3963    .ARM.Collect$$libinit$$0000002C  c_w.l(libinit2.o)
    0x08000312   0x00000000   Code   RO         3965    .ARM.Collect$$libinit$$0000002E  c_w.l(libinit2.o)
    0x08000312   0x00000000   Code   RO         3967    .ARM.Collect$$libinit$$00000030  c_w.l(libinit2.o)
    0x08000312   0x00000000   Code   RO         3969    .ARM.Collect$$libinit$$00000032  c_w.l(libinit2.o)
    0x08000312   0x00000002   Code   RO         3970    .ARM.Collect$$libinit$$00000033  c_w.l(libinit2.o)
    0x08000314   0x00000002   Code   RO         3990    .ARM.Collect$$libshutdown$$00000000  c_w.l(libshutdown.o)
    0x08000316   0x00000000   Code   RO         4003    .ARM.Collect$$libshutdown$$00000002  c_w.l(libshutdown2.o)
    0x08000316   0x00000000   Code   RO         4005    .ARM.Collect$$libshutdown$$00000004  c_w.l(libshutdown2.o)
    0x08000316   0x00000000   Code   RO         4008    .ARM.Collect$$libshutdown$$00000007  c_w.l(libshutdown2.o)
    0x08000316   0x00000000   Code   RO         4011    .ARM.Collect$$libshutdown$$0000000A  c_w.l(libshutdown2.o)
    0x08000316   0x00000000   Code   RO         4013    .ARM.Collect$$libshutdown$$0000000C  c_w.l(libshutdown2.o)
    0x08000316   0x00000000   Code   RO         4016    .ARM.Collect$$libshutdown$$0000000F  c_w.l(libshutdown2.o)
    0x08000316   0x00000002   Code   RO         4017    .ARM.Collect$$libshutdown$$00000010  c_w.l(libshutdown2.o)
    0x08000318   0x00000000   Code   RO         3895    .ARM.Collect$$rtentry$$00000000  c_w.l(__rtentry.o)
    0x08000318   0x00000000   Code   RO         3897    .ARM.Collect$$rtentry$$00000002  c_w.l(__rtentry2.o)
    0x08000318   0x00000006   Code   RO         3909    .ARM.Collect$$rtentry$$00000004  c_w.l(__rtentry4.o)
    0x0800031e   0x00000000   Code   RO         3899    .ARM.Collect$$rtentry$$00000009  c_w.l(__rtentry2.o)
    0x0800031e   0x00000004   Code   RO         3900    .ARM.Collect$$rtentry$$0000000A  c_w.l(__rtentry2.o)
    0x08000322   0x00000000   Code   RO         3902    .ARM.Collect$$rtentry$$0000000C  c_w.l(__rtentry2.o)
    0x08000322   0x00000008   Code   RO         3903    .ARM.Collect$$rtentry$$0000000D  c_w.l(__rtentry2.o)
    0x0800032a   0x00000002   Code   RO         3924    .ARM.Collect$$rtexit$$00000000  c_w.l(rtexit.o)
    0x0800032c   0x00000000   Code   RO         3972    .ARM.Collect$$rtexit$$00000002  c_w.l(rtexit2.o)
    0x0800032c   0x00000004   Code   RO         3973    .ARM.Collect$$rtexit$$00000003  c_w.l(rtexit2.o)
    0x08000330   0x00000006   Code   RO         3974    .ARM.Collect$$rtexit$$00000004  c_w.l(rtexit2.o)
    0x08000336   0x00000002   PAD
    0x08000338   0x00000040   Code   RO            4    .text               startup_stm32h750xx.o
    0x08000378   0x00000064   Code   RO         3889    .text               c_w.l(rt_memcpy_w.o)
    0x080003dc   0x00000006   Code   RO         3891    .text               c_w.l(heapauxi.o)
    0x080003e2   0x0000004a   Code   RO         3911    .text               c_w.l(sys_stackheap_outer.o)
    0x0800042c   0x00000012   Code   RO         3913    .text               c_w.l(exit.o)
    0x0800043e   0x00000002   PAD
    0x08000440   0x00000008   Code   RO         3921    .text               c_w.l(libspace.o)
    0x08000448   0x0000000c   Code   RO         3982    .text               c_w.l(sys_exit.o)
    0x08000454   0x00000002   Code   RO         3993    .text               c_w.l(use_no_semi.o)
    0x08000456   0x00000000   Code   RO         3995    .text               c_w.l(indicate_semi.o)
    0x08000456   0x00000002   Code   RO         3778    i.BusFault_Handler  stm32h7xx_it_1.o
    0x08000458   0x00000002   Code   RO         3779    i.DebugMon_Handler  stm32h7xx_it_1.o
    0x0800045a   0x00000002   PAD
    0x0800045c   0x00000010   Code   RO          727    i.HAL_EnableCompensationCell  stm32h7xx_hal.o
    0x0800046c   0x000001dc   Code   RO         1241    i.HAL_GPIO_Init     stm32h7xx_hal_gpio.o
    0x08000648   0x0000000c   Code   RO          731    i.HAL_GetREVID      stm32h7xx_hal.o
    0x08000654   0x0000000c   Code   RO          732    i.HAL_GetTick       stm32h7xx_hal.o
    0x08000660   0x00000010   Code   RO          738    i.HAL_IncTick       stm32h7xx_hal.o
    0x08000670   0x0000005c   Code   RO          739    i.HAL_Init          stm32h7xx_hal.o
    0x080006cc   0x00000040   Code   RO          740    i.HAL_InitTick      stm32h7xx_hal.o
    0x0800070c   0x00000002   Code   RO         3749    i.HAL_MspInit       stm32h7xx_hal_msp_1.o
    0x0800070e   0x00000002   PAD
    0x08000710   0x00000040   Code   RO         1037    i.HAL_NVIC_SetPriority  stm32h7xx_hal_cortex.o
    0x08000750   0x00000024   Code   RO         1038    i.HAL_NVIC_SetPriorityGrouping  stm32h7xx_hal_cortex.o
    0x08000774   0x00000270   Code   RO         1305    i.HAL_RCC_ClockConfig  stm32h7xx_hal_rcc.o
    0x080009e4   0x00000130   Code   RO         1314    i.HAL_RCC_GetSysClockFreq  stm32h7xx_hal_rcc.o
    0x08000b14   0x0000056e   Code   RO         1317    i.HAL_RCC_OscConfig  stm32h7xx_hal_rcc.o
    0x08001082   0x00000028   Code   RO         1042    i.HAL_SYSTICK_Config  stm32h7xx_hal_cortex.o
    0x080010aa   0x00000062   Code   RO         1974    i.HAL_TIM_Base_Init  stm32h7xx_hal_tim.o
    0x0800110c   0x00000050   Code   RO         3490    i.HAL_TIM_Base_MspInit  pwm.o
    0x0800115c   0x00000080   Code   RO         1977    i.HAL_TIM_Base_Start  stm32h7xx_hal_tim.o
    0x080011dc   0x000000fc   Code   RO         1983    i.HAL_TIM_ConfigClockSource  stm32h7xx_hal_tim.o
    0x080012d8   0x0000006e   Code   RO         2023    i.HAL_TIM_OC_ConfigChannel  stm32h7xx_hal_tim.o
    0x08001346   0x00000062   Code   RO         2027    i.HAL_TIM_OC_Init   stm32h7xx_hal_tim.o
    0x080013a8   0x00000002   Code   RO         3491    i.HAL_TIM_OC_MspInit  pwm.o
    0x080013aa   0x00000002   PAD
    0x080013ac   0x0000011c   Code   RO         2030    i.HAL_TIM_OC_Start  stm32h7xx_hal_tim.o
    0x080014c8   0x00000124   Code   RO         2046    i.HAL_TIM_PWM_ConfigChannel  stm32h7xx_hal_tim.o
    0x080015ec   0x00000062   Code   RO         2049    i.HAL_TIM_PWM_Init  stm32h7xx_hal_tim.o
    0x0800164e   0x00000002   Code   RO         3492    i.HAL_TIM_PWM_MspInit  pwm.o
    0x08001650   0x0000011c   Code   RO         2054    i.HAL_TIM_PWM_Start  stm32h7xx_hal_tim.o
    0x0800176c   0x00000002   Code   RO         3780    i.HardFault_Handler  stm32h7xx_it_1.o
    0x0800176e   0x00000002   Code   RO         3781    i.MemManage_Handler  stm32h7xx_it_1.o
    0x08001770   0x00000002   Code   RO         3782    i.NMI_Handler       stm32h7xx_it_1.o
    0x08001772   0x00000002   PAD
    0x08001774   0x00000074   Code   RO         3493    i.OC_Init           pwm.o
    0x080017e8   0x00000074   Code   RO         3494    i.PWM_Init          pwm.o
    0x0800185c   0x00000002   Code   RO         3783    i.PendSV_Handler    stm32h7xx_it_1.o
    0x0800185e   0x00000002   Code   RO         3784    i.SVC_Handler       stm32h7xx_it_1.o
    0x08001860   0x000000bc   Code   RO         3439    i.Stm32_Clock_Init  sys.o
    0x0800191c   0x00000004   Code   RO         3785    i.SysTick_Handler   stm32h7xx_it_1.o
    0x08001920   0x00000098   Code   RO         3854    i.SystemInit        system_stm32h7xx_1.o
    0x080019b8   0x00000048   Code   RO         3495    i.TIM2_Init         pwm.o
    0x08001a00   0x000000c0   Code   RO         2067    i.TIM_Base_SetConfig  stm32h7xx_hal_tim.o
    0x08001ac0   0x0000001a   Code   RO         2068    i.TIM_CCxChannelCmd  stm32h7xx_hal_tim.o
    0x08001ada   0x00000014   Code   RO         2078    i.TIM_ETR_SetConfig  stm32h7xx_hal_tim.o
    0x08001aee   0x00000002   PAD
    0x08001af0   0x00000014   Code   RO         2079    i.TIM_ITRx_SetConfig  stm32h7xx_hal_tim.o
    0x08001b04   0x0000009c   Code   RO         2080    i.TIM_OC1_SetConfig  stm32h7xx_hal_tim.o
    0x08001ba0   0x00000090   Code   RO         2081    i.TIM_OC2_SetConfig  stm32h7xx_hal_tim.o
    0x08001c30   0x00000090   Code   RO         2082    i.TIM_OC3_SetConfig  stm32h7xx_hal_tim.o
    0x08001cc0   0x00000074   Code   RO         2083    i.TIM_OC4_SetConfig  stm32h7xx_hal_tim.o
    0x08001d34   0x00000070   Code   RO         2084    i.TIM_OC5_SetConfig  stm32h7xx_hal_tim.o
    0x08001da4   0x00000070   Code   RO         2085    i.TIM_OC6_SetConfig  stm32h7xx_hal_tim.o
    0x08001e14   0x00000022   Code   RO         2087    i.TIM_TI1_ConfigInputStage  stm32h7xx_hal_tim.o
    0x08001e36   0x00000024   Code   RO         2089    i.TIM_TI2_ConfigInputStage  stm32h7xx_hal_tim.o
    0x08001e5a   0x00000002   Code   RO         3786    i.UsageFault_Handler  stm32h7xx_it_1.o
    0x08001e5c   0x00000020   Code   RO         1044    i.__NVIC_SetPriority  stm32h7xx_hal_cortex.o
    0x08001e7c   0x00000022   Code   RO         3553    i.main              main_1.o
    0x08001e9e   0x00000018   Code   RO         3357    i.motor_left_ctl    motor.o
    0x08001eb6   0x00000018   Code   RO         3358    i.motor_right_ctl   motor.o
    0x08001ece   0x00000012   Code   RO         3496    i.pwm               pwm.o
    0x08001ee0   0x0000000a   Code   RO         3980    x$fpl$fpinit        fz_wv.l(fpinit.o)
    0x08001eea   0x00000010   Data   RO         3855    .constdata          system_stm32h7xx_1.o
    0x08001efa   0x00000002   PAD
    0x08001efc   0x00000020   Data   RO         4048    Region$$Table       anon$$obj.o


    Execution Region RW_IRAM1 (Base: 0x20000000, Size: 0x00000000, Max: 0x00020000, ABSOLUTE)

    **** No section assigned to this execution region ****


    Execution Region RW_IRAM2 (Base: 0x24000000, Size: 0x000006e0, Max: 0x00080000, ABSOLUTE)

    Base Addr    Size         Type   Attr      Idx    E Section Name        Object

    0x24000000   0x0000000c   Data   RW          761    .data               stm32h7xx_hal.o
    0x2400000c   0x00000008   Data   RW         3856    .data               system_stm32h7xx_1.o
    0x24000014   0x00000068   Zero   RW         3497    .bss                pwm.o
    0x2400007c   0x00000060   Zero   RW         3922    .bss                c_w.l(libspace.o)
    0x240000dc   0x00000004   PAD
    0x240000e0   0x00000200   Zero   RW            2    HEAP                startup_stm32h750xx.o
    0x240002e0   0x00000400   Zero   RW            1    STACK               startup_stm32h750xx.o


==============================================================================

Image component sizes


      Code (inc. data)   RO Data    RW Data    ZI Data      Debug   Object Name

         0          0          0          0          0        816   delay.o
        34          0          0          0          0        435   main_1.o
        48          0          0          0          0       1023   motor.o
       406         22          0          0        104       4156   pwm.o
        64         26        664          0       1536        844   startup_stm32h750xx.o
       212         44          0         12          0      23037   stm32h7xx_hal.o
       172         14          0          0          0      38646   stm32h7xx_hal_cortex.o
         0          0          0          0          0    1200059   stm32h7xx_hal_dma.o
       476         50          0          0          0       1568   stm32h7xx_hal_gpio.o
         2          0          0          0          0        426   stm32h7xx_hal_msp_1.o
      2318         90          0          0          0       5372   stm32h7xx_hal_rcc.o
      2756        312          0          0          0      17787   stm32h7xx_hal_tim.o
        20          0          0          0          0       3814   stm32h7xx_it_1.o
       188         14          0          0          0       1207   sys.o
       152         20         16          8          0       1138   system_stm32h7xx_1.o

    ----------------------------------------------------------------------
      6858        592        714         20       1640    1300328   Object Totals
         0          0         32          0          0          0   (incl. Generated)
        10          0          2          0          0          0   (incl. Padding)

    ----------------------------------------------------------------------

      Code (inc. data)   RO Data    RW Data    ZI Data      Debug   Library Member Name

         8          0          0          0          0         68   __main.o
         0          0          0          0          0          0   __rtentry.o
        12          0          0          0          0          0   __rtentry2.o
         6          0          0          0          0          0   __rtentry4.o
        52          8          0          0          0          0   __scatter.o
        26          0          0          0          0          0   __scatter_copy.o
        28          0          0          0          0          0   __scatter_zi.o
        18          0          0          0          0         80   exit.o
         6          0          0          0          0        152   heapauxi.o
         0          0          0          0          0          0   indicate_semi.o
         2          0          0          0          0          0   libinit.o
         6          0          0          0          0          0   libinit2.o
         2          0          0          0          0          0   libshutdown.o
         2          0          0          0          0          0   libshutdown2.o
         8          4          0          0         96         68   libspace.o
       100          0          0          0          0         80   rt_memcpy_w.o
         2          0          0          0          0          0   rtexit.o
        10          0          0          0          0          0   rtexit2.o
        12          4          0          0          0         68   sys_exit.o
        74          0          0          0          0         80   sys_stackheap_outer.o
         2          0          0          0          0         68   use_no_semi.o
        10          0          0          0          0        116   fpinit.o

    ----------------------------------------------------------------------
       392         16          0          0        100        780   Library Totals
         6          0          0          0          4          0   (incl. Padding)

    ----------------------------------------------------------------------

      Code (inc. data)   RO Data    RW Data    ZI Data      Debug   Library Name

       376         16          0          0         96        664   c_w.l
        10          0          0          0          0        116   fz_wv.l

    ----------------------------------------------------------------------
       392         16          0          0        100        780   Library Totals

    ----------------------------------------------------------------------

==============================================================================


      Code (inc. data)   RO Data    RW Data    ZI Data      Debug   

      7250        608        714         20       1740    1296000   Grand Totals
      7250        608        714         20       1740    1296000   ELF Image Totals
      7250        608        714         20          0          0   ROM Totals

==============================================================================

    Total RO  Size (Code + RO Data)                 7964 (   7.78kB)
    Total RW  Size (RW Data + ZI Data)              1760 (   1.72kB)
    Total ROM Size (Code + RO Data + RW Data)       7984 (   7.80kB)

==============================================================================

