<html>
<body>
<pre>
<h1>µVision Build Log</h1>
<h2>Tool Versions:</h2>
IDE-Version: ¦ÌVision V5.23.0.0
Copyright (C) 2017 ARM Ltd and ARM Germany GmbH. All rights reserved.
License Information: L H, 111, LIC=NQQMA-1GISV-8T03P-MUESG-N50IF-JZTIW
 
Tool Versions:
Toolchain:       MDK-ARM Plus  Version: 5.23
Toolchain Path:  D:\Keil_v5\ARM\ARMCC\Bin
C Compiler:      Armcc.exe V5.06 update 4 (build 422)
Assembler:       Armasm.exe V5.06 update 4 (build 422)
Linker/Locator:  ArmLink.exe V5.06 update 4 (build 422)
Library Manager: ArmAr.exe V5.06 update 4 (build 422)
Hex Converter:   FromElf.exe V5.06 update 4 (build 422)
CPU DLL:         SARMCM3.DLL V5.23
Dialog DLL:      DCM.DLL V1.15.0.0
Target DLL:      STLink\ST-LINKIII-KEIL_SWO.dll V2.0.18.0
Dialog DLL:      TCM.DLL V1.27.0.0
 
<h2>Project:</h2>
D:\STM32\stm32h7\project\USER\project.uvprojx
Project File Date:  05/20/2024

<h2>Output:</h2>
*** Using Compiler 'V5.06 update 4 (build 422)', folder: 'D:\Keil_v5\ARM\ARMCC\Bin'
Rebuild target 'Snake'
assembling startup_stm32h750xx.s...
compiling stm32h7xx_hal_cortex.c...
compiling stm32h7xx_hal_exti.c...
compiling stm32h7xx_hal.c...
compiling stm32h7xx_hal_gpio.c...
compiling stm32h7xx_hal_rcc.c...
compiling stm32h7xx_hal_rtc.c...
compiling stm32h7xx_hal_rtc_ex.c...
compiling stm32h7xx_hal_tim_ex.c...
compiling stm32h7xx_hal_rcc_ex.c...
compiling stm32h7xx_hal_tim.c...
compiling stm32h7xx_hal_pwr.c...
compiling stm32h7xx_hal_uart_ex.c...
compiling stm32h7xx_hal_usart.c...
compiling stm32h7xx_hal_pwr_ex.c...
compiling stm32h7xx_hal_uart.c...
compiling stm32h7xx_hal_usart_ex.c...
compiling stm32h7xx_hal_dma2d.c...
compiling stm32h7xx_hal_dma_ex.c...
compiling stm32h7xx_hal_i2c.c...
compiling stm32h7xx_hal_dma.c...
compiling stm32h7xx_hal_i2c_ex.c...
compiling motor.c...
compiling HC-SR04.c...
..\HARDWARE\HC-SR04\HC-SR04.c(149): warning:  #940-D: missing return statement at end of non-void function "HC_SR04_GetDistance" 
  }
..\HARDWARE\HC-SR04\HC-SR04.c(171): warning:  #1035-D: single-precision operand implicitly converted to double-precision
  	Distance = Distance/5.0;
..\HARDWARE\HC-SR04\HC-SR04.c(202): warning:  #1-D: last line of file ends without a newline
  }
..\HARDWARE\HC-SR04\HC-SR04.c: 3 warnings, 0 errors
compiling MPU_6050.c...
compiling delay.c...
compiling sys.c...
compiling pwm.c...
compiling timer.c...
compiling main.c...
compiling usart.c...
compiling stm32h7xx_hal_msp.c...
compiling stm32h7xx_it.c...
compiling system_stm32h7xx.c...
linking...
Program Size: Code=19642 RO-data=914 RW-data=44 ZI-data=2236  
FromELF: creating hex file...
"..\OBJ\project.axf" - 0 Error(s), 3 Warning(s).

<h2>Collection of Component include folders:</h2>
  .\RTE\_Snake
  D:\Keil_v5\ARM\PACK\Keil\STM32H7xx_DFP\2.3.1\Drivers\CMSIS\Device\ST\STM32H7xx\Include

<h2>Collection of Component Files used:</h2>
Build Time Elapsed:  00:04:33
</pre>
</body>
</html>
