Component: ARM Compiler 5.06 update 4 (build 422) Tool: armlink [4d35d2]

==============================================================================

Section Cross References

    startup_stm32h750xx.o(STACK) refers (Special) to heapauxi.o(.text) for __use_two_region_memory
    startup_stm32h750xx.o(HEAP) refers (Special) to heapauxi.o(.text) for __use_two_region_memory
    startup_stm32h750xx.o(RESET) refers (Special) to heapauxi.o(.text) for __use_two_region_memory
    startup_stm32h750xx.o(RESET) refers to startup_stm32h750xx.o(STACK) for __initial_sp
    startup_stm32h750xx.o(RESET) refers to startup_stm32h750xx.o(.text) for Reset_Handler
    startup_stm32h750xx.o(RESET) refers to stm32h7xx_it_1.o(i.NMI_Handler) for NMI_Handler
    startup_stm32h750xx.o(RESET) refers to stm32h7xx_it_1.o(i.HardFault_Handler) for HardFault_Handler
    startup_stm32h750xx.o(RESET) refers to stm32h7xx_it_1.o(i.MemManage_Handler) for MemManage_Handler
    startup_stm32h750xx.o(RESET) refers to stm32h7xx_it_1.o(i.BusFault_Handler) for BusFault_Handler
    startup_stm32h750xx.o(RESET) refers to stm32h7xx_it_1.o(i.UsageFault_Handler) for UsageFault_Handler
    startup_stm32h750xx.o(RESET) refers to stm32h7xx_it_1.o(i.SVC_Handler) for SVC_Handler
    startup_stm32h750xx.o(RESET) refers to stm32h7xx_it_1.o(i.DebugMon_Handler) for DebugMon_Handler
    startup_stm32h750xx.o(RESET) refers to stm32h7xx_it_1.o(i.PendSV_Handler) for PendSV_Handler
    startup_stm32h750xx.o(RESET) refers to stm32h7xx_it_1.o(i.SysTick_Handler) for SysTick_Handler
    startup_stm32h750xx.o(RESET) refers to hc-sr04.o(i.EXTI2_IRQHandler) for EXTI2_IRQHandler
    startup_stm32h750xx.o(RESET) refers to usart.o(i.USART1_IRQHandler) for USART1_IRQHandler
    startup_stm32h750xx.o(.text) refers (Special) to heapauxi.o(.text) for __use_two_region_memory
    startup_stm32h750xx.o(.text) refers to system_stm32h7xx_1.o(i.SystemInit) for SystemInit
    startup_stm32h750xx.o(.text) refers to __main.o(!!!main) for __main
    startup_stm32h750xx.o(.text) refers to startup_stm32h750xx.o(HEAP) for Heap_Mem
    startup_stm32h750xx.o(.text) refers to startup_stm32h750xx.o(STACK) for Stack_Mem
    stm32h7xx_hal.o(i.HAL_DeInit) refers to stm32h7xx_hal_msp_1.o(i.HAL_MspDeInit) for HAL_MspDeInit
    stm32h7xx_hal.o(i.HAL_Delay) refers to stm32h7xx_hal.o(i.HAL_GetTick) for HAL_GetTick
    stm32h7xx_hal.o(i.HAL_Delay) refers to stm32h7xx_hal.o(.data) for .data
    stm32h7xx_hal.o(i.HAL_GetTick) refers to stm32h7xx_hal.o(.data) for .data
    stm32h7xx_hal.o(i.HAL_GetTickFreq) refers to stm32h7xx_hal.o(.data) for .data
    stm32h7xx_hal.o(i.HAL_GetTickPrio) refers to stm32h7xx_hal.o(.data) for .data
    stm32h7xx_hal.o(i.HAL_IncTick) refers to stm32h7xx_hal.o(.data) for .data
    stm32h7xx_hal.o(i.HAL_Init) refers to stm32h7xx_hal_cortex.o(i.HAL_NVIC_SetPriorityGrouping) for HAL_NVIC_SetPriorityGrouping
    stm32h7xx_hal.o(i.HAL_Init) refers to stm32h7xx_hal_rcc.o(i.HAL_RCC_GetSysClockFreq) for HAL_RCC_GetSysClockFreq
    stm32h7xx_hal.o(i.HAL_Init) refers to stm32h7xx_hal.o(i.HAL_InitTick) for HAL_InitTick
    stm32h7xx_hal.o(i.HAL_Init) refers to stm32h7xx_hal_msp_1.o(i.HAL_MspInit) for HAL_MspInit
    stm32h7xx_hal.o(i.HAL_Init) refers to system_stm32h7xx_1.o(.constdata) for D1CorePrescTable
    stm32h7xx_hal.o(i.HAL_Init) refers to system_stm32h7xx_1.o(.data) for SystemD2Clock
    stm32h7xx_hal.o(i.HAL_InitTick) refers to stm32h7xx_hal_cortex.o(i.HAL_SYSTICK_Config) for HAL_SYSTICK_Config
    stm32h7xx_hal.o(i.HAL_InitTick) refers to stm32h7xx_hal_cortex.o(i.HAL_NVIC_SetPriority) for HAL_NVIC_SetPriority
    stm32h7xx_hal.o(i.HAL_InitTick) refers to stm32h7xx_hal.o(.data) for .data
    stm32h7xx_hal.o(i.HAL_InitTick) refers to system_stm32h7xx_1.o(.data) for SystemCoreClock
    stm32h7xx_hal.o(i.HAL_SYSCFG_EnableVREFBUF) refers to stm32h7xx_hal.o(i.HAL_GetTick) for HAL_GetTick
    stm32h7xx_hal.o(i.HAL_SetTickFreq) refers to stm32h7xx_hal.o(i.HAL_InitTick) for HAL_InitTick
    stm32h7xx_hal.o(i.HAL_SetTickFreq) refers to stm32h7xx_hal.o(.data) for .data
    stm32h7xx_hal_cortex.o(i.HAL_NVIC_SetPriority) refers to stm32h7xx_hal_cortex.o(i.__NVIC_SetPriority) for __NVIC_SetPriority
    stm32h7xx_hal_cortex.o(i.HAL_SYSTICK_Config) refers to stm32h7xx_hal_cortex.o(i.__NVIC_SetPriority) for __NVIC_SetPriority
    stm32h7xx_hal_cortex.o(i.HAL_SYSTICK_IRQHandler) refers to stm32h7xx_hal_cortex.o(i.HAL_SYSTICK_Callback) for HAL_SYSTICK_Callback
    stm32h7xx_hal_gpio.o(i.HAL_GPIO_EXTI_IRQHandler) refers to hc-sr04.o(i.HAL_GPIO_EXTI_Callback) for HAL_GPIO_EXTI_Callback
    stm32h7xx_hal_rcc.o(i.HAL_RCC_ClockConfig) refers to stm32h7xx_hal.o(i.HAL_GetTick) for HAL_GetTick
    stm32h7xx_hal_rcc.o(i.HAL_RCC_ClockConfig) refers to stm32h7xx_hal_rcc.o(i.HAL_RCC_GetSysClockFreq) for HAL_RCC_GetSysClockFreq
    stm32h7xx_hal_rcc.o(i.HAL_RCC_ClockConfig) refers to stm32h7xx_hal.o(i.HAL_InitTick) for HAL_InitTick
[...]
    i.HAL_GetTick                            0x08001de4   Section        0  stm32h7xx_hal.o(i.HAL_GetTick)
    i.HAL_I2C_Init                           0x08001df0   Section        0  stm32h7xx_hal_i2c.o(i.HAL_I2C_Init)
    i.HAL_I2C_Mem_Write                      0x08001ea8   Section        0  stm32h7xx_hal_i2c.o(i.HAL_I2C_Mem_Write)
    i.HAL_I2C_MspInit                        0x08002000   Section        0  mpu_6050.o(i.HAL_I2C_MspInit)
    i.HAL_IncTick                            0x08002060   Section        0  stm32h7xx_hal.o(i.HAL_IncTick)
    i.HAL_Init                               0x08002070   Section        0  stm32h7xx_hal.o(i.HAL_Init)
    i.HAL_InitTick                           0x080020cc   Section        0  stm32h7xx_hal.o(i.HAL_InitTick)
    i.HAL_MspInit                            0x0800210c   Section        0  stm32h7xx_hal_msp_1.o(i.HAL_MspInit)
    i.HAL_NVIC_ClearPendingIRQ               0x0800210e   Section        0  stm32h7xx_hal_cortex.o(i.HAL_NVIC_ClearPendingIRQ)
    i.HAL_NVIC_EnableIRQ                     0x08002128   Section        0  stm32h7xx_hal_cortex.o(i.HAL_NVIC_EnableIRQ)
    i.HAL_NVIC_SetPriority                   0x08002144   Section        0  stm32h7xx_hal_cortex.o(i.HAL_NVIC_SetPriority)
    i.HAL_NVIC_SetPriorityGrouping           0x08002184   Section        0  stm32h7xx_hal_cortex.o(i.HAL_NVIC_SetPriorityGrouping)
    i.HAL_RCCEx_GetD3PCLK1Freq               0x080021a8   Section        0  stm32h7xx_hal_rcc_ex.o(i.HAL_RCCEx_GetD3PCLK1Freq)
    i.HAL_RCCEx_GetPLL2ClockFreq             0x080021cc   Section        0  stm32h7xx_hal_rcc_ex.o(i.HAL_RCCEx_GetPLL2ClockFreq)
    i.HAL_RCCEx_GetPLL3ClockFreq             0x08002308   Section        0  stm32h7xx_hal_rcc_ex.o(i.HAL_RCCEx_GetPLL3ClockFreq)
    i.HAL_RCC_ClockConfig                    0x08002444   Section        0  stm32h7xx_hal_rcc.o(i.HAL_RCC_ClockConfig)
    i.HAL_RCC_GetHCLKFreq                    0x080026b4   Section        0  stm32h7xx_hal_rcc.o(i.HAL_RCC_GetHCLKFreq)
    i.HAL_RCC_GetPCLK1Freq                   0x080026f8   Section        0  stm32h7xx_hal_rcc.o(i.HAL_RCC_GetPCLK1Freq)
    i.HAL_RCC_GetPCLK2Freq                   0x0800271c   Section        0  stm32h7xx_hal_rcc.o(i.HAL_RCC_GetPCLK2Freq)
    i.HAL_RCC_GetSysClockFreq                0x08002740   Section        0  stm32h7xx_hal_rcc.o(i.HAL_RCC_GetSysClockFreq)
    i.HAL_RCC_OscConfig                      0x08002870   Section        0  stm32h7xx_hal_rcc.o(i.HAL_RCC_OscConfig)
    i.HAL_SYSTICK_CLKSourceConfig            0x08002dde   Section        0  stm32h7xx_hal_cortex.o(i.HAL_SYSTICK_CLKSourceConfig)
    i.HAL_SYSTICK_Config                     0x08002df6   Section        0  stm32h7xx_hal_cortex.o(i.HAL_SYSTICK_Config)
    i.HAL_TIM_Base_Init                      0x08002e1e   Section        0  stm32h7xx_hal_tim.o(i.HAL_TIM_Base_Init)
    i.HAL_TIM_Base_MspInit                   0x08002e80   Section        0  timer.o(i.HAL_TIM_Base_MspInit)
    i.HAL_TIM_Base_Start                     0x08002f14   Section        0  stm32h7xx_hal_tim.o(i.HAL_TIM_Base_Start)
    i.HAL_TIM_Base_Stop                      0x08002f94   Section        0  stm32h7xx_hal_tim.o(i.HAL_TIM_Base_Stop)
    i.HAL_TIM_ConfigClockSource              0x08002fbc   Section        0  stm32h7xx_hal_tim.o(i.HAL_TIM_ConfigClockSource)
    i.HAL_TIM_OC_ConfigChannel               0x080030b8   Section        0  stm32h7xx_hal_tim.o(i.HAL_TIM_OC_ConfigChannel)
    i.HAL_TIM_OC_Init                        0x08003126   Section        0  stm32h7xx_hal_tim.o(i.HAL_TIM_OC_Init)
    i.HAL_TIM_OC_MspInit                     0x08003188   Section        0  timer.o(i.HAL_TIM_OC_MspInit)
    i.HAL_TIM_OC_Start                       0x0800318c   Section        0  stm32h7xx_hal_tim.o(i.HAL_TIM_OC_Start)
    i.HAL_TIM_PWM_ConfigChannel              0x080032a8   Section        0  stm32h7xx_hal_tim.o(i.HAL_TIM_PWM_ConfigChannel)
    i.HAL_TIM_PWM_Init                       0x080033cc   Section        0  stm32h7xx_hal_tim.o(i.HAL_TIM_PWM_Init)
    i.HAL_TIM_PWM_MspInit                    0x0800342e   Section        0  pwm.o(i.HAL_TIM_PWM_MspInit)
    i.HAL_TIM_PWM_Start                      0x08003430   Section        0  stm32h7xx_hal_tim.o(i.HAL_TIM_PWM_Start)
    i.HAL_UARTEx_RxEventCallback             0x0800354c   Section        0  stm32h7xx_hal_uart.o(i.HAL_UARTEx_RxEventCallback)
    i.HAL_UARTEx_RxFifoFullCallback          0x0800354e   Section        0  stm32h7xx_hal_uart_ex.o(i.HAL_UARTEx_RxFifoFullCallback)
    i.HAL_UARTEx_TxFifoEmptyCallback         0x08003550   Section        0  stm32h7xx_hal_uart_ex.o(i.HAL_UARTEx_TxFifoEmptyCallback)
    i.HAL_UARTEx_WakeupCallback              0x08003552   Section        0  stm32h7xx_hal_uart_ex.o(i.HAL_UARTEx_WakeupCallback)
    i.HAL_UART_ErrorCallback                 0x08003554   Section        0  stm32h7xx_hal_uart.o(i.HAL_UART_ErrorCallback)
    i.HAL_UART_GetState                      0x08003556   Section        0  stm32h7xx_hal_uart.o(i.HAL_UART_GetState)
    i.HAL_UART_IRQHandler                    0x08003564   Section        0  stm32h7xx_hal_uart.o(i.HAL_UART_IRQHandler)
    i.HAL_UART_Init                          0x080038e8   Section        0  stm32h7xx_hal_uart.o(i.HAL_UART_Init)
    i.HAL_UART_MspInit                       0x08003954   Section        0  usart.o(i.HAL_UART_MspInit)
    i.HAL_UART_Receive_IT                    0x080039d4   Section        0  stm32h7xx_hal_uart.o(i.HAL_UART_Receive_IT)
    i.HAL_UART_RxCpltCallback                0x08003a1c   Section        0  usart.o(i.HAL_UART_RxCpltCallback)
    i.HAL_UART_TxCpltCallback                0x08003a74   Section        0  stm32h7xx_hal_uart.o(i.HAL_UART_TxCpltCallback)
    i.HC_SR04_GPIO_Init                      0x08003a78   Section        0  hc-sr04.o(i.HC_SR04_GPIO_Init)
    i.HC_SR04_Start                          0x08003ad8   Section        0  hc-sr04.o(i.HC_SR04_Start)
    i.HC_SR04_TIM7_Init                      0x08003b00   Section        0  hc-sr04.o(i.HC_SR04_TIM7_Init)
    i.HardFault_Handler                      0x08003b50   Section        0  stm32h7xx_it_1.o(i.HardFault_Handler)
    i.I2C_Flush_TXDR                         0x08003b52   Section        0  stm32h7xx_hal_i2c.o(i.I2C_Flush_TXDR)
    I2C_Flush_TXDR                           0x08003b53   Thumb Code    34  stm32h7xx_hal_i2c.o(i.I2C_Flush_TXDR)
    i.I2C_IsErrorOccurred                    0x08003b74   Section        0  stm32h7xx_hal_i2c.o(i.I2C_IsErrorOccurred)
    I2C_IsErrorOccurred                      0x08003b75   Thumb Code   258  stm32h7xx_hal_i2c.o(i.I2C_IsErrorOccurred)
    i.I2C_RequestMemoryWrite                 0x08003c7c   Section        0  stm32h7xx_hal_i2c.o(i.I2C_RequestMemoryWrite)
    I2C_RequestMemoryWrite                   0x08003c7d   Thumb Code    94  stm32h7xx_hal_i2c.o(i.I2C_RequestMemoryWrite)
    i.I2C_TransferConfig                     0x08003ce0   Section        0  stm32h7xx_hal_i2c.o(i.I2C_TransferConfig)
    I2C_TransferConfig                       0x08003ce1   Thumb Code    44  stm32h7xx_hal_i2c.o(i.I2C_TransferConfig)
    i.I2C_WaitOnFlagUntilTimeout             0x08003d10   Section        0  stm32h7xx_hal_i2c.o(i.I2C_WaitOnFlagUntilTimeout)
    I2C_WaitOnFlagUntilTimeout               0x08003d11   Thumb Code   110  stm32h7xx_hal_i2c.o(i.I2C_WaitOnFlagUntilTimeout)
    i.I2C_WaitOnSTOPFlagUntilTimeout         0x08003d7e   Section        0  stm32h7xx_hal_i2c.o(i.I2C_WaitOnSTOPFlagUntilTimeout)
    I2C_WaitOnSTOPFlagUntilTimeout           0x08003d7f   Thumb Code    88  stm32h7xx_hal_i2c.o(i.I2C_WaitOnSTOPFlagUntilTimeout)
    i.I2C_WaitOnTXISFlagUntilTimeout         0x08003dd6   Section        0  stm32h7xx_hal_i2c.o(i.I2C_WaitOnTXISFlagUntilTimeout)
    I2C_WaitOnTXISFlagUntilTimeout           0x08003dd7   Thumb Code    92  stm32h7xx_hal_i2c.o(i.I2C_WaitOnTXISFlagUntilTimeout)
    i.MPU_Init                               0x08003e34   Section        0  mpu_6050.o(i.MPU_Init)
    i.MemManage_Handler                      0x08003ef8   Section        0  stm32h7xx_it_1.o(i.MemManage_Handler)
    i.NMI_Handler                            0x08003efa   Section        0  stm32h7xx_it_1.o(i.NMI_Handler)
    i.OC_Init                                0x08003efc   Section        0  timer.o(i.OC_Init)
    i.OC_servo_Init                          0x08003f70   Section        0  servo.o(i.OC_servo_Init)
    i.PWM_Init                               0x08003fa4   Section        0  pwm.o(i.PWM_Init)
    i.PWM_servo_Init                         0x0800400c   Section        0  servo.o(i.PWM_servo_Init)
    i.PendSV_Handler                         0x08004040   Section        0  stm32h7xx_it_1.o(i.PendSV_Handler)
    i.SVC_Handler                            0x08004042   Section        0  stm32h7xx_it_1.o(i.SVC_Handler)
    i.Stm32_Clock_Init                       0x08004044   Section        0  sys.o(i.Stm32_Clock_Init)
    i.SysTick_Handler                        0x08004100   Section        0  stm32h7xx_it_1.o(i.SysTick_Handler)
    i.SystemInit                             0x08004104   Section        0  system_stm32h7xx_1.o(i.SystemInit)
    i.TIM2_Init                              0x0800419c   Section        0  timer.o(i.TIM2_Init)
    i.TIM4_Init                              0x080041e0   Section        0  servo.o(i.TIM4_Init)
    i.TIM_Base_SetConfig                     0x0800422c   Section        0  stm32h7xx_hal_tim.o(i.TIM_Base_SetConfig)
    i.TIM_CCxChannelCmd                      0x080042ec   Section        0  stm32h7xx_hal_tim.o(i.TIM_CCxChannelCmd)
    i.TIM_ETR_SetConfig                      0x08004306   Section        0  stm32h7xx_hal_tim.o(i.TIM_ETR_SetConfig)
    i.TIM_ITRx_SetConfig                     0x0800431c   Section        0  stm32h7xx_hal_tim.o(i.TIM_ITRx_SetConfig)
    TIM_ITRx_SetConfig                       0x0800431d   Thumb Code    16  stm32h7xx_hal_tim.o(i.TIM_ITRx_SetConfig)
    i.TIM_OC1_SetConfig                      0x08004330   Section        0  stm32h7xx_hal_tim.o(i.TIM_OC1_SetConfig)
    TIM_OC1_SetConfig                        0x08004331   Thumb Code   132  stm32h7xx_hal_tim.o(i.TIM_OC1_SetConfig)
    i.TIM_OC2_SetConfig                      0x080043cc   Section        0  stm32h7xx_hal_tim.o(i.TIM_OC2_SetConfig)
    i.TIM_OC3_SetConfig                      0x0800445c   Section        0  stm32h7xx_hal_tim.o(i.TIM_OC3_SetConfig)
    TIM_OC3_SetConfig                        0x0800445d   Thumb Code   118  stm32h7xx_hal_tim.o(i.TIM_OC3_SetConfig)
    i.TIM_OC4_SetConfig                      0x080044ec   Section        0  stm32h7xx_hal_tim.o(i.TIM_OC4_SetConfig)
    TIM_OC4_SetConfig                        0x080044ed   Thumb Code    92  stm32h7xx_hal_tim.o(i.TIM_OC4_SetConfig)
    i.TIM_OC5_SetConfig                      0x08004560   Section        0  stm32h7xx_hal_tim.o(i.TIM_OC5_SetConfig)
    TIM_OC5_SetConfig                        0x08004561   Thumb Code    86  stm32h7xx_hal_tim.o(i.TIM_OC5_SetConfig)
    i.TIM_OC6_SetConfig                      0x080045d0   Section        0  stm32h7xx_hal_tim.o(i.TIM_OC6_SetConfig)
    TIM_OC6_SetConfig                        0x080045d1   Thumb Code    88  stm32h7xx_hal_tim.o(i.TIM_OC6_SetConfig)
    i.TIM_TI1_ConfigInputStage               0x08004640   Section        0  stm32h7xx_hal_tim.o(i.TIM_TI1_ConfigInputStage)
    TIM_TI1_ConfigInputStage                 0x08004641   Thumb Code    34  stm32h7xx_hal_tim.o(i.TIM_TI1_ConfigInputStage)
    i.TIM_TI2_ConfigInputStage               0x08004662   Section        0  stm32h7xx_hal_tim.o(i.TIM_TI2_ConfigInputStage)
    TIM_TI2_ConfigInputStage                 0x08004663   Thumb Code    36  stm32h7xx_hal_tim.o(i.TIM_TI2_ConfigInputStage)
    i.UART_AdvFeatureConfig                  0x08004686   Section        0  stm32h7xx_hal_uart.o(i.UART_AdvFeatureConfig)
    i.UART_CheckIdleState                    0x0800474e   Section        0  stm32h7xx_hal_uart.o(i.UART_CheckIdleState)
    i.UART_DMAAbortOnError                   0x080047fa   Section        0  stm32h7xx_hal_uart.o(i.UART_DMAAbortOnError)
    UART_DMAAbortOnError                     0x080047fb   Thumb Code    20  stm32h7xx_hal_uart.o(i.UART_DMAAbortOnError)
    i.UART_EndRxTransfer                     0x08004810   Section        0  stm32h7xx_hal_uart.o(i.UART_EndRxTransfer)
    UART_EndRxTransfer                       0x08004811   Thumb Code    78  stm32h7xx_hal_uart.o(i.UART_EndRxTransfer)
    i.UART_RxISR_16BIT                       0x08004864   Section        0  stm32h7xx_hal_uart.o(i.UART_RxISR_16BIT)
    UART_RxISR_16BIT                         0x08004865   Thumb Code   196  stm32h7xx_hal_uart.o(i.UART_RxISR_16BIT)
    i.UART_RxISR_16BIT_FIFOEN                0x0800492c   Section        0  stm32h7xx_hal_uart.o(i.UART_RxISR_16BIT_FIFOEN)
    UART_RxISR_16BIT_FIFOEN                  0x0800492d   Thumb Code   400  stm32h7xx_hal_uart.o(i.UART_RxISR_16BIT_FIFOEN)
    i.UART_RxISR_8BIT                        0x08004ac8   Section        0  stm32h7xx_hal_uart.o(i.UART_RxISR_8BIT)
    UART_RxISR_8BIT                          0x08004ac9   Thumb Code   196  stm32h7xx_hal_uart.o(i.UART_RxISR_8BIT)
    i.UART_RxISR_8BIT_FIFOEN                 0x08004b90   Section        0  stm32h7xx_hal_uart.o(i.UART_RxISR_8BIT_FIFOEN)
    UART_RxISR_8BIT_FIFOEN                   0x08004b91   Thumb Code   400  stm32h7xx_hal_uart.o(i.UART_RxISR_8BIT_FIFOEN)
    i.UART_SetConfig                         0x08004d2c   Section        0  stm32h7xx_hal_uart.o(i.UART_SetConfig)
    i.UART_Start_Receive_IT                  0x080050c8   Section        0  stm32h7xx_hal_uart.o(i.UART_Start_Receive_IT)
    i.UART_WaitOnFlagUntilTimeout            0x080051d8   Section        0  stm32h7xx_hal_uart.o(i.UART_WaitOnFlagUntilTimeout)
    i.USART1_IRQHandler                      0x08005264   Section        0  usart.o(i.USART1_IRQHandler)
    i.UsageFault_Handler                     0x080052a8   Section        0  stm32h7xx_it_1.o(i.UsageFault_Handler)
    i.__ARM_fpclassify                       0x080052aa   Section        0  fpclassify.o(i.__ARM_fpclassify)
    i.__NVIC_SetPriority                     0x080052da   Section        0  stm32h7xx_hal_cortex.o(i.__NVIC_SetPriority)
    __NVIC_SetPriority                       0x080052db   Thumb Code    32  stm32h7xx_hal_cortex.o(i.__NVIC_SetPriority)
    i._sys_exit                              0x080052fa   Section        0  usart.o(i._sys_exit)
    i.delay_init                             0x080052fc   Section        0  delay.o(i.delay_init)
    i.delay_us                               0x08005310   Section        0  delay.o(i.delay_us)
    i.fputc                                  0x08005344   Section        0  usart.o(i.fputc)
    i.led_init                               0x08005358   Section        0  hc-sr04.o(i.led_init)
    i.main                                   0x08005390   Section        0  main_1.o(i.main)
    i.motor_left_ctl                         0x080053da   Section        0  motor.o(i.motor_left_ctl)
    i.motor_right_ctl                        0x080053f2   Section        0  motor.o(i.motor_right_ctl)
    i.obstruction_info                       0x0800540c   Section        0  main_1.o(i.obstruction_info)
    i.pwm                                    0x080054a8   Section        0  pwm.o(i.pwm)
    i.servo_pwm                              0x080054ba   Section        0  servo.o(i.servo_pwm)
    i.servo_setangle                         0x080054cc   Section        0  servo.o(i.servo_setangle)
    i.uart_init                              0x080054d8   Section        0  usart.o(i.uart_init)
    locale$$code                             0x08005510   Section       44  lc_numeric_c.o(locale$$code)
    x$fpl$fpinit                             0x0800553c   Section       10  fpinit.o(x$fpl$fpinit)
    $v0                                      0x0800553c   Number         0  fpinit.o(x$fpl$fpinit)
    x$fpl$printf1                            0x08005546   Section        4  printf1.o(x$fpl$printf1)
    $v0                                      0x08005546   Number         0  printf1.o(x$fpl$printf1)
    .constdata                               0x0800554a   Section       24  stm32h7xx_hal_uart.o(.constdata)
    x$fpl$usenofp                            0x0800554a   Section        0  usenofp.o(x$fpl$usenofp)
    .constdata                               0x08005562   Section       16  system_stm32h7xx_1.o(.constdata)
    .constdata                               0x08005574   Section      148  bigflt0.o(.constdata)
    tenpwrs_x                                0x08005574   Data          60  bigflt0.o(.constdata)
    tenpwrs_i                                0x080055b0   Data          64  bigflt0.o(.constdata)
    locale$$data                             0x08005628   Section       28  lc_numeric_c.o(locale$$data)
    __lcnum_c_name                           0x0800562c   Data           2  lc_numeric_c.o(locale$$data)
    __lcnum_c_start                          0x08005634   Data           0  lc_numeric_c.o(locale$$data)
    __lcnum_c_point                          0x08005640   Data           0  lc_numeric_c.o(locale$$data)
    __lcnum_c_thousands                      0x08005642   Data           0  lc_numeric_c.o(locale$$data)
    __lcnum_c_grouping                       0x08005643   Data           0  lc_numeric_c.o(locale$$data)
    __lcnum_c_end                            0x08005644   Data           0  lc_numeric_c.o(locale$$data)
    .data                                    0x24000000   Section       12  stm32h7xx_hal.o(.data)
    .data                                    0x2400000c   Section        8  hc-sr04.o(.data)
    .data                                    0x24000014   Section       10  mpu_6050.o(.data)
    .data                                    0x24000020   Section        4  delay.o(.data)
    fac_us                                   0x24000020   Data           4  delay.o(.data)
    .data                                    0x24000024   Section        4  usart.o(.data)
    .data                                    0x24000028   Section        4  usart.o(.data)
    .data                                    0x2400002c   Section        8  main_1.o(.data)
    .data                                    0x24000034   Section        8  system_stm32h7xx_1.o(.data)
    .bss                                     0x2400003c   Section       76  hc-sr04.o(.bss)
    .bss                                     0x24000088   Section       84  mpu_6050.o(.bss)
    .bss                                     0x240000dc   Section      104  servo.o(.bss)
    .bss                                     0x24000144   Section      104  timer.o(.bss)
    .bss                                     0x240001ac   Section      348  usart.o(.bss)
    .bss                                     0x24000308   Section       48  main_1.o(.bss)
    .bss                                     0x24000338   Section       96  libspace.o(.bss)
    HEAP                                     0x24000398   Section      512  startup_stm32h750xx.o(HEAP)
    Heap_Mem                                 0x24000398   Data         512  startup_stm32h750xx.o(HEAP)
    STACK                                    0x24000598   Section     1024  startup_stm32h750xx.o(STACK)
    Stack_Mem                                0x24000598   Data        1024  startup_stm32h750xx.o(STACK)
    __initial_sp                             0x24000998   Data           0  startup_stm32h750xx.o(STACK)

    Global Symbols

    Symbol Name                              Value     Ov Type        Size  Object(Section)

    BuildAttributes$$THM_ISAv4$E$P$D$K$B$S$7EM$VFPv5_D16$PE$PLD8$A:L22UL41UL21$X:L11$S22US41US21$IEEE1$IW$USESV6$~STKCKD$USESV7$~SHL$OTIME$ROPI$IEEEX$EBA8$UX$STANDARDLIB$REQ8$PRES8$EABIv2 0x00000000   Number         0  anon$$obj.o ABSOLUTE
    __ARM_use_no_argv                        0x00000000   Number         0  main_1.o ABSOLUTE
    __ARM_exceptions_init                     - Undefined Weak Reference
    __alloca_initialize                       - Undefined Weak Reference
    __arm_preinit_                            - Undefined Weak Reference
    __cpp_initialize__aeabi_                  - Undefined Weak Reference
    __cxa_finalize                            - Undefined Weak Reference
    __sigvec_lookup                           - Undefined Weak Reference
    _atexit_init                              - Undefined Weak Reference
    _call_atexit_fns                          - Undefined Weak Reference
    _clock_init                               - Undefined Weak Reference
    _fp_trap_init                             - Undefined Weak Reference
    _fp_trap_shutdown                         - Undefined Weak Reference
    _get_lc_collate                           - Undefined Weak Reference
    _get_lc_ctype                             - Undefined Weak Reference
    _get_lc_monetary                          - Undefined Weak Reference
    _get_lc_time                              - Undefined Weak Reference
    _getenv_init                              - Undefined Weak Reference
    _handle_redirection                       - Undefined Weak Reference
    _init_alloc                               - Undefined Weak Reference
    _init_user_alloc                          - Undefined Weak Reference
    _initio                                   - Undefined Weak Reference
    _mutex_acquire                            - Undefined Weak Reference
    _mutex_release                            - Undefined Weak Reference
    _printf_post_padding                      - Undefined Weak Reference
    _printf_pre_padding                       - Undefined Weak Reference
    _printf_truncate_signed                   - Undefined Weak Reference
    _printf_truncate_unsigned                 - Undefined Weak Reference
    _rand_init                                - Undefined Weak Reference
    _signal_finish                            - Undefined Weak Reference
    _signal_init                              - Undefined Weak Reference
    _terminate_alloc                          - Undefined Weak Reference
    _terminate_user_alloc                     - Undefined Weak Reference
    _terminateio                              - Undefined Weak Reference
    __Vectors_Size                           0x00000298   Number         0  startup_stm32h750xx.o ABSOLUTE
    __Vectors                                0x08000000   Data           4  startup_stm32h750xx.o(RESET)
    __Vectors_End                            0x08000298   Data           0  startup_stm32h750xx.o(RESET)
    __main                                   0x08000299   Thumb Code     8  __main.o(!!!main)
    __scatterload                            0x080002a1   Thumb Code     0  __scatter.o(!!!scatter)
    __scatterload_rt2                        0x080002a1   Thumb Code    44  __scatter.o(!!!scatter)
    __scatterload_rt2_thumb_only             0x080002a1   Thumb Code     0  __scatter.o(!!!scatter)
    __scatterload_null                       0x080002af   Thumb Code     0  __scatter.o(!!!scatter)
    __scatterload_copy                       0x080002d5   Thumb Code    26  __scatter_copy.o(!!handler_copy)
    __scatterload_zeroinit                   0x080002f1   Thumb Code    28  __scatter_zi.o(!!handler_zi)
    _printf_f                                0x0800030d   Thumb Code     0  _printf_f.o(.ARM.Collect$$_printf_percent$$00000003)
    _printf_percent                          0x0800030d   Thumb Code     0  _printf_percent.o(.ARM.Collect$$_printf_percent$$00000000)
    _printf_d                                0x08000313   Thumb Code     0  _printf_d.o(.ARM.Collect$$_printf_percent$$00000009)
    _printf_percent_end                      0x08000319   Thumb Code     0  _printf_percent_end.o(.ARM.Collect$$_printf_percent$$00000017)
    __rt_lib_init                            0x0800031d   Thumb Code     0  libinit.o(.ARM.Collect$$libinit$$00000000)
    __rt_lib_init_fp_1                       0x0800031f   Thumb Code     0  libinit2.o(.ARM.Collect$$libinit$$00000001)
    __rt_lib_init_heap_1                     0x08000323   Thumb Code     0  libinit2.o(.ARM.Collect$$libinit$$0000000A)
    __rt_lib_init_lc_common                  0x08000323   Thumb Code     0  libinit2.o(.ARM.Collect$$libinit$$0000000F)
    __rt_lib_init_preinit_1                  0x08000323   Thumb Code     0  libinit2.o(.ARM.Collect$$libinit$$00000004)
    __rt_lib_init_rand_1                     0x08000323   Thumb Code     0  libinit2.o(.ARM.Collect$$libinit$$0000000E)
    __rt_lib_init_user_alloc_1               0x08000323   Thumb Code     0  libinit2.o(.ARM.Collect$$libinit$$0000000C)
    __rt_lib_init_lc_collate_1               0x08000329   Thumb Code     0  libinit2.o(.ARM.Collect$$libinit$$00000011)
    __rt_lib_init_lc_ctype_1                 0x08000329   Thumb Code     0  libinit2.o(.ARM.Collect$$libinit$$00000013)
    __rt_lib_init_lc_monetary_1              0x08000329   Thumb Code     0  libinit2.o(.ARM.Collect$$libinit$$00000015)
    __rt_lib_init_lc_numeric_2               0x08000329   Thumb Code     0  libinit2.o(.ARM.Collect$$libinit$$00000016)
    __rt_lib_init_alloca_1                   0x08000333   Thumb Code     0  libinit2.o(.ARM.Collect$$libinit$$0000002E)
    __rt_lib_init_argv_1                     0x08000333   Thumb Code     0  libinit2.o(.ARM.Collect$$libinit$$0000002C)
    __rt_lib_init_atexit_1                   0x08000333   Thumb Code     0  libinit2.o(.ARM.Collect$$libinit$$0000001B)
    __rt_lib_init_clock_1                    0x08000333   Thumb Code     0  libinit2.o(.ARM.Collect$$libinit$$00000021)
    __rt_lib_init_cpp_1                      0x08000333   Thumb Code     0  libinit2.o(.ARM.Collect$$libinit$$00000032)
    __rt_lib_init_exceptions_1               0x08000333   Thumb Code     0  libinit2.o(.ARM.Collect$$libinit$$00000030)
    __rt_lib_init_fp_trap_1                  0x08000333   Thumb Code     0  libinit2.o(.ARM.Collect$$libinit$$0000001F)
    __rt_lib_init_getenv_1                   0x08000333   Thumb Code     0  libinit2.o(.ARM.Collect$$libinit$$00000023)
    __rt_lib_init_lc_numeric_1               0x08000333   Thumb Code     0  libinit2.o(.ARM.Collect$$libinit$$00000017)
    __rt_lib_init_lc_time_1                  0x08000333   Thumb Code     0  libinit2.o(.ARM.Collect$$libinit$$00000019)
    __rt_lib_init_return                     0x08000333   Thumb Code     0  libinit2.o(.ARM.Collect$$libinit$$00000033)
    __rt_lib_init_signal_1                   0x08000333   Thumb Code     0  libinit2.o(.ARM.Collect$$libinit$$0000001D)
    __rt_lib_init_stdio_1                    0x08000333   Thumb Code     0  libinit2.o(.ARM.Collect$$libinit$$00000025)
    __rt_lib_shutdown                        0x08000335   Thumb Code     0  libshutdown.o(.ARM.Collect$$libshutdown$$00000000)
    __rt_lib_shutdown_cpp_1                  0x08000337   Thumb Code     0  libshutdown2.o(.ARM.Collect$$libshutdown$$00000002)
    __rt_lib_shutdown_fp_trap_1              0x08000337   Thumb Code     0  libshutdown2.o(.ARM.Collect$$libshutdown$$00000007)
    __rt_lib_shutdown_heap_1                 0x08000337   Thumb Code     0  libshutdown2.o(.ARM.Collect$$libshutdown$$0000000F)
    __rt_lib_shutdown_return                 0x08000337   Thumb Code     0  libshutdown2.o(.ARM.Collect$$libshutdown$$00000010)
    __rt_lib_shutdown_signal_1               0x08000337   Thumb Code     0  libshutdown2.o(.ARM.Collect$$libshutdown$$0000000A)
    __rt_lib_shutdown_stdio_1                0x08000337   Thumb Code     0  libshutdown2.o(.ARM.Collect$$libshutdown$$00000004)
    __rt_lib_shutdown_user_alloc_1           0x08000337   Thumb Code     0  libshutdown2.o(.ARM.Collect$$libshutdown$$0000000C)
    __rt_entry                               0x08000339   Thumb Code     0  __rtentry.o(.ARM.Collect$$rtentry$$00000000)
    __rt_entry_presh_1                       0x08000339   Thumb Code     0  __rtentry2.o(.ARM.Collect$$rtentry$$00000002)
    __rt_entry_sh                            0x08000339   Thumb Code     0  __rtentry4.o(.ARM.Collect$$rtentry$$00000004)
    __rt_entry_li                            0x0800033f   Thumb Code     0  __rtentry2.o(.ARM.Collect$$rtentry$$0000000A)
    __rt_entry_postsh_1                      0x0800033f   Thumb Code     0  __rtentry2.o(.ARM.Collect$$rtentry$$00000009)
    __rt_entry_main                          0x08000343   Thumb Code     0  __rtentry2.o(.ARM.Collect$$rtentry$$0000000D)
    __rt_entry_postli_1                      0x08000343   Thumb Code     0  __rtentry2.o(.ARM.Collect$$rtentry$$0000000C)
    __rt_exit                                0x0800034b   Thumb Code     0  rtexit.o(.ARM.Collect$$rtexit$$00000000)
    __rt_exit_ls                             0x0800034d   Thumb Code     0  rtexit2.o(.ARM.Collect$$rtexit$$00000003)
    __rt_exit_prels_1                        0x0800034d   Thumb Code     0  rtexit2.o(.ARM.Collect$$rtexit$$00000002)
    __rt_exit_exit                           0x08000351   Thumb Code     0  rtexit2.o(.ARM.Collect$$rtexit$$00000004)
    Reset_Handler                            0x08000359   Thumb Code     8  startup_stm32h750xx.o(.text)
    ADC3_IRQHandler                          0x08000373   Thumb Code     0  startup_stm32h750xx.o(.text)
    ADC_IRQHandler                           0x08000373   Thumb Code     0  startup_stm32h750xx.o(.text)
    BDMA_Channel0_IRQHandler                 0x08000373   Thumb Code     0  startup_stm32h750xx.o(.text)
    BDMA_Channel1_IRQHandler                 0x08000373   Thumb Code     0  startup_stm32h750xx.o(.text)
    BDMA_Channel2_IRQHandler                 0x08000373   Thumb Code     0  startup_stm32h750xx.o(.text)
    BDMA_Channel3_IRQHandler                 0x08000373   Thumb Code     0  startup_stm32h750xx.o(.text)
    BDMA_Channel4_IRQHandler                 0x08000373   Thumb Code     0  startup_stm32h750xx.o(.text)
    BDMA_Channel5_IRQHandler                 0x08000373   Thumb Code     0  startup_stm32h750xx.o(.text)
    BDMA_Channel6_IRQHandler                 0x08000373   Thumb Code     0  startup_stm32h750xx.o(.text)
    BDMA_Channel7_IRQHandler                 0x08000373   Thumb Code     0  startup_stm32h750xx.o(.text)
    CEC_IRQHandler                           0x08000373   Thumb Code     0  startup_stm32h750xx.o(.text)
    COMP1_IRQHandler                         0x08000373   Thumb Code     0  startup_stm32h750xx.o(.text)
    CRS_IRQHandler                           0x08000373   Thumb Code     0  startup_stm32h750xx.o(.text)
    CRYP_IRQHandler                          0x08000373   Thumb Code     0  startup_stm32h750xx.o(.text)
    DCMI_IRQHandler                          0x08000373   Thumb Code     0  startup_stm32h750xx.o(.text)
    DFSDM1_FLT0_IRQHandler                   0x08000373   Thumb Code     0  startup_stm32h750xx.o(.text)
    DFSDM1_FLT1_IRQHandler                   0x08000373   Thumb Code     0  startup_stm32h750xx.o(.text)
    DFSDM1_FLT2_IRQHandler                   0x08000373   Thumb Code     0  startup_stm32h750xx.o(.text)
    DFSDM1_FLT3_IRQHandler                   0x08000373   Thumb Code     0  startup_stm32h750xx.o(.text)
    DMA1_Stream0_IRQHandler                  0x08000373   Thumb Code     0  startup_stm32h750xx.o(.text)
    DMA1_Stream1_IRQHandler                  0x08000373   Thumb Code     0  startup_stm32h750xx.o(.text)
    DMA1_Stream2_IRQHandler                  0x08000373   Thumb Code     0  startup_stm32h750xx.o(.text)
    DMA1_Stream3_IRQHandler                  0x08000373   Thumb Code     0  startup_stm32h750xx.o(.text)
    DMA1_Stream4_IRQHandler                  0x08000373   Thumb Code     0  startup_stm32h750xx.o(.text)
    DMA1_Stream5_IRQHandler                  0x08000373   Thumb Code     0  startup_stm32h750xx.o(.text)
    DMA1_Stream6_IRQHandler                  0x08000373   Thumb Code     0  startup_stm32h750xx.o(.text)
    DMA1_Stream7_IRQHandler                  0x08000373   Thumb Code     0  startup_stm32h750xx.o(.text)
    DMA2D_IRQHandler                         0x08000373   Thumb Code     0  startup_stm32h750xx.o(.text)
    DMA2_Stream0_IRQHandler                  0x08000373   Thumb Code     0  startup_stm32h750xx.o(.text)
    DMA2_Stream1_IRQHandler                  0x08000373   Thumb Code     0  startup_stm32h750xx.o(.text)
    DMA2_Stream2_IRQHandler                  0x08000373   Thumb Code     0  startup_stm32h750xx.o(.text)
    DMA2_Stream3_IRQHandler                  0x08000373   Thumb Code     0  startup_stm32h750xx.o(.text)
    DMA2_Stream4_IRQHandler                  0x08000373   Thumb Code     0  startup_stm32h750xx.o(.text)
    DMA2_Stream5_IRQHandler                  0x08000373   Thumb Code     0  startup_stm32h750xx.o(.text)
    DMA2_Stream6_IRQHandler                  0x08000373   Thumb Code     0  startup_stm32h750xx.o(.text)
    DMA2_Stream7_IRQHandler                  0x08000373   Thumb Code     0  startup_stm32h750xx.o(.text)
    DMAMUX1_OVR_IRQHandler                   0x08000373   Thumb Code     0  startup_stm32h750xx.o(.text)
    DMAMUX2_OVR_IRQHandler                   0x08000373   Thumb Code     0  startup_stm32h750xx.o(.text)
    ECC_IRQHandler                           0x08000373   Thumb Code     0  startup_stm32h750xx.o(.text)
    ETH_IRQHandler                           0x08000373   Thumb Code     0  startup_stm32h750xx.o(.text)
    ETH_WKUP_IRQHandler                      0x08000373   Thumb Code     0  startup_stm32h750xx.o(.text)
    EXTI0_IRQHandler                         0x08000373   Thumb Code     0  startup_stm32h750xx.o(.text)
    EXTI15_10_IRQHandler                     0x08000373   Thumb Code     0  startup_stm32h750xx.o(.text)
    EXTI1_IRQHandler                         0x08000373   Thumb Code     0  startup_stm32h750xx.o(.text)
    EXTI3_IRQHandler                         0x08000373   Thumb Code     0  startup_stm32h750xx.o(.text)
    EXTI4_IRQHandler                         0x08000373   Thumb Code     0  startup_stm32h750xx.o(.text)
    EXTI9_5_IRQHandler                       0x08000373   Thumb Code     0  startup_stm32h750xx.o(.text)
    FDCAN1_IT0_IRQHandler                    0x08000373   Thumb Code     0  startup_stm32h750xx.o(.text)
    FDCAN1_IT1_IRQHandler                    0x08000373   Thumb Code     0  startup_stm32h750xx.o(.text)
    FDCAN2_IT0_IRQHandler                    0x08000373   Thumb Code     0  startup_stm32h750xx.o(.text)
    FDCAN2_IT1_IRQHandler                    0x08000373   Thumb Code     0  startup_stm32h750xx.o(.text)
    FDCAN_CAL_IRQHandler                     0x08000373   Thumb Code     0  startup_stm32h750xx.o(.text)
    FLASH_IRQHandler                         0x08000373   Thumb Code     0  startup_stm32h750xx.o(.text)
    FMC_IRQHandler                           0x08000373   Thumb Code     0  startup_stm32h750xx.o(.text)
    FPU_IRQHandler                           0x08000373   Thumb Code     0  startup_stm32h750xx.o(.text)
    HASH_RNG_IRQHandler                      0x08000373   Thumb Code     0  startup_stm32h750xx.o(.text)
    HRTIM1_FLT_IRQHandler                    0x08000373   Thumb Code     0  startup_stm32h750xx.o(.text)
    HRTIM1_Master_IRQHandler                 0x08000373   Thumb Code     0  startup_stm32h750xx.o(.text)
    HRTIM1_TIMA_IRQHandler                   0x08000373   Thumb Code     0  startup_stm32h750xx.o(.text)
    HRTIM1_TIMB_IRQHandler                   0x08000373   Thumb Code     0  startup_stm32h750xx.o(.text)
    HRTIM1_TIMC_IRQHandler                   0x08000373   Thumb Code     0  startup_stm32h750xx.o(.text)
    HRTIM1_TIMD_IRQHandler                   0x08000373   Thumb Code     0  startup_stm32h750xx.o(.text)
    HRTIM1_TIME_IRQHandler                   0x08000373   Thumb Code     0  startup_stm32h750xx.o(.text)
    HSEM1_IRQHandler                         0x08000373   Thumb Code     0  startup_stm32h750xx.o(.text)
    I2C1_ER_IRQHandler                       0x08000373   Thumb Code     0  startup_stm32h750xx.o(.text)
    I2C1_EV_IRQHandler                       0x08000373   Thumb Code     0  startup_stm32h750xx.o(.text)
    I2C2_ER_IRQHandler                       0x08000373   Thumb Code     0  startup_stm32h750xx.o(.text)
    I2C2_EV_IRQHandler                       0x08000373   Thumb Code     0  startup_stm32h750xx.o(.text)
    I2C3_ER_IRQHandler                       0x08000373   Thumb Code     0  startup_stm32h750xx.o(.text)
    I2C3_EV_IRQHandler                       0x08000373   Thumb Code     0  startup_stm32h750xx.o(.text)
    I2C4_ER_IRQHandler                       0x08000373   Thumb Code     0  startup_stm32h750xx.o(.text)
    I2C4_EV_IRQHandler                       0x08000373   Thumb Code     0  startup_stm32h750xx.o(.text)
    JPEG_IRQHandler                          0x08000373   Thumb Code     0  startup_stm32h750xx.o(.text)
    LPTIM1_IRQHandler                        0x08000373   Thumb Code     0  startup_stm32h750xx.o(.text)
    LPTIM2_IRQHandler                        0x08000373   Thumb Code     0  startup_stm32h750xx.o(.text)
    LPTIM3_IRQHandler                        0x08000373   Thumb Code     0  startup_stm32h750xx.o(.text)
    LPTIM4_IRQHandler                        0x08000373   Thumb Code     0  startup_stm32h750xx.o(.text)
    LPTIM5_IRQHandler                        0x08000373   Thumb Code     0  startup_stm32h750xx.o(.text)
    LPUART1_IRQHandler                       0x08000373   Thumb Code     0  startup_stm32h750xx.o(.text)
    LTDC_ER_IRQHandler                       0x08000373   Thumb Code     0  startup_stm32h750xx.o(.text)
    LTDC_IRQHandler                          0x08000373   Thumb Code     0  startup_stm32h750xx.o(.text)
    MDIOS_IRQHandler                         0x08000373   Thumb Code     0  startup_stm32h750xx.o(.text)
    MDIOS_WKUP_IRQHandler                    0x08000373   Thumb Code     0  startup_stm32h750xx.o(.text)
    MDMA_IRQHandler                          0x08000373   Thumb Code     0  startup_stm32h750xx.o(.text)
    OTG_FS_EP1_IN_IRQHandler                 0x08000373   Thumb Code     0  startup_stm32h750xx.o(.text)
    OTG_FS_EP1_OUT_IRQHandler                0x08000373   Thumb Code     0  startup_stm32h750xx.o(.text)
    OTG_FS_IRQHandler                        0x08000373   Thumb Code     0  startup_stm32h750xx.o(.text)
    OTG_FS_WKUP_IRQHandler                   0x08000373   Thumb Code     0  startup_stm32h750xx.o(.text)
    OTG_HS_EP1_IN_IRQHandler                 0x08000373   Thumb Code     0  startup_stm32h750xx.o(.text)
    OTG_HS_EP1_OUT_IRQHandler                0x08000373   Thumb Code     0  startup_stm32h750xx.o(.text)
    OTG_HS_IRQHandler                        0x08000373   Thumb Code     0  startup_stm32h750xx.o(.text)
    OTG_HS_WKUP_IRQHandler                   0x08000373   Thumb Code     0  startup_stm32h750xx.o(.text)
    PVD_AVD_IRQHandler                       0x08000373   Thumb Code     0  startup_stm32h750xx.o(.text)
    QUADSPI_IRQHandler                       0x08000373   Thumb Code     0  startup_stm32h750xx.o(.text)
    RCC_IRQHandler                           0x08000373   Thumb Code     0  startup_stm32h750xx.o(.text)
    RTC_Alarm_IRQHandler                     0x08000373   Thumb Code     0  startup_stm32h750xx.o(.text)
    RTC_WKUP_IRQHandler                      0x08000373   Thumb Code     0  startup_stm32h750xx.o(.text)
    SAI1_IRQHandler                          0x08000373   Thumb Code     0  startup_stm32h750xx.o(.text)
    SAI2_IRQHandler                          0x08000373   Thumb Code     0  startup_stm32h750xx.o(.text)
    SAI3_IRQHandler                          0x08000373   Thumb Code     0  startup_stm32h750xx.o(.text)
    SAI4_IRQHandler                          0x08000373   Thumb Code     0  startup_stm32h750xx.o(.text)
    SDMMC1_IRQHandler                        0x08000373   Thumb Code     0  startup_stm32h750xx.o(.text)
    SDMMC2_IRQHandler                        0x08000373   Thumb Code     0  startup_stm32h750xx.o(.text)
    SPDIF_RX_IRQHandler                      0x08000373   Thumb Code     0  startup_stm32h750xx.o(.text)
    SPI1_IRQHandler                          0x08000373   Thumb Code     0  startup_stm32h750xx.o(.text)
    SPI2_IRQHandler                          0x08000373   Thumb Code     0  startup_stm32h750xx.o(.text)
    SPI3_IRQHandler                          0x08000373   Thumb Code     0  startup_stm32h750xx.o(.text)
    SPI4_IRQHandler                          0x08000373   Thumb Code     0  startup_stm32h750xx.o(.text)
    SPI5_IRQHandler                          0x08000373   Thumb Code     0  startup_stm32h750xx.o(.text)
    SPI6_IRQHandler                          0x08000373   Thumb Code     0  startup_stm32h750xx.o(.text)
    SWPMI1_IRQHandler                        0x08000373   Thumb Code     0  startup_stm32h750xx.o(.text)
    TAMP_STAMP_IRQHandler                    0x08000373   Thumb Code     0  startup_stm32h750xx.o(.text)
    TIM15_IRQHandler                         0x08000373   Thumb Code     0  startup_stm32h750xx.o(.text)
    TIM16_IRQHandler                         0x08000373   Thumb Code     0  startup_stm32h750xx.o(.text)
    TIM17_IRQHandler                         0x08000373   Thumb Code     0  startup_stm32h750xx.o(.text)
    TIM1_BRK_IRQHandler                      0x08000373   Thumb Code     0  startup_stm32h750xx.o(.text)
    TIM1_CC_IRQHandler                       0x08000373   Thumb Code     0  startup_stm32h750xx.o(.text)
    TIM1_TRG_COM_IRQHandler                  0x08000373   Thumb Code     0  startup_stm32h750xx.o(.text)
    TIM1_UP_IRQHandler                       0x08000373   Thumb Code     0  startup_stm32h750xx.o(.text)
    TIM2_IRQHandler                          0x08000373   Thumb Code     0  startup_stm32h750xx.o(.text)
    TIM3_IRQHandler                          0x08000373   Thumb Code     0  startup_stm32h750xx.o(.text)
    TIM4_IRQHandler                          0x08000373   Thumb Code     0  startup_stm32h750xx.o(.text)
    TIM5_IRQHandler                          0x08000373   Thumb Code     0  startup_stm32h750xx.o(.text)
    TIM6_DAC_IRQHandler                      0x08000373   Thumb Code     0  startup_stm32h750xx.o(.text)
    TIM7_IRQHandler                          0x08000373   Thumb Code     0  startup_stm32h750xx.o(.text)
    TIM8_BRK_TIM12_IRQHandler                0x08000373   Thumb Code     0  startup_stm32h750xx.o(.text)
    TIM8_CC_IRQHandler                       0x08000373   Thumb Code     0  startup_stm32h750xx.o(.text)
    TIM8_TRG_COM_TIM14_IRQHandler            0x08000373   Thumb Code     0  startup_stm32h750xx.o(.text)
    TIM8_UP_TIM13_IRQHandler                 0x08000373   Thumb Code     0  startup_stm32h750xx.o(.text)
    UART4_IRQHandler                         0x08000373   Thumb Code     0  startup_stm32h750xx.o(.text)
    UART5_IRQHandler                         0x08000373   Thumb Code     0  startup_stm32h750xx.o(.text)
    UART7_IRQHandler                         0x08000373   Thumb Code     0  startup_stm32h750xx.o(.text)
    UART8_IRQHandler                         0x08000373   Thumb Code     0  startup_stm32h750xx.o(.text)
    USART2_IRQHandler                        0x08000373   Thumb Code     0  startup_stm32h750xx.o(.text)
    USART3_IRQHandler                        0x08000373   Thumb Code     0  startup_stm32h750xx.o(.text)
    USART6_IRQHandler                        0x08000373   Thumb Code     0  startup_stm32h750xx.o(.text)
    WAKEUP_PIN_IRQHandler                    0x08000373   Thumb Code     0  startup_stm32h750xx.o(.text)
    WWDG_IRQHandler                          0x08000373   Thumb Code     0  startup_stm32h750xx.o(.text)
    __user_initial_stackheap                 0x08000375   Thumb Code     0  startup_stm32h750xx.o(.text)
    __use_no_semihosting                     0x08000399   Thumb Code     2  use_no_semi_2.o(.text)
    __aeabi_uldivmod                         0x0800039b   Thumb Code     0  lludivv7m.o(.text)
    _ll_udiv                                 0x0800039b   Thumb Code   238  lludivv7m.o(.text)
    __2printf                                0x08000489   Thumb Code    20  noretval__2printf.o(.text)
    __printf                                 0x080004a1   Thumb Code   104  __printf.o(.text)
    _printf_int_dec                          0x08000509   Thumb Code   104  _printf_dec.o(.text)
    __aeabi_memcpy4                          0x08000581   Thumb Code     0  rt_memcpy_w.o(.text)
    __aeabi_memcpy8                          0x08000581   Thumb Code     0  rt_memcpy_w.o(.text)
    __rt_memcpy_w                            0x08000581   Thumb Code   100  rt_memcpy_w.o(.text)
    _memcpy_lastbytes_aligned                0x080005c9   Thumb Code     0  rt_memcpy_w.o(.text)
    __use_two_region_memory                  0x080005e5   Thumb Code     2  heapauxi.o(.text)
    __rt_heap_escrow$2region                 0x080005e7   Thumb Code     2  heapauxi.o(.text)
    __rt_heap_expand$2region                 0x080005e9   Thumb Code     2  heapauxi.o(.text)
    __I$use$semihosting                      0x080005eb   Thumb Code     0  use_no_semi.o(.text)
    __use_no_semihosting_swi                 0x080005eb   Thumb Code     2  use_no_semi.o(.text)
    _printf_int_common                       0x080005ed   Thumb Code   178  _printf_intcommon.o(.text)
    __lib_sel_fp_printf                      0x0800069f   Thumb Code     2  _printf_fp_dec.o(.text)
    _printf_fp_dec_real                      0x0800084d   Thumb Code   620  _printf_fp_dec.o(.text)
    _printf_char_file                        0x08000ab9   Thumb Code    32  _printf_char_file.o(.text)
    __rt_locale                              0x08000add   Thumb Code     8  rt_locale_intlibspace.o(.text)
    _ll_udiv10                               0x08000ae5   Thumb Code   138  lludiv10.o(.text)
    _printf_char_common                      0x08000b7b   Thumb Code    32  _printf_char_common.o(.text)
    _printf_fp_infnan                        0x08000ba1   Thumb Code   112  _printf_fp_infnan.o(.text)
    _btod_etento                             0x08000c21   Thumb Code   216  bigflt0.o(.text)
    ferror                                   0x08000cfd   Thumb Code     8  ferror.o(.text)
    __user_libspace                          0x08000d05   Thumb Code     8  libspace.o(.text)
    __user_perproc_libspace                  0x08000d05   Thumb Code     0  libspace.o(.text)
    __user_perthread_libspace                0x08000d05   Thumb Code     0  libspace.o(.text)
    __user_setup_stackheap                   0x08000d0d   Thumb Code    74  sys_stackheap_outer.o(.text)
    exit                                     0x08000d57   Thumb Code    18  exit.o(.text)
    strcmp                                   0x08000d69   Thumb Code   104  strcmpv7m_pel.o(.text)
    _btod_d2e                                0x08000dd1   Thumb Code    62  btod.o(CL$$btod_d2e)
    _d2e_denorm_low                          0x08000e0f   Thumb Code    70  btod.o(CL$$btod_d2e_denorm_low)
    _d2e_norm_op1                            0x08000e55   Thumb Code    96  btod.o(CL$$btod_d2e_norm_op1)
    __btod_div_common                        0x08000eb5   Thumb Code   696  btod.o(CL$$btod_div_common)
    _e2e                                     0x080011ed   Thumb Code   198  btod.o(CL$$btod_e2e)
    _btod_ediv                               0x080012b3   Thumb Code    40  btod.o(CL$$btod_ediv)
    _btod_emul                               0x080012db   Thumb Code    40  btod.o(CL$$btod_emul)
    __btod_mult_common                       0x08001303   Thumb Code   580  btod.o(CL$$btod_mult_common)
    BusFault_Handler                         0x08001547   Thumb Code     2  stm32h7xx_it_1.o(i.BusFault_Handler)
    DebugMon_Handler                         0x08001549   Thumb Code     2  stm32h7xx_it_1.o(i.DebugMon_Handler)
    EXTI2_IRQHandler                         0x0800154b   Thumb Code     6  hc-sr04.o(i.EXTI2_IRQHandler)
    HAL_DMA_Abort                            0x08001551   Thumb Code   850  stm32h7xx_hal_dma.o(i.HAL_DMA_Abort)
    HAL_DMA_Abort_IT                         0x080018b1   Thumb Code   606  stm32h7xx_hal_dma.o(i.HAL_DMA_Abort_IT)
    HAL_EnableCompensationCell               0x08001b1d   Thumb Code    12  stm32h7xx_hal.o(i.HAL_EnableCompensationCell)
    HAL_GPIO_EXTI_Callback                   0x08001b2d   Thumb Code   138  hc-sr04.o(i.HAL_GPIO_EXTI_Callback)
    HAL_GPIO_EXTI_IRQHandler                 0x08001bd1   Thumb Code    24  stm32h7xx_hal_gpio.o(i.HAL_GPIO_EXTI_IRQHandler)
    HAL_GPIO_Init                            0x08001be9   Thumb Code   426  stm32h7xx_hal_gpio.o(i.HAL_GPIO_Init)
    HAL_GPIO_ReadPin                         0x08001dc5   Thumb Code    10  stm32h7xx_hal_gpio.o(i.HAL_GPIO_ReadPin)
    HAL_GPIO_WritePin                        0x08001dcf   Thumb Code    10  stm32h7xx_hal_gpio.o(i.HAL_GPIO_WritePin)
    HAL_GetREVID                             0x08001dd9   Thumb Code     8  stm32h7xx_hal.o(i.HAL_GetREVID)
    HAL_GetTick                              0x08001de5   Thumb Code     6  stm32h7xx_hal.o(i.HAL_GetTick)
    HAL_I2C_Init                             0x08001df1   Thumb Code   178  stm32h7xx_hal_i2c.o(i.HAL_I2C_Init)
    HAL_I2C_Mem_Write                        0x08001ea9   Thumb Code   340  stm32h7xx_hal_i2c.o(i.HAL_I2C_Mem_Write)
    HAL_I2C_MspInit                          0x08002001   Thumb Code    84  mpu_6050.o(i.HAL_I2C_MspInit)
    HAL_IncTick                              0x08002061   Thumb Code    12  stm32h7xx_hal.o(i.HAL_IncTick)
    HAL_Init                                 0x08002071   Thumb Code    74  stm32h7xx_hal.o(i.HAL_Init)
    HAL_InitTick                             0x080020cd   Thumb Code    56  stm32h7xx_hal.o(i.HAL_InitTick)
    HAL_MspInit                              0x0800210d   Thumb Code     2  stm32h7xx_hal_msp_1.o(i.HAL_MspInit)
    HAL_NVIC_ClearPendingIRQ                 0x0800210f   Thumb Code    26  stm32h7xx_hal_cortex.o(i.HAL_NVIC_ClearPendingIRQ)
    HAL_NVIC_EnableIRQ                       0x08002129   Thumb Code    26  stm32h7xx_hal_cortex.o(i.HAL_NVIC_EnableIRQ)
    HAL_NVIC_SetPriority                     0x08002145   Thumb Code    60  stm32h7xx_hal_cortex.o(i.HAL_NVIC_SetPriority)
    HAL_NVIC_SetPriorityGrouping             0x08002185   Thumb Code    26  stm32h7xx_hal_cortex.o(i.HAL_NVIC_SetPriorityGrouping)
    HAL_RCCEx_GetD3PCLK1Freq                 0x080021a9   Thumb Code    26  stm32h7xx_hal_rcc_ex.o(i.HAL_RCCEx_GetD3PCLK1Freq)
    HAL_RCCEx_GetPLL2ClockFreq               0x080021cd   Thumb Code   290  stm32h7xx_hal_rcc_ex.o(i.HAL_RCCEx_GetPLL2ClockFreq)
    HAL_RCCEx_GetPLL3ClockFreq               0x08002309   Thumb Code   290  stm32h7xx_hal_rcc_ex.o(i.HAL_RCCEx_GetPLL3ClockFreq)
    HAL_RCC_ClockConfig                      0x08002445   Thumb Code   590  stm32h7xx_hal_rcc.o(i.HAL_RCC_ClockConfig)
    HAL_RCC_GetHCLKFreq                      0x080026b5   Thumb Code    52  stm32h7xx_hal_rcc.o(i.HAL_RCC_GetHCLKFreq)
    HAL_RCC_GetPCLK1Freq                     0x080026f9   Thumb Code    26  stm32h7xx_hal_rcc.o(i.HAL_RCC_GetPCLK1Freq)
    HAL_RCC_GetPCLK2Freq                     0x0800271d   Thumb Code    26  stm32h7xx_hal_rcc.o(i.HAL_RCC_GetPCLK2Freq)
    HAL_RCC_GetSysClockFreq                  0x08002741   Thumb Code   270  stm32h7xx_hal_rcc.o(i.HAL_RCC_GetSysClockFreq)
    HAL_RCC_OscConfig                        0x08002871   Thumb Code  1390  stm32h7xx_hal_rcc.o(i.HAL_RCC_OscConfig)
    HAL_SYSTICK_CLKSourceConfig              0x08002ddf   Thumb Code    24  stm32h7xx_hal_cortex.o(i.HAL_SYSTICK_CLKSourceConfig)
    HAL_SYSTICK_Config                       0x08002df7   Thumb Code    40  stm32h7xx_hal_cortex.o(i.HAL_SYSTICK_Config)
    HAL_TIM_Base_Init                        0x08002e1f   Thumb Code    98  stm32h7xx_hal_tim.o(i.HAL_TIM_Base_Init)
    HAL_TIM_Base_MspInit                     0x08002e81   Thumb Code   132  timer.o(i.HAL_TIM_Base_MspInit)
    HAL_TIM_Base_Start                       0x08002f15   Thumb Code    96  stm32h7xx_hal_tim.o(i.HAL_TIM_Base_Start)
    HAL_TIM_Base_Stop                        0x08002f95   Thumb Code    38  stm32h7xx_hal_tim.o(i.HAL_TIM_Base_Stop)
    HAL_TIM_ConfigClockSource                0x08002fbd   Thumb Code   248  stm32h7xx_hal_tim.o(i.HAL_TIM_ConfigClockSource)
    HAL_TIM_OC_ConfigChannel                 0x080030b9   Thumb Code   110  stm32h7xx_hal_tim.o(i.HAL_TIM_OC_ConfigChannel)
    HAL_TIM_OC_Init                          0x08003127   Thumb Code    98  stm32h7xx_hal_tim.o(i.HAL_TIM_OC_Init)
    HAL_TIM_OC_MspInit                       0x08003189   Thumb Code     2  timer.o(i.HAL_TIM_OC_MspInit)
    HAL_TIM_OC_Start                         0x0800318d   Thumb Code   242  stm32h7xx_hal_tim.o(i.HAL_TIM_OC_Start)
    HAL_TIM_PWM_ConfigChannel                0x080032a9   Thumb Code   292  stm32h7xx_hal_tim.o(i.HAL_TIM_PWM_ConfigChannel)
    HAL_TIM_PWM_Init                         0x080033cd   Thumb Code    98  stm32h7xx_hal_tim.o(i.HAL_TIM_PWM_Init)
    HAL_TIM_PWM_MspInit                      0x0800342f   Thumb Code     2  pwm.o(i.HAL_TIM_PWM_MspInit)
    HAL_TIM_PWM_Start                        0x08003431   Thumb Code   242  stm32h7xx_hal_tim.o(i.HAL_TIM_PWM_Start)
    HAL_UARTEx_RxEventCallback               0x0800354d   Thumb Code     2  stm32h7xx_hal_uart.o(i.HAL_UARTEx_RxEventCallback)
    HAL_UARTEx_RxFifoFullCallback            0x0800354f   Thumb Code     2  stm32h7xx_hal_uart_ex.o(i.HAL_UARTEx_RxFifoFullCallback)
    HAL_UARTEx_TxFifoEmptyCallback           0x08003551   Thumb Code     2  stm32h7xx_hal_uart_ex.o(i.HAL_UARTEx_TxFifoEmptyCallback)
    HAL_UARTEx_WakeupCallback                0x08003553   Thumb Code     2  stm32h7xx_hal_uart_ex.o(i.HAL_UARTEx_WakeupCallback)
    HAL_UART_ErrorCallback                   0x08003555   Thumb Code     2  stm32h7xx_hal_uart.o(i.HAL_UART_ErrorCallback)
    HAL_UART_GetState                        0x08003557   Thumb Code    12  stm32h7xx_hal_uart.o(i.HAL_UART_GetState)
    HAL_UART_IRQHandler                      0x08003565   Thumb Code   880  stm32h7xx_hal_uart.o(i.HAL_UART_IRQHandler)
    HAL_UART_Init                            0x080038e9   Thumb Code   106  stm32h7xx_hal_uart.o(i.HAL_UART_Init)
    HAL_UART_MspInit                         0x08003955   Thumb Code   114  usart.o(i.HAL_UART_MspInit)
    HAL_UART_Receive_IT                      0x080039d5   Thumb Code    66  stm32h7xx_hal_uart.o(i.HAL_UART_Receive_IT)
    HAL_UART_RxCpltCallback                  0x08003a1d   Thumb Code    76  usart.o(i.HAL_UART_RxCpltCallback)
    HAL_UART_TxCpltCallback                  0x08003a75   Thumb Code     2  stm32h7xx_hal_uart.o(i.HAL_UART_TxCpltCallback)
    HC_SR04_GPIO_Init                        0x08003a79   Thumb Code    88  hc-sr04.o(i.HC_SR04_GPIO_Init)
    HC_SR04_Start                            0x08003ad9   Thumb Code    34  hc-sr04.o(i.HC_SR04_Start)
    HC_SR04_TIM7_Init                        0x08003b01   Thumb Code    68  hc-sr04.o(i.HC_SR04_TIM7_Init)
    HardFault_Handler                        0x08003b51   Thumb Code     2  stm32h7xx_it_1.o(i.HardFault_Handler)
    MPU_Init                                 0x08003e35   Thumb Code   178  mpu_6050.o(i.MPU_Init)
    MemManage_Handler                        0x08003ef9   Thumb Code     2  stm32h7xx_it_1.o(i.MemManage_Handler)
    NMI_Handler                              0x08003efb   Thumb Code     2  stm32h7xx_it_1.o(i.NMI_Handler)
    OC_Init                                  0x08003efd   Thumb Code   112  timer.o(i.OC_Init)
    OC_servo_Init                            0x08003f71   Thumb Code    46  servo.o(i.OC_servo_Init)
    PWM_Init                                 0x08003fa5   Thumb Code    96  pwm.o(i.PWM_Init)
    PWM_servo_Init                           0x0800400d   Thumb Code    46  servo.o(i.PWM_servo_Init)
    PendSV_Handler                           0x08004041   Thumb Code     2  stm32h7xx_it_1.o(i.PendSV_Handler)
    SVC_Handler                              0x08004043   Thumb Code     2  stm32h7xx_it_1.o(i.SVC_Handler)
    Stm32_Clock_Init                         0x08004045   Thumb Code   174  sys.o(i.Stm32_Clock_Init)
    SysTick_Handler                          0x08004101   Thumb Code     4  stm32h7xx_it_1.o(i.SysTick_Handler)
    SystemInit                               0x08004105   Thumb Code   132  system_stm32h7xx_1.o(i.SystemInit)
    TIM2_Init                                0x0800419d   Thumb Code    64  timer.o(i.TIM2_Init)
    TIM4_Init                                0x080041e1   Thumb Code    68  servo.o(i.TIM4_Init)
    TIM_Base_SetConfig                       0x0800422d   Thumb Code   160  stm32h7xx_hal_tim.o(i.TIM_Base_SetConfig)
    TIM_CCxChannelCmd                        0x080042ed   Thumb Code    26  stm32h7xx_hal_tim.o(i.TIM_CCxChannelCmd)
    TIM_ETR_SetConfig                        0x08004307   Thumb Code    20  stm32h7xx_hal_tim.o(i.TIM_ETR_SetConfig)
    TIM_OC2_SetConfig                        0x080043cd   Thumb Code   120  stm32h7xx_hal_tim.o(i.TIM_OC2_SetConfig)
    UART_AdvFeatureConfig                    0x08004687   Thumb Code   200  stm32h7xx_hal_uart.o(i.UART_AdvFeatureConfig)
    UART_CheckIdleState                      0x0800474f   Thumb Code   172  stm32h7xx_hal_uart.o(i.UART_CheckIdleState)
    UART_SetConfig                           0x08004d2d   Thumb Code   862  stm32h7xx_hal_uart.o(i.UART_SetConfig)
    UART_Start_Receive_IT                    0x080050c9   Thumb Code   256  stm32h7xx_hal_uart.o(i.UART_Start_Receive_IT)
    UART_WaitOnFlagUntilTimeout              0x080051d9   Thumb Code   138  stm32h7xx_hal_uart.o(i.UART_WaitOnFlagUntilTimeout)
    USART1_IRQHandler                        0x08005265   Thumb Code    56  usart.o(i.USART1_IRQHandler)
    UsageFault_Handler                       0x080052a9   Thumb Code     2  stm32h7xx_it_1.o(i.UsageFault_Handler)
    __ARM_fpclassify                         0x080052ab   Thumb Code    48  fpclassify.o(i.__ARM_fpclassify)
    _sys_exit                                0x080052fb   Thumb Code     2  usart.o(i._sys_exit)
    delay_init                               0x080052fd   Thumb Code    16  delay.o(i.delay_init)
    delay_us                                 0x08005311   Thumb Code    48  delay.o(i.delay_us)
    fputc                                    0x08005345   Thumb Code    14  usart.o(i.fputc)
    led_init                                 0x08005359   Thumb Code    48  hc-sr04.o(i.led_init)
    main                                     0x08005391   Thumb Code    74  main_1.o(i.main)
    motor_left_ctl                           0x080053db   Thumb Code    24  motor.o(i.motor_left_ctl)
    motor_right_ctl                          0x080053f3   Thumb Code    24  motor.o(i.motor_right_ctl)
    obstruction_info                         0x0800540d   Thumb Code    90  main_1.o(i.obstruction_info)
    pwm                                      0x080054a9   Thumb Code    18  pwm.o(i.pwm)
    servo_pwm                                0x080054bb   Thumb Code    18  servo.o(i.servo_pwm)
    servo_setangle                           0x080054cd   Thumb Code     8  servo.o(i.servo_setangle)
    uart_init                                0x080054d9   Thumb Code    44  usart.o(i.uart_init)
    _get_lc_numeric                          0x08005511   Thumb Code    44  lc_numeric_c.o(locale$$code)
    _fp_init                                 0x0800553d   Thumb Code    10  fpinit.o(x$fpl$fpinit)
    __fplib_config_fpu_vfp                   0x08005545   Thumb Code     0  fpinit.o(x$fpl$fpinit)
    __fplib_config_pureend_doubles           0x08005545   Thumb Code     0  fpinit.o(x$fpl$fpinit)
    _printf_fp_dec                           0x08005547   Thumb Code     4  printf1.o(x$fpl$printf1)
    UARTPrescTable                           0x0800554a   Data          24  stm32h7xx_hal_uart.o(.constdata)
    __I$use$fp                               0x0800554a   Number         0  usenofp.o(x$fpl$usenofp)
    D1CorePrescTable                         0x08005562   Data          16  system_stm32h7xx_1.o(.constdata)
    Region$$Table$$Base                      0x08005608   Number         0  anon$$obj.o(Region$$Table)
    Region$$Table$$Limit                     0x08005628   Number         0  anon$$obj.o(Region$$Table)
    uwTickFreq                               0x24000000   Data           1  stm32h7xx_hal.o(.data)
    uwTickPrio                               0x24000004   Data           4  stm32h7xx_hal.o(.data)
    uwTick                                   0x24000008   Data           4  stm32h7xx_hal.o(.data)
    time                                     0x2400000c   Data           4  hc-sr04.o(.data)
    is_high                                  0x24000010   Data           4  hc-sr04.o(.data)
    timeout                                  0x24000014   Data           1  mpu_6050.o(.data)
    sdata                                    0x24000015   Data           1  mpu_6050.o(.data)
    id                                       0x24000016   Data           1  mpu_6050.o(.data)
    gyro_bias_x                              0x24000018   Data           2  mpu_6050.o(.data)
    gyro_bias_y                              0x2400001a   Data           2  mpu_6050.o(.data)
    gyro_bias_z                              0x2400001c   Data           2  mpu_6050.o(.data)
    aRxBuffer                                0x24000024   Data           1  usart.o(.data)
    USART_RX_STA                             0x24000026   Data           2  usart.o(.data)
    __stdout                                 0x24000028   Data           4  usart.o(.data)
    angel                                    0x2400002c   Data           1  main_1.o(.data)
    Distance                                 0x24000030   Data           4  main_1.o(.data)
    SystemCoreClock                          0x24000034   Data           4  system_stm32h7xx_1.o(.data)
    SystemD2Clock                            0x24000038   Data           4  system_stm32h7xx_1.o(.data)
    TIM7_HandleType                          0x2400003c   Data          76  hc-sr04.o(.bss)
    I2C_HandleType                           0x24000088   Data          84  mpu_6050.o(.bss)
    TIM4_Handle                              0x240000dc   Data          76  servo.o(.bss)
    TIM4_OC_InitType                         0x24000128   Data          28  servo.o(.bss)
    TIM2_Handle                              0x24000144   Data          76  timer.o(.bss)
    TIM2_OC_InitType                         0x24000190   Data          28  timer.o(.bss)
    USART_RX_BUF                             0x240001ac   Data         200  usart.o(.bss)
    UART1_Handler                            0x24000274   Data         148  usart.o(.bss)
    flag                                     0x24000308   Data          48  main_1.o(.bss)
    __libspace_start                         0x24000338   Data          96  libspace.o(.bss)
    __temporary_stack_top$libspace           0x24000398   Data           0  libspace.o(.bss)



==============================================================================

Memory Map of the image

  Image Entry point : 0x08000299

  Load Region LR_IROM1 (Base: 0x08000000, Size: 0x00005680, Max: 0x00020000, ABSOLUTE)

    Execution Region ER_IROM1 (Base: 0x08000000, Size: 0x00005644, Max: 0x00020000, ABSOLUTE)

    Base Addr    Size         Type   Attr      Idx    E Section Name        Object

    0x08000000   0x00000298   Data   RO            3    RESET               startup_stm32h750xx.o
    0x08000298   0x00000008   Code   RO         5802  * !!!main             c_w.l(__main.o)
    0x080002a0   0x00000034   Code   RO         6186    !!!scatter          c_w.l(__scatter.o)
    0x080002d4   0x0000001a   Code   RO         6188    !!handler_copy      c_w.l(__scatter_copy.o)
    0x080002ee   0x00000002   PAD
    0x080002f0   0x0000001c   Code   RO         6190    !!handler_zi        c_w.l(__scatter_zi.o)
    0x0800030c   0x00000000   Code   RO         5797    .ARM.Collect$$_printf_percent$$00000000  c_w.l(_printf_percent.o)
    0x0800030c   0x00000006   Code   RO         5796    .ARM.Collect$$_printf_percent$$00000003  c_w.l(_printf_f.o)
    0x08000312   0x00000006   Code   RO         5795    .ARM.Collect$$_printf_percent$$00000009  c_w.l(_printf_d.o)
    0x08000318   0x00000004   Code   RO         5923    .ARM.Collect$$_printf_percent$$00000017  c_w.l(_printf_percent_end.o)
    0x0800031c   0x00000002   Code   RO         6061    .ARM.Collect$$libinit$$00000000  c_w.l(libinit.o)
    0x0800031e   0x00000004   Code   RO         6062    .ARM.Collect$$libinit$$00000001  c_w.l(libinit2.o)
    0x08000322   0x00000000   Code   RO         6065    .ARM.Collect$$libinit$$00000004  c_w.l(libinit2.o)
    0x08000322   0x00000000   Code   RO         6068    .ARM.Collect$$libinit$$0000000A  c_w.l(libinit2.o)
    0x08000322   0x00000000   Code   RO         6070    .ARM.Collect$$libinit$$0000000C  c_w.l(libinit2.o)
    0x08000322   0x00000000   Code   RO         6072    .ARM.Collect$$libinit$$0000000E  c_w.l(libinit2.o)
    0x08000322   0x00000006   Code   RO         6073    .ARM.Collect$$libinit$$0000000F  c_w.l(libinit2.o)
    0x08000328   0x00000000   Code   RO         6075    .ARM.Collect$$libinit$$00000011  c_w.l(libinit2.o)
    0x08000328   0x00000000   Code   RO         6077    .ARM.Collect$$libinit$$00000013  c_w.l(libinit2.o)
    0x08000328   0x00000000   Code   RO         6079    .ARM.Collect$$libinit$$00000015  c_w.l(libinit2.o)
    0x08000328   0x0000000a   Code   RO         6080    .ARM.Collect$$libinit$$00000016  c_w.l(libinit2.o)
    0x08000332   0x00000000   Code   RO         6081    .ARM.Collect$$libinit$$00000017  c_w.l(libinit2.o)
    0x08000332   0x00000000   Code   RO         6083    .ARM.Collect$$libinit$$00000019  c_w.l(libinit2.o)
    0x08000332   0x00000000   Code   RO         6085    .ARM.Collect$$libinit$$0000001B  c_w.l(libinit2.o)
    0x08000332   0x00000000   Code   RO         6087    .ARM.Collect$$libinit$$0000001D  c_w.l(libinit2.o)
    0x08000332   0x00000000   Code   RO         6089    .ARM.Collect$$libinit$$0000001F  c_w.l(libinit2.o)
    0x08000332   0x00000000   Code   RO         6091    .ARM.Collect$$libinit$$00000021  c_w.l(libinit2.o)
    0x08000332   0x00000000   Code   RO         6093    .ARM.Collect$$libinit$$00000023  c_w.l(libinit2.o)
    0x08000332   0x00000000   Code   RO         6095    .ARM.Collect$$libinit$$00000025  c_w.l(libinit2.o)
    0x08000332   0x00000000   Code   RO         6099    .ARM.Collect$$libinit$$0000002C  c_w.l(libinit2.o)
    0x08000332   0x00000000   Code   RO         6101    .ARM.Collect$$libinit$$0000002E  c_w.l(libinit2.o)
    0x08000332   0x00000000   Code   RO         6103    .ARM.Collect$$libinit$$00000030  c_w.l(libinit2.o)
    0x08000332   0x00000000   Code   RO         6105    .ARM.Collect$$libinit$$00000032  c_w.l(libinit2.o)
    0x08000332   0x00000002   Code   RO         6106    .ARM.Collect$$libinit$$00000033  c_w.l(libinit2.o)
    0x08000334   0x00000002   Code   RO         6150    .ARM.Collect$$libshutdown$$00000000  c_w.l(libshutdown.o)
    0x08000336   0x00000000   Code   RO         6169    .ARM.Collect$$libshutdown$$00000002  c_w.l(libshutdown2.o)
    0x08000336   0x00000000   Code   RO         6171    .ARM.Collect$$libshutdown$$00000004  c_w.l(libshutdown2.o)
    0x08000336   0x00000000   Code   RO         6174    .ARM.Collect$$libshutdown$$00000007  c_w.l(libshutdown2.o)
    0x08000336   0x00000000   Code   RO         6177    .ARM.Collect$$libshutdown$$0000000A  c_w.l(libshutdown2.o)
    0x08000336   0x00000000   Code   RO         6179    .ARM.Collect$$libshutdown$$0000000C  c_w.l(libshutdown2.o)
    0x08000336   0x00000000   Code   RO         6182    .ARM.Collect$$libshutdown$$0000000F  c_w.l(libshutdown2.o)
    0x08000336   0x00000002   Code   RO         6183    .ARM.Collect$$libshutdown$$00000010  c_w.l(libshutdown2.o)
    0x08000338   0x00000000   Code   RO         5910    .ARM.Collect$$rtentry$$00000000  c_w.l(__rtentry.o)
    0x08000338   0x00000000   Code   RO         5973    .ARM.Collect$$rtentry$$00000002  c_w.l(__rtentry2.o)
    0x08000338   0x00000006   Code   RO         5985    .ARM.Collect$$rtentry$$00000004  c_w.l(__rtentry4.o)
    0x0800033e   0x00000000   Code   RO         5975    .ARM.Collect$$rtentry$$00000009  c_w.l(__rtentry2.o)
    0x0800033e   0x00000004   Code   RO         5976    .ARM.Collect$$rtentry$$0000000A  c_w.l(__rtentry2.o)
    0x08000342   0x00000000   Code   RO         5978    .ARM.Collect$$rtentry$$0000000C  c_w.l(__rtentry2.o)
    0x08000342   0x00000008   Code   RO         5979    .ARM.Collect$$rtentry$$0000000D  c_w.l(__rtentry2.o)
    0x0800034a   0x00000002   Code   RO         6109    .ARM.Collect$$rtexit$$00000000  c_w.l(rtexit.o)
    0x0800034c   0x00000000   Code   RO         6124    .ARM.Collect$$rtexit$$00000002  c_w.l(rtexit2.o)
    0x0800034c   0x00000004   Code   RO         6125    .ARM.Collect$$rtexit$$00000003  c_w.l(rtexit2.o)
    0x08000350   0x00000006   Code   RO         6126    .ARM.Collect$$rtexit$$00000004  c_w.l(rtexit2.o)
    0x08000356   0x00000002   PAD
    0x08000358   0x00000040   Code   RO            4    .text               startup_stm32h750xx.o
    0x08000398   0x00000002   Code   RO         5763    .text               c_w.l(use_no_semi_2.o)
    0x0800039a   0x000000ee   Code   RO         5765    .text               c_w.l(lludivv7m.o)
    0x08000488   0x00000018   Code   RO         5769    .text               c_w.l(noretval__2printf.o)
    0x080004a0   0x00000068   Code   RO         5771    .text               c_w.l(__printf.o)
    0x08000508   0x00000078   Code   RO         5773    .text               c_w.l(_printf_dec.o)
    0x08000580   0x00000064   Code   RO         5798    .text               c_w.l(rt_memcpy_w.o)
    0x080005e4   0x00000006   Code   RO         5800    .text               c_w.l(heapauxi.o)
    0x080005ea   0x00000002   Code   RO         5908    .text               c_w.l(use_no_semi.o)
    0x080005ec   0x000000b2   Code   RO         5917    .text               c_w.l(_printf_intcommon.o)
    0x0800069e   0x0000041a   Code   RO         5919    .text               c_w.l(_printf_fp_dec.o)
    0x08000ab8   0x00000024   Code   RO         5921    .text               c_w.l(_printf_char_file.o)
    0x08000adc   0x00000008   Code   RO         5992    .text               c_w.l(rt_locale_intlibspace.o)
    0x08000ae4   0x0000008a   Code   RO         5999    .text               c_w.l(lludiv10.o)
    0x08000b6e   0x00000002   PAD
    0x08000b70   0x00000030   Code   RO         6001    .text               c_w.l(_printf_char_common.o)
    0x08000ba0   0x00000080   Code   RO         6003    .text               c_w.l(_printf_fp_infnan.o)
    0x08000c20   0x000000dc   Code   RO         6005    .text               c_w.l(bigflt0.o)
    0x08000cfc   0x00000008   Code   RO         6030    .text               c_w.l(ferror.o)
    0x08000d04   0x00000008   Code   RO         6041    .text               c_w.l(libspace.o)
    0x08000d0c   0x0000004a   Code   RO         6044    .text               c_w.l(sys_stackheap_outer.o)
    0x08000d56   0x00000012   Code   RO         6048    .text               c_w.l(exit.o)
    0x08000d68   0x00000068   Code   RO         6054    .text               c_w.l(strcmpv7m_pel.o)
    0x08000dd0   0x0000003e   Code   RO         6008    CL$$btod_d2e        c_w.l(btod.o)
    0x08000e0e   0x00000046   Code   RO         6010    CL$$btod_d2e_denorm_low  c_w.l(btod.o)
    0x08000e54   0x00000060   Code   RO         6009    CL$$btod_d2e_norm_op1  c_w.l(btod.o)
    0x08000eb4   0x00000338   Code   RO         6018    CL$$btod_div_common  c_w.l(btod.o)
    0x080011ec   0x000000c6   Code   RO         6015    CL$$btod_e2e        c_w.l(btod.o)
    0x080012b2   0x00000028   Code   RO         6012    CL$$btod_ediv       c_w.l(btod.o)
    0x080012da   0x00000028   Code   RO         6011    CL$$btod_emul       c_w.l(btod.o)
    0x08001302   0x00000244   Code   RO         6017    CL$$btod_mult_common  c_w.l(btod.o)
    0x08001546   0x00000002   Code   RO         5652    i.BusFault_Handler  stm32h7xx_it_1.o
    0x08001548   0x00000002   Code   RO         5653    i.DebugMon_Handler  stm32h7xx_it_1.o
    0x0800154a   0x00000006   Code   RO         4916    i.EXTI2_IRQHandler  hc-sr04.o
    0x08001550   0x00000360   Code   RO         3863    i.HAL_DMA_Abort     stm32h7xx_hal_dma.o
    0x080018b0   0x0000026c   Code   RO         3864    i.HAL_DMA_Abort_IT  stm32h7xx_hal_dma.o
    0x08001b1c   0x00000010   Code   RO           27    i.HAL_EnableCompensationCell  stm32h7xx_hal.o
    0x08001b2c   0x000000a4   Code   RO         4917    i.HAL_GPIO_EXTI_Callback  hc-sr04.o
    0x08001bd0   0x00000018   Code   RO          844    i.HAL_GPIO_EXTI_IRQHandler  stm32h7xx_hal_gpio.o
    0x08001be8   0x000001dc   Code   RO          845    i.HAL_GPIO_Init     stm32h7xx_hal_gpio.o
    0x08001dc4   0x0000000a   Code   RO          847    i.HAL_GPIO_ReadPin  stm32h7xx_hal_gpio.o
    0x08001dce   0x0000000a   Code   RO          849    i.HAL_GPIO_WritePin  stm32h7xx_hal_gpio.o
    0x08001dd8   0x0000000c   Code   RO           31    i.HAL_GetREVID      stm32h7xx_hal.o
    0x08001de4   0x0000000c   Code   RO           32    i.HAL_GetTick       stm32h7xx_hal.o
    0x08001df0   0x000000b8   Code   RO         4265    i.HAL_I2C_Init      stm32h7xx_hal_i2c.o
    0x08001ea8   0x00000158   Code   RO         4286    i.HAL_I2C_Mem_Write  stm32h7xx_hal_i2c.o
    0x08002000   0x00000060   Code   RO         5015    i.HAL_I2C_MspInit   mpu_6050.o
    0x08002060   0x00000010   Code   RO           38    i.HAL_IncTick       stm32h7xx_hal.o
    0x08002070   0x0000005c   Code   RO           39    i.HAL_Init          stm32h7xx_hal.o
    0x080020cc   0x00000040   Code   RO           40    i.HAL_InitTick      stm32h7xx_hal.o
    0x0800210c   0x00000002   Code   RO         5623    i.HAL_MspInit       stm32h7xx_hal_msp_1.o
    0x0800210e   0x0000001a   Code   RO          629    i.HAL_NVIC_ClearPendingIRQ  stm32h7xx_hal_cortex.o
    0x08002128   0x0000001a   Code   RO          631    i.HAL_NVIC_EnableIRQ  stm32h7xx_hal_cortex.o
    0x08002142   0x00000002   PAD
    0x08002144   0x00000040   Code   RO          637    i.HAL_NVIC_SetPriority  stm32h7xx_hal_cortex.o
    0x08002184   0x00000024   Code   RO          638    i.HAL_NVIC_SetPriorityGrouping  stm32h7xx_hal_cortex.o
    0x080021a8   0x00000024   Code   RO         1024    i.HAL_RCCEx_GetD3PCLK1Freq  stm32h7xx_hal_rcc_ex.o
    0x080021cc   0x0000013c   Code   RO         1026    i.HAL_RCCEx_GetPLL2ClockFreq  stm32h7xx_hal_rcc_ex.o
    0x08002308   0x0000013c   Code   RO         1027    i.HAL_RCCEx_GetPLL3ClockFreq  stm32h7xx_hal_rcc_ex.o
    0x08002444   0x00000270   Code   RO          909    i.HAL_RCC_ClockConfig  stm32h7xx_hal_rcc.o
    0x080026b4   0x00000044   Code   RO          914    i.HAL_RCC_GetHCLKFreq  stm32h7xx_hal_rcc.o
    0x080026f8   0x00000024   Code   RO          916    i.HAL_RCC_GetPCLK1Freq  stm32h7xx_hal_rcc.o
    0x0800271c   0x00000024   Code   RO          917    i.HAL_RCC_GetPCLK2Freq  stm32h7xx_hal_rcc.o
    0x08002740   0x00000130   Code   RO          918    i.HAL_RCC_GetSysClockFreq  stm32h7xx_hal_rcc.o
    0x08002870   0x0000056e   Code   RO          921    i.HAL_RCC_OscConfig  stm32h7xx_hal_rcc.o
    0x08002dde   0x00000018   Code   RO          640    i.HAL_SYSTICK_CLKSourceConfig  stm32h7xx_hal_cortex.o
    0x08002df6   0x00000028   Code   RO          642    i.HAL_SYSTICK_Config  stm32h7xx_hal_cortex.o
    0x08002e1e   0x00000062   Code   RO         1578    i.HAL_TIM_Base_Init  stm32h7xx_hal_tim.o
    0x08002e80   0x00000094   Code   RO         5277    i.HAL_TIM_Base_MspInit  timer.o
    0x08002f14   0x00000080   Code   RO         1581    i.HAL_TIM_Base_Start  stm32h7xx_hal_tim.o
    0x08002f94   0x00000026   Code   RO         1584    i.HAL_TIM_Base_Stop  stm32h7xx_hal_tim.o
    0x08002fba   0x00000002   PAD
    0x08002fbc   0x000000fc   Code   RO         1587    i.HAL_TIM_ConfigClockSource  stm32h7xx_hal_tim.o
    0x080030b8   0x0000006e   Code   RO         1627    i.HAL_TIM_OC_ConfigChannel  stm32h7xx_hal_tim.o
    0x08003126   0x00000062   Code   RO         1631    i.HAL_TIM_OC_Init   stm32h7xx_hal_tim.o
    0x08003188   0x00000002   Code   RO         5278    i.HAL_TIM_OC_MspInit  timer.o
    0x0800318a   0x00000002   PAD
    0x0800318c   0x0000011c   Code   RO         1634    i.HAL_TIM_OC_Start  stm32h7xx_hal_tim.o
    0x080032a8   0x00000124   Code   RO         1650    i.HAL_TIM_PWM_ConfigChannel  stm32h7xx_hal_tim.o
    0x080033cc   0x00000062   Code   RO         1653    i.HAL_TIM_PWM_Init  stm32h7xx_hal_tim.o
    0x0800342e   0x00000002   Code   RO         5237    i.HAL_TIM_PWM_MspInit  pwm.o
    0x08003430   0x0000011c   Code   RO         1658    i.HAL_TIM_PWM_Start  stm32h7xx_hal_tim.o
    0x0800354c   0x00000002   Code   RO         2970    i.HAL_UARTEx_RxEventCallback  stm32h7xx_hal_uart.o
    0x0800354e   0x00000002   Code   RO         3670    i.HAL_UARTEx_RxFifoFullCallback  stm32h7xx_hal_uart_ex.o
    0x08003550   0x00000002   Code   RO         3674    i.HAL_UARTEx_TxFifoEmptyCallback  stm32h7xx_hal_uart_ex.o
    0x08003552   0x00000002   Code   RO         3675    i.HAL_UARTEx_WakeupCallback  stm32h7xx_hal_uart_ex.o
    0x08003554   0x00000002   Code   RO         2986    i.HAL_UART_ErrorCallback  stm32h7xx_hal_uart.o
    0x08003556   0x0000000c   Code   RO         2988    i.HAL_UART_GetState  stm32h7xx_hal_uart.o
    0x08003562   0x00000002   PAD
    0x08003564   0x00000384   Code   RO         2989    i.HAL_UART_IRQHandler  stm32h7xx_hal_uart.o
    0x080038e8   0x0000006a   Code   RO         2990    i.HAL_UART_Init     stm32h7xx_hal_uart.o
    0x08003952   0x00000002   PAD
    0x08003954   0x00000080   Code   RO         5322    i.HAL_UART_MspInit  usart.o
    0x080039d4   0x00000048   Code   RO         2995    i.HAL_UART_Receive_IT  stm32h7xx_hal_uart.o
    0x08003a1c   0x00000058   Code   RO         5323    i.HAL_UART_RxCpltCallback  usart.o
    0x08003a74   0x00000002   Code   RO         3002    i.HAL_UART_TxCpltCallback  stm32h7xx_hal_uart.o
    0x08003a76   0x00000002   PAD
    0x08003a78   0x00000060   Code   RO         4918    i.HC_SR04_GPIO_Init  hc-sr04.o
    0x08003ad8   0x00000028   Code   RO         4920    i.HC_SR04_Start     hc-sr04.o
    0x08003b00   0x00000050   Code   RO         4921    i.HC_SR04_TIM7_Init  hc-sr04.o
    0x08003b50   0x00000002   Code   RO         5654    i.HardFault_Handler  stm32h7xx_it_1.o
    0x08003b52   0x00000022   Code   RO         4312    i.I2C_Flush_TXDR    stm32h7xx_hal_i2c.o
    0x08003b74   0x00000108   Code   RO         4320    i.I2C_IsErrorOccurred  stm32h7xx_hal_i2c.o
    0x08003c7c   0x00000064   Code   RO         4326    i.I2C_RequestMemoryWrite  stm32h7xx_hal_i2c.o
    0x08003ce0   0x00000030   Code   RO         4329    i.I2C_TransferConfig  stm32h7xx_hal_i2c.o
    0x08003d10   0x0000006e   Code   RO         4331    i.I2C_WaitOnFlagUntilTimeout  stm32h7xx_hal_i2c.o
    0x08003d7e   0x00000058   Code   RO         4333    i.I2C_WaitOnSTOPFlagUntilTimeout  stm32h7xx_hal_i2c.o
    0x08003dd6   0x0000005c   Code   RO         4334    i.I2C_WaitOnTXISFlagUntilTimeout  stm32h7xx_hal_i2c.o
    0x08003e32   0x00000002   PAD
    0x08003e34   0x000000c4   Code   RO         5019    i.MPU_Init          mpu_6050.o
    0x08003ef8   0x00000002   Code   RO         5655    i.MemManage_Handler  stm32h7xx_it_1.o
    0x08003efa   0x00000002   Code   RO         5656    i.NMI_Handler       stm32h7xx_it_1.o
    0x08003efc   0x00000074   Code   RO         5279    i.OC_Init           timer.o
    0x08003f70   0x00000034   Code   RO         5092    i.OC_servo_Init     servo.o
    0x08003fa4   0x00000068   Code   RO         5238    i.PWM_Init          pwm.o
    0x0800400c   0x00000034   Code   RO         5093    i.PWM_servo_Init    servo.o
    0x08004040   0x00000002   Code   RO         5657    i.PendSV_Handler    stm32h7xx_it_1.o
    0x08004042   0x00000002   Code   RO         5658    i.SVC_Handler       stm32h7xx_it_1.o
    0x08004044   0x000000bc   Code   RO         5186    i.Stm32_Clock_Init  sys.o
    0x08004100   0x00000004   Code   RO         5659    i.SysTick_Handler   stm32h7xx_it_1.o
    0x08004104   0x00000098   Code   RO         5728    i.SystemInit        system_stm32h7xx_1.o
    0x0800419c   0x00000044   Code   RO         5280    i.TIM2_Init         timer.o
    0x080041e0   0x0000004c   Code   RO         5094    i.TIM4_Init         servo.o
    0x0800422c   0x000000c0   Code   RO         1671    i.TIM_Base_SetConfig  stm32h7xx_hal_tim.o
    0x080042ec   0x0000001a   Code   RO         1672    i.TIM_CCxChannelCmd  stm32h7xx_hal_tim.o
    0x08004306   0x00000014   Code   RO         1682    i.TIM_ETR_SetConfig  stm32h7xx_hal_tim.o
    0x0800431a   0x00000002   PAD
    0x0800431c   0x00000014   Code   RO         1683    i.TIM_ITRx_SetConfig  stm32h7xx_hal_tim.o
    0x08004330   0x0000009c   Code   RO         1684    i.TIM_OC1_SetConfig  stm32h7xx_hal_tim.o
    0x080043cc   0x00000090   Code   RO         1685    i.TIM_OC2_SetConfig  stm32h7xx_hal_tim.o
    0x0800445c   0x00000090   Code   RO         1686    i.TIM_OC3_SetConfig  stm32h7xx_hal_tim.o
    0x080044ec   0x00000074   Code   RO         1687    i.TIM_OC4_SetConfig  stm32h7xx_hal_tim.o
    0x08004560   0x00000070   Code   RO         1688    i.TIM_OC5_SetConfig  stm32h7xx_hal_tim.o
    0x080045d0   0x00000070   Code   RO         1689    i.TIM_OC6_SetConfig  stm32h7xx_hal_tim.o
    0x08004640   0x00000022   Code   RO         1691    i.TIM_TI1_ConfigInputStage  stm32h7xx_hal_tim.o
    0x08004662   0x00000024   Code   RO         1693    i.TIM_TI2_ConfigInputStage  stm32h7xx_hal_tim.o
    0x08004686   0x000000c8   Code   RO         3004    i.UART_AdvFeatureConfig  stm32h7xx_hal_uart.o
    0x0800474e   0x000000ac   Code   RO         3005    i.UART_CheckIdleState  stm32h7xx_hal_uart.o
    0x080047fa   0x00000014   Code   RO         3006    i.UART_DMAAbortOnError  stm32h7xx_hal_uart.o
    0x0800480e   0x00000002   PAD
    0x08004810   0x00000054   Code   RO         3016    i.UART_EndRxTransfer  stm32h7xx_hal_uart.o
    0x08004864   0x000000c8   Code   RO         3018    i.UART_RxISR_16BIT  stm32h7xx_hal_uart.o
    0x0800492c   0x0000019c   Code   RO         3019    i.UART_RxISR_16BIT_FIFOEN  stm32h7xx_hal_uart.o
    0x08004ac8   0x000000c8   Code   RO         3020    i.UART_RxISR_8BIT   stm32h7xx_hal_uart.o
    0x08004b90   0x0000019c   Code   RO         3021    i.UART_RxISR_8BIT_FIFOEN  stm32h7xx_hal_uart.o
    0x08004d2c   0x0000039c   Code   RO         3022    i.UART_SetConfig    stm32h7xx_hal_uart.o
    0x080050c8   0x00000110   Code   RO         3024    i.UART_Start_Receive_IT  stm32h7xx_hal_uart.o
    0x080051d8   0x0000008a   Code   RO         3029    i.UART_WaitOnFlagUntilTimeout  stm32h7xx_hal_uart.o
    0x08005262   0x00000002   PAD
    0x08005264   0x00000044   Code   RO         5324    i.USART1_IRQHandler  usart.o
    0x080052a8   0x00000002   Code   RO         5660    i.UsageFault_Handler  stm32h7xx_it_1.o
    0x080052aa   0x00000030   Code   RO         5950    i.__ARM_fpclassify  m_wv.l(fpclassify.o)
    0x080052da   0x00000020   Code   RO          644    i.__NVIC_SetPriority  stm32h7xx_hal_cortex.o
    0x080052fa   0x00000002   Code   RO         5325    i._sys_exit         usart.o
    0x080052fc   0x00000014   Code   RO         5143    i.delay_init        delay.o
    0x08005310   0x00000034   Code   RO         5145    i.delay_us          delay.o
    0x08005344   0x00000014   Code   RO         5327    i.fputc             usart.o
    0x08005358   0x00000038   Code   RO         4922    i.led_init          hc-sr04.o
    0x08005390   0x0000004a   Code   RO         5397    i.main              main_1.o
    0x080053da   0x00000018   Code   RO         4858    i.motor_left_ctl    motor.o
    0x080053f2   0x00000018   Code   RO         4859    i.motor_right_ctl   motor.o
    0x0800540a   0x00000002   PAD
    0x0800540c   0x0000009c   Code   RO         5398    i.obstruction_info  main_1.o
    0x080054a8   0x00000012   Code   RO         5239    i.pwm               pwm.o
    0x080054ba   0x00000012   Code   RO         5095    i.servo_pwm         servo.o
    0x080054cc   0x0000000c   Code   RO         5096    i.servo_setangle    servo.o
    0x080054d8   0x00000038   Code   RO         5328    i.uart_init         usart.o
    0x08005510   0x0000002c   Code   RO         6035    locale$$code        c_w.l(lc_numeric_c.o)
    0x0800553c   0x0000000a   Code   RO         6119    x$fpl$fpinit        fz_wv.l(fpinit.o)
    0x08005546   0x00000004   Code   RO         5804    x$fpl$printf1       fz_wv.l(printf1.o)
    0x0800554a   0x00000000   Code   RO         5926    x$fpl$usenofp       fz_wv.l(usenofp.o)
    0x0800554a   0x00000018   Data   RO         3030    .constdata          stm32h7xx_hal_uart.o
    0x08005562   0x00000010   Data   RO         5729    .constdata          system_stm32h7xx_1.o
    0x08005572   0x00000002   PAD
    0x08005574   0x00000094   Data   RO         6006    .constdata          c_w.l(bigflt0.o)
    0x08005608   0x00000020   Data   RO         6184    Region$$Table       anon$$obj.o
    0x08005628   0x0000001c   Data   RO         6034    locale$$data        c_w.l(lc_numeric_c.o)


    Execution Region RW_IRAM1 (Base: 0x20000000, Size: 0x00000000, Max: 0x00020000, ABSOLUTE)

    **** No section assigned to this execution region ****


    Execution Region RW_IRAM2 (Base: 0x24000000, Size: 0x00000998, Max: 0x00080000, ABSOLUTE)

    Base Addr    Size         Type   Attr      Idx    E Section Name        Object

    0x24000000   0x0000000c   Data   RW           61    .data               stm32h7xx_hal.o
    0x2400000c   0x00000008   Data   RW         4929    .data               hc-sr04.o
    0x24000014   0x0000000a   Data   RW         5024    .data               mpu_6050.o
    0x2400001e   0x00000002   PAD
    0x24000020   0x00000004   Data   RW         5146    .data               delay.o
    0x24000024   0x00000004   Data   RW         5330    .data               usart.o
    0x24000028   0x00000004   Data   RW         5331    .data               usart.o
    0x2400002c   0x00000008   Data   RW         5400    .data               main_1.o
    0x24000034   0x00000008   Data   RW         5730    .data               system_stm32h7xx_1.o
    0x2400003c   0x0000004c   Zero   RW         4926    .bss                hc-sr04.o
    0x24000088   0x00000054   Zero   RW         5023    .bss                mpu_6050.o
    0x240000dc   0x00000068   Zero   RW         5097    .bss                servo.o
    0x24000144   0x00000068   Zero   RW         5281    .bss                timer.o
    0x240001ac   0x0000015c   Zero   RW         5329    .bss                usart.o
    0x24000308   0x00000030   Zero   RW         5399    .bss                main_1.o
    0x24000338   0x00000060   Zero   RW         6042    .bss                c_w.l(libspace.o)
    0x24000398   0x00000200   Zero   RW            2    HEAP                startup_stm32h750xx.o
    0x24000598   0x00000400   Zero   RW            1    STACK               startup_stm32h750xx.o


==============================================================================

Image component sizes


      Code (inc. data)   RO Data    RW Data    ZI Data      Debug   Object Name

        72          8          0          4          0       1328   delay.o
       442         60          0          8         76       5078   hc-sr04.o
       230         66          0          8         48       1941   main_1.o
        48          0          0          0          0       1309   motor.o
       292         30          0         10         84       2213   mpu_6050.o
       124          8          0          0          0       1818   pwm.o
       210         24          0          0        104       2821   servo.o
        64         26        664          0       1536        844   startup_stm32h750xx.o
       212         44          0         12          0    1310285   stm32h7xx_hal.o
       248         14          0          0          0      40576   stm32h7xx_hal_cortex.o
      1484         28          0          0          0       3699   stm32h7xx_hal_dma.o
       520         50          0          0          0       3470   stm32h7xx_hal_gpio.o
      1264         26          0          0          0      10071   stm32h7xx_hal_i2c.o
         2          0          0          0          0        426   stm32h7xx_hal_msp_1.o
      2458        126          0          0          0       7112   stm32h7xx_hal_rcc.o
       668         62          0          0          0       3045   stm32h7xx_hal_rcc_ex.o
      2794        312          0          0          0      18375   stm32h7xx_hal_tim.o
      4130        184         24          0          0      36718   stm32h7xx_hal_uart.o
         6          0          0          0          0       2205   stm32h7xx_hal_uart_ex.o
        20          0          0          0          0       3814   stm32h7xx_it_1.o
       188         14          0          0          0       1207   sys.o
       152         20         16          8          0       1138   system_stm32h7xx_1.o
       334         24          0          0        104       2941   timer.o
       362         56          0          8        348       5389   usart.o

    ----------------------------------------------------------------------
     16346       1182        738         60       2300    1467823   Object Totals
         0          0         32          0          0          0   (incl. Generated)
        22          0          2          2          0          0   (incl. Padding)

    ----------------------------------------------------------------------

      Code (inc. data)   RO Data    RW Data    ZI Data      Debug   Library Member Name

         8          0          0          0          0         68   __main.o
       104          0          0          0          0         84   __printf.o
         0          0          0          0          0          0   __rtentry.o
        12          0          0          0          0          0   __rtentry2.o
         6          0          0          0          0          0   __rtentry4.o
        52          8          0          0          0          0   __scatter.o
        26          0          0          0          0          0   __scatter_copy.o
        28          0          0          0          0          0   __scatter_zi.o
        48          6          0          0          0         96   _printf_char_common.o
        36          4          0          0          0         80   _printf_char_file.o
         6          0          0          0          0          0   _printf_d.o
       120         16          0          0          0         92   _printf_dec.o
         6          0          0          0          0          0   _printf_f.o
      1050          0          0          0          0        216   _printf_fp_dec.o
       128         16          0          0          0         84   _printf_fp_infnan.o
       178          0          0          0          0         88   _printf_intcommon.o
         0          0          0          0          0          0   _printf_percent.o
         4          0          0          0          0          0   _printf_percent_end.o
       220          4        148          0          0         96   bigflt0.o
      1910        128          0          0          0        672   btod.o
        18          0          0          0          0         80   exit.o
         8          0          0          0          0         68   ferror.o
         6          0          0          0          0        152   heapauxi.o
        44         10         28          0          0         76   lc_numeric_c.o
         2          0          0          0          0          0   libinit.o
        22          0          0          0          0          0   libinit2.o
         2          0          0          0          0          0   libshutdown.o
         2          0          0          0          0          0   libshutdown2.o
         8          4          0          0         96         68   libspace.o
       138          0          0          0          0         80   lludiv10.o
       238          0          0          0          0        100   lludivv7m.o
        24          4          0          0          0         84   noretval__2printf.o
         8          4          0          0          0         68   rt_locale_intlibspace.o
       100          0          0          0          0         80   rt_memcpy_w.o
         2          0          0          0          0          0   rtexit.o
        10          0          0          0          0          0   rtexit2.o
       104          0          0          0          0         68   strcmpv7m_pel.o
        74          0          0          0          0         80   sys_stackheap_outer.o
         2          0          0          0          0         68   use_no_semi.o
         2          0          0          0          0         68   use_no_semi_2.o
        10          0          0          0          0        116   fpinit.o
         4          0          0          0          0        116   printf1.o
         0          0          0          0          0          0   usenofp.o
        48          0          0          0          0        124   fpclassify.o

    ----------------------------------------------------------------------
      4824        204        176          0         96       3072   Library Totals
         6          0          0          0          0          0   (incl. Padding)

    ----------------------------------------------------------------------

      Code (inc. data)   RO Data    RW Data    ZI Data      Debug   Library Name

      4756        204        176          0         96       2716   c_w.l
        14          0          0          0          0        232   fz_wv.l
        48          0          0          0          0        124   m_wv.l

    ----------------------------------------------------------------------
      4824        204        176          0         96       3072   Library Totals

    ----------------------------------------------------------------------

==============================================================================


      Code (inc. data)   RO Data    RW Data    ZI Data      Debug   

     21170       1386        914         60       2396    1457739   Grand Totals
     21170       1386        914         60       2396    1457739   ELF Image Totals
     21170       1386        914         60          0          0   ROM Totals

==============================================================================

    Total RO  Size (Code + RO Data)                22084 (  21.57kB)
    Total RW  Size (RW Data + ZI Data)              2456 (   2.40kB)
    Total ROM Size (Code + RO Data + RW Data)      22144 (  21.63kB)

==============================================================================

